2024-11-16 17:52:19,884 21440 INFO ? odoo: Odoo version 16.0 
2024-11-16 17:52:19,884 21440 INFO ? odoo: Using configuration file at D:\opt\odoo\odoo.conf 
2024-11-16 17:52:19,884 21440 INFO ? odoo: addons paths: ['D:\\opt\\odoo\\odoo\\addons', 'c:\\users\\hp\\appdata\\local\\openerp s.a\\odoo\\addons\\16.0', 'd:\\opt\\odoo\\addons', 'd:\\opt\\odoo\\odoo\\addons'] 
2024-11-16 17:52:19,884 21440 INFO ? odoo: database: admin@localhost:5432 
2024-11-16 17:52:20,234 21440 INFO ? odoo.addons.base.models.ir_actions_report: You need Wkhtmltopdf to print a pdf version of the reports. 
2024-11-16 17:52:20,883 21440 INFO ? odoo.service.server: HTTP service (werkzeug) running on DESKTOP-R4S48H9:8069 
2024-11-16 17:53:18,103 21440 INFO ? werkzeug: 127.0.0.1 - - [16/Nov/2024 17:53:18] "GET / HTTP/1.1" 303 - 1 0.010 0.160
2024-11-16 17:53:18,265 21440 INFO ? werkzeug: 127.0.0.1 - - [16/Nov/2024 17:53:18] "GET /web HTTP/1.1" 303 - 2 0.019 0.132
2024-11-16 17:53:26,051 21440 INFO ? werkzeug: 127.0.0.1 - - [16/Nov/2024 17:53:26] "GET /web/database/selector HTTP/1.1" 200 - 6 0.187 7.591
2024-11-16 17:53:26,520 21440 INFO ? werkzeug: 127.0.0.1 - - [16/Nov/2024 17:53:26] "GET /web/static/lib/bootstrap/dist/css/bootstrap.css HTTP/1.1" 200 - 1 0.008 0.332
2024-11-16 17:53:26,521 21440 INFO ? werkzeug: 127.0.0.1 - - [16/Nov/2024 17:53:26] "GET /web/static/src/libs/fontawesome/css/font-awesome.css HTTP/1.1" 200 - 1 0.006 0.337
2024-11-16 17:53:26,531 21440 INFO ? werkzeug: 127.0.0.1 - - [16/Nov/2024 17:53:26] "GET /web/static/lib/bootstrap/js/dist/dom/data.js HTTP/1.1" 200 - 1 0.007 0.338
2024-11-16 17:53:26,535 21440 INFO ? werkzeug: 127.0.0.1 - - [16/Nov/2024 17:53:26] "GET /web/static/lib/bootstrap/js/dist/dom/manipulator.js HTTP/1.1" 200 - 1 0.010 0.335
2024-11-16 17:53:26,561 21440 INFO ? werkzeug: 127.0.0.1 - - [16/Nov/2024 17:53:26] "GET /web/static/lib/bootstrap/js/dist/dom/event-handler.js HTTP/1.1" 200 - 1 0.008 0.365
2024-11-16 17:53:26,582 21440 INFO ? werkzeug: 127.0.0.1 - - [16/Nov/2024 17:53:26] "GET /web/static/lib/jquery/jquery.js HTTP/1.1" 200 - 1 0.008 0.391
2024-11-16 17:53:26,933 21440 INFO ? werkzeug: 127.0.0.1 - - [16/Nov/2024 17:53:26] "GET /web/static/lib/bootstrap/js/dist/dom/selector-engine.js HTTP/1.1" 200 - 1 0.011 0.400
2024-11-16 17:53:26,940 21440 INFO ? werkzeug: 127.0.0.1 - - [16/Nov/2024 17:53:26] "GET /web/static/src/public/database_manager.js HTTP/1.1" 200 - 1 0.016 0.384
2024-11-16 17:53:26,941 21440 INFO ? werkzeug: 127.0.0.1 - - [16/Nov/2024 17:53:26] "GET /web/static/lib/bootstrap/js/dist/base-component.js HTTP/1.1" 200 - 1 0.008 0.408
2024-11-16 17:53:26,958 21440 INFO ? werkzeug: 127.0.0.1 - - [16/Nov/2024 17:53:26] "GET /web/static/lib/bootstrap/js/dist/modal.js HTTP/1.1" 200 - 1 0.010 0.412
2024-11-16 17:53:27,030 21440 INFO ? werkzeug: 127.0.0.1 - - [16/Nov/2024 17:53:27] "GET /web/static/img/logo2.png HTTP/1.1" 200 - 1 0.009 0.061
2024-11-16 17:53:27,327 21440 INFO ? werkzeug: 127.0.0.1 - - [16/Nov/2024 17:53:27] "GET /web/static/img/favicon.ico HTTP/1.1" 200 - 1 0.009 0.234
2024-11-16 17:53:49,357 21440 INFO ? werkzeug: 127.0.0.1 - - [16/Nov/2024 17:53:49] "GET /web?db=pharmacie HTTP/1.1" 302 - 1 0.020 0.142
2024-11-16 17:53:49,449 21440 INFO pharmacie odoo.modules.loading: loading 1 modules... 
2024-11-16 17:53:49,462 21440 INFO pharmacie odoo.modules.loading: 1 modules loaded in 0.01s, 0 queries (+0 extra) 
2024-11-16 17:53:49,489 21440 INFO pharmacie odoo.modules.loading: loading 69 modules... 
2024-11-16 17:54:02,731 21440 INFO pharmacie odoo.modules.loading: 69 modules loaded in 13.24s, 0 queries (+0 extra) 
2024-11-16 17:54:03,067 21440 INFO pharmacie odoo.modules.loading: Modules loaded. 
2024-11-16 17:54:03,082 21440 INFO pharmacie odoo.modules.registry: Registry loaded in 13.697s 
2024-11-16 17:54:03,083 21440 INFO pharmacie odoo.addons.base.models.ir_http: Generating routing map for key None 
2024-11-16 17:54:03,297 21440 INFO pharmacie werkzeug: 127.0.0.1 - - [16/Nov/2024 17:54:03] "GET /web?db=pharmacie HTTP/1.1" 303 - 21 0.258 13.669
2024-11-16 17:54:21,542 21440 INFO pharmacie odoo.addons.base.models.ir_cron: Starting job `Procurement: run scheduler`. 
2024-11-16 17:54:21,846 21440 INFO pharmacie odoo.addons.stock.models.stock_rule: _run_scheduler_tasks is finished and committed 
2024-11-16 17:54:23,446 21440 INFO pharmacie odoo.addons.base.models.ir_cron: Starting job `Base: Auto-vacuum internal data`. 
2024-11-16 17:54:23,520 21440 INFO pharmacie odoo.addons.base.models.ir_attachment: filestore gc 0 checked, 0 removed 
2024-11-16 17:54:23,651 21440 INFO pharmacie odoo.addons.base.models.res_users: GC'd 1 user log entries 
2024-11-16 17:54:23,674 21440 INFO pharmacie odoo.addons.base.models.ir_cron: Job `Procurement: run scheduler` done. 
2024-11-16 17:54:23,703 21440 INFO pharmacie odoo.addons.base.models.ir_cron: Starting job `Users: Notify About Unregistered Users`. 
2024-11-16 17:54:23,737 21440 INFO pharmacie odoo.addons.base.models.ir_cron: Job `Users: Notify About Unregistered Users` done. 
2024-11-16 17:54:23,744 21440 INFO pharmacie odoo.models.unlink: User #1 deleted base.language.install records with IDs: [1] 
2024-11-16 17:54:23,746 21440 INFO pharmacie odoo.addons.base.models.ir_cron: Starting job `HR Employee: check work permit validity`. 
2024-11-16 17:54:23,768 21440 INFO pharmacie odoo.models.unlink: User #1 deleted base.module.uninstall records with IDs: [1, 2, 3] 
2024-11-16 17:54:23,773 21440 INFO pharmacie odoo.addons.base.models.ir_cron: Job `HR Employee: check work permit validity` done. 
2024-11-16 17:54:23,786 21440 INFO pharmacie odoo.addons.base.models.ir_cron: Starting job `Mail: Email Queue Manager`. 
2024-11-16 17:54:23,795 21440 INFO pharmacie odoo.addons.auth_totp.models.auth_totp: GC'd 0 totp devices entries 
2024-11-16 17:54:23,842 21440 INFO pharmacie odoo.models.unlink: User #1 deleted bus.bus records with IDs: [1, 2, 3, 4, 5, 6, 7, 8, 9, 10, 11, 12, 13, 14, 15, 16, 17, 18, 19, 20, 21, 22, 23, 24, 25, 26, 27, 28, 29, 30, 31, 32, 33, 34, 35, 36, 37, 38, 39, 40, 41, 42, 43, 44, 45, 46, 47, 48, 49, 50, 51, 52, 53, 54, 55, 56, 57, 58, 59, 60, 61, 62, 63, 64, 65, 66, 67, 68, 69, 70, 71, 72, 73, 74, 75, 76, 77, 78, 79, 80, 81, 82, 83, 84, 85, 86, 87, 88, 89, 90, 91, 92, 93, 94, 95, 96, 97, 98, 99, 100, 101, 102, 103, 104, 105, 106, 107, 108, 109, 110, 111, 112, 113, 114, 115, 116, 117, 118, 119, 120, 121, 122, 123, 124, 125, 126, 127] 
2024-11-16 17:54:23,922 21440 INFO pharmacie odoo.models.unlink: User #1 deleted mail.compose.message records with IDs: [1, 2, 3, 4, 5, 6, 7, 8] 
2024-11-16 17:54:24,306 21440 INFO pharmacie odoo.models.unlink: User #1 deleted stock.change.product.qty records with IDs: [1, 2, 3, 4] 
2024-11-16 17:54:24,330 21440 INFO pharmacie odoo.models.unlink: User #1 deleted stock.inventory.adjustment.name records with IDs: [1, 2] 
2024-11-16 17:54:24,355 21440 INFO pharmacie odoo.models.unlink: User #1 deleted stock.immediate.transfer.line records with IDs: [1] 
2024-11-16 17:54:24,375 21440 INFO pharmacie odoo.models.unlink: User #1 deleted stock.immediate.transfer records with IDs: [1] 
2024-11-16 17:54:24,389 21440 INFO pharmacie odoo.models.unlink: User #1 deleted stock.backorder.confirmation.line records with IDs: [1] 
2024-11-16 17:54:24,410 21440 INFO pharmacie odoo.models.unlink: User #1 deleted stock.backorder.confirmation records with IDs: [1] 
2024-11-16 17:54:24,537 21440 INFO pharmacie odoo.addons.base.models.ir_cron: Job `Base: Auto-vacuum internal data` done. 
2024-11-16 17:54:24,551 21440 INFO pharmacie odoo.addons.base.models.ir_cron: Starting job `Partner Autocomplete : Sync with remote DB`. 
2024-11-16 17:54:24,557 21440 INFO pharmacie odoo.addons.base.models.ir_cron: Job `Partner Autocomplete : Sync with remote DB` done. 
2024-11-16 17:54:24,568 21440 INFO pharmacie odoo.addons.base.models.ir_cron: Starting job `SMS: SMS Queue Manager`. 
2024-11-16 17:54:24,580 21440 INFO pharmacie odoo.addons.base.models.ir_cron: Job `SMS: SMS Queue Manager` done. 
2024-11-16 17:54:24,592 21440 INFO pharmacie odoo.addons.base.models.ir_cron: Starting job `Snailmail: process letters queue`. 
2024-11-16 17:54:24,599 21440 INFO pharmacie odoo.addons.base.models.ir_cron: Job `Snailmail: process letters queue` done. 
2024-11-16 17:54:24,619 21440 INFO pharmacie odoo.addons.base.models.ir_cron: Starting job `payment: post-process transactions`. 
2024-11-16 17:54:24,633 21440 INFO pharmacie odoo.addons.base.models.ir_cron: Job `payment: post-process transactions` done. 
2024-11-16 17:54:24,642 21440 INFO pharmacie odoo.addons.base.models.ir_cron: Starting job `Digest Emails`. 
2024-11-16 17:54:25,139 21440 INFO pharmacie odoo.addons.base.models.ir_cron: Job `Digest Emails` done. 
2024-11-16 17:54:25,149 21440 INFO pharmacie odoo.addons.base.models.ir_cron: Starting job `Purchase reminder`. 
2024-11-16 17:54:25,186 21440 INFO pharmacie odoo.addons.base.models.ir_cron: Job `Purchase reminder` done. 
2024-11-16 17:54:25,189 21440 INFO pharmacie odoo.addons.base.models.ir_cron: Starting job `Purchase reminder`. 
2024-11-16 17:54:25,192 21440 INFO pharmacie odoo.addons.base.models.ir_cron: Job `Purchase reminder` done. 
2024-11-16 17:54:25,193 21440 INFO pharmacie odoo.addons.base.models.ir_cron: Starting job `Purchase reminder`. 
2024-11-16 17:54:25,196 21440 INFO pharmacie odoo.addons.base.models.ir_cron: Job `Purchase reminder` done. 
2024-11-16 17:54:25,197 21440 INFO pharmacie odoo.addons.base.models.ir_cron: Starting job `Purchase reminder`. 
2024-11-16 17:54:25,199 21440 INFO pharmacie odoo.addons.base.models.ir_cron: Job `Purchase reminder` done. 
2024-11-16 17:54:25,201 21440 INFO pharmacie odoo.addons.base.models.ir_cron: Starting job `Purchase reminder`. 
2024-11-16 17:54:25,203 21440 INFO pharmacie odoo.addons.base.models.ir_cron: Job `Purchase reminder` done. 
2024-11-16 17:54:25,205 21440 INFO pharmacie odoo.addons.base.models.ir_cron: Starting job `Purchase reminder`. 
2024-11-16 17:54:25,207 21440 INFO pharmacie odoo.addons.base.models.ir_cron: Job `Purchase reminder` done. 
2024-11-16 17:54:25,209 21440 INFO pharmacie odoo.addons.base.models.ir_cron: Starting job `Purchase reminder`. 
2024-11-16 17:54:25,211 21440 INFO pharmacie odoo.addons.base.models.ir_cron: Job `Purchase reminder` done. 
2024-11-16 17:54:25,212 21440 INFO pharmacie odoo.addons.base.models.ir_cron: Starting job `Purchase reminder`. 
2024-11-16 17:54:25,214 21440 INFO pharmacie odoo.addons.base.models.ir_cron: Job `Purchase reminder` done. 
2024-11-16 17:54:25,216 21440 INFO pharmacie odoo.addons.base.models.ir_cron: Starting job `Purchase reminder`. 
2024-11-16 17:54:25,218 21440 INFO pharmacie odoo.addons.base.models.ir_cron: Job `Purchase reminder` done. 
2024-11-16 17:54:25,220 21440 INFO pharmacie odoo.addons.base.models.ir_cron: Starting job `Purchase reminder`. 
2024-11-16 17:54:25,222 21440 INFO pharmacie odoo.addons.base.models.ir_cron: Job `Purchase reminder` done. 
2024-11-16 17:54:25,224 21440 INFO pharmacie odoo.addons.base.models.ir_cron: Starting job `Purchase reminder`. 
2024-11-16 17:54:25,226 21440 INFO pharmacie odoo.addons.base.models.ir_cron: Job `Purchase reminder` done. 
2024-11-16 17:54:25,234 21440 INFO pharmacie odoo.addons.base.models.ir_cron: Starting job `Account: Post draft entries with auto_post enabled and accounting date up to today`. 
2024-11-16 17:54:25,250 21440 INFO pharmacie odoo.addons.base.models.ir_cron: Job `Account: Post draft entries with auto_post enabled and accounting date up to today` done. 
2024-11-16 17:54:25,258 21440 INFO pharmacie odoo.addons.base.models.ir_cron: Starting job `Gamification: Goal Challenge Check`. 
2024-11-16 17:54:25,324 21440 INFO pharmacie odoo.addons.base.models.ir_cron: Job `Gamification: Goal Challenge Check` done. 
2024-11-16 17:54:25,335 21440 INFO pharmacie odoo.addons.base.models.ir_cron: Starting job `Notification: Send scheduled message notifications`. 
2024-11-16 17:54:25,342 21440 INFO pharmacie odoo.addons.base.models.ir_cron: Job `Notification: Send scheduled message notifications` done. 
2024-11-16 17:54:25,350 21440 INFO pharmacie odoo.addons.base.models.ir_cron: Starting job `Notification: Delete Notifications older than 6 Month`. 
2024-11-16 17:54:25,368 21440 INFO pharmacie odoo.addons.base.models.ir_cron: Job `Notification: Delete Notifications older than 6 Month` done. 
2024-11-16 17:54:25,377 21440 INFO pharmacie odoo.addons.base.models.ir_cron: Starting job `Publisher: Update Notification`. 
2024-11-16 17:54:25,655 21440 INFO pharmacie odoo.addons.base.models.ir_cron: Job `Publisher: Update Notification` done. 
2024-11-16 17:54:27,949 21440 INFO pharmacie odoo.addons.base.models.ir_cron: Job `Mail: Email Queue Manager` done. 
2024-11-16 17:54:31,681 21440 INFO ? odoo.service.server: Initiating shutdown 
2024-11-16 17:54:31,681 21440 INFO ? odoo.service.server: Hit CTRL-C again or send a second signal to force the shutdown. 
2024-11-16 17:54:31,698 21440 INFO ? odoo.sql_db: ConnectionPool(used=0/count=0/max=64): Closed 9 connections  
2024-11-16 17:55:10,702 1380 INFO ? odoo: Odoo version 16.0 
2024-11-16 17:55:10,702 1380 INFO ? odoo: Using configuration file at D:\opt\odoo\odoo-config\odoo.conf 
2024-11-16 17:55:10,703 1380 INFO ? odoo: addons paths: ['D:\\opt\\odoo\\odoo\\addons', 'c:\\users\\hp\\appdata\\local\\openerp s.a\\odoo\\addons\\16.0', 'd:\\opt\\odoo\\addons', 'd:\\opt\\odoo\\odoo\\addons'] 
2024-11-16 17:55:10,703 1380 INFO ? odoo: database: admin@localhost:5432 
2024-11-16 17:55:11,173 1380 INFO ? odoo.addons.base.models.ir_actions_report: You need Wkhtmltopdf to print a pdf version of the reports. 
2024-11-16 17:55:11,823 1380 INFO ? odoo.service.server: HTTP service (werkzeug) running on DESKTOP-R4S48H9:8069 
2024-11-16 17:55:14,841 1380 INFO pharmacie odoo.modules.loading: loading 1 modules... 
2024-11-16 17:55:14,858 1380 INFO pharmacie odoo.modules.loading: 1 modules loaded in 0.02s, 0 queries (+0 extra) 
2024-11-16 17:55:14,879 1380 INFO pharmacie odoo.modules.loading: loading 69 modules... 
2024-11-16 17:55:17,644 1380 INFO pharmacie odoo.modules.loading: 69 modules loaded in 2.76s, 0 queries (+0 extra) 
2024-11-16 17:55:17,886 1380 INFO pharmacie odoo.modules.loading: Modules loaded. 
2024-11-16 17:55:17,897 1380 INFO pharmacie odoo.modules.registry: Registry loaded in 3.175s 
2024-11-16 17:55:17,898 1380 INFO pharmacie odoo.addons.base.models.ir_http: Generating routing map for key None 
2024-11-16 17:55:19,403 1380 INFO pharmacie werkzeug: 127.0.0.1 - - [16/Nov/2024 17:55:19] "GET /web/database/selector HTTP/1.1" 200 - 26 0.118 5.689
2024-11-16 17:55:19,519 1380 INFO ? werkzeug: 127.0.0.1 - - [16/Nov/2024 17:55:19] "GET /web/static/src/libs/fontawesome/css/font-awesome.css HTTP/1.1" 200 - 0 0.000 0.014
2024-11-16 17:55:19,531 1380 INFO ? werkzeug: 127.0.0.1 - - [16/Nov/2024 17:55:19] "GET /web/static/lib/bootstrap/dist/css/bootstrap.css HTTP/1.1" 200 - 0 0.000 0.023
2024-11-16 17:55:19,533 1380 INFO ? werkzeug: 127.0.0.1 - - [16/Nov/2024 17:55:19] "GET /web/static/lib/bootstrap/js/dist/dom/data.js HTTP/1.1" 200 - 0 0.000 0.022
2024-11-16 17:55:19,535 1380 INFO ? werkzeug: 127.0.0.1 - - [16/Nov/2024 17:55:19] "GET /web/static/lib/jquery/jquery.js HTTP/1.1" 200 - 0 0.000 0.019
2024-11-16 17:55:19,539 1380 INFO ? werkzeug: 127.0.0.1 - - [16/Nov/2024 17:55:19] "GET /web/static/lib/bootstrap/js/dist/dom/event-handler.js HTTP/1.1" 200 - 0 0.000 0.019
2024-11-16 17:55:19,547 1380 INFO ? werkzeug: 127.0.0.1 - - [16/Nov/2024 17:55:19] "GET /web/static/lib/bootstrap/js/dist/dom/manipulator.js HTTP/1.1" 200 - 0 0.000 0.021
2024-11-16 17:55:19,559 1380 INFO ? werkzeug: 127.0.0.1 - - [16/Nov/2024 17:55:19] "GET /web/static/lib/bootstrap/js/dist/dom/selector-engine.js HTTP/1.1" 200 - 0 0.000 0.019
2024-11-16 17:55:19,562 1380 INFO ? werkzeug: 127.0.0.1 - - [16/Nov/2024 17:55:19] "GET /web/static/lib/bootstrap/js/dist/base-component.js HTTP/1.1" 200 - 0 0.000 0.016
2024-11-16 17:55:19,566 1380 INFO ? werkzeug: 127.0.0.1 - - [16/Nov/2024 17:55:19] "GET /web/static/lib/bootstrap/js/dist/modal.js HTTP/1.1" 200 - 0 0.000 0.012
2024-11-16 17:55:19,568 1380 INFO ? werkzeug: 127.0.0.1 - - [16/Nov/2024 17:55:19] "GET /web/static/src/public/database_manager.js HTTP/1.1" 200 - 0 0.000 0.010
2024-11-16 17:55:19,576 1380 INFO ? werkzeug: 127.0.0.1 - - [16/Nov/2024 17:55:19] "GET /web/static/img/logo2.png HTTP/1.1" 200 - 0 0.000 0.003
2024-11-16 17:55:19,726 1380 INFO ? werkzeug: 127.0.0.1 - - [16/Nov/2024 17:55:19] "GET /web/static/img/favicon.ico HTTP/1.1" 200 - 0 0.000 0.002
2024-11-16 17:55:25,711 1380 INFO pharmacie werkzeug: 127.0.0.1 - - [16/Nov/2024 17:55:25] "GET /web?db=pharmacie HTTP/1.1" 303 - 1 0.000 0.007
2024-11-16 17:55:27,260 1380 INFO pharmacie odoo.addons.base.models.assetsbundle: Failed to find attachment for assets /web/assets/%-b0d2023/web.assets_frontend.min.css 
2024-11-16 17:55:36,827 1380 INFO pharmacie odoo.addons.base.models.assetsbundle: Deleting ir.attachment [15] (from bundle web.assets_frontend) 
2024-11-16 17:55:37,586 1380 INFO pharmacie odoo.addons.base.models.assetsbundle: Failed to find attachment for assets /web/assets/%-e57edb0/web.assets_frontend_minimal.min.js 
2024-11-16 17:55:37,782 1380 INFO pharmacie odoo.addons.base.models.assetsbundle: Deleting ir.attachment [16] (from bundle web.assets_frontend_minimal) 
2024-11-16 17:55:38,071 1380 INFO pharmacie odoo.addons.base.models.assetsbundle: Failed to find attachment for assets /web/assets/%-067fd2d/web.assets_frontend_lazy.min.js 
2024-11-16 17:55:45,550 1380 INFO ? werkzeug: 127.0.0.1 - - [16/Nov/2024 17:55:45] "GET /web/static/src/libs/fontawesome/fonts/fontawesome-webfont.woff2?v=4.7.0 HTTP/1.1" 200 - 0 0.000 0.022
2024-11-16 17:55:46,596 1380 INFO pharmacie odoo.addons.base.models.assetsbundle: Deleting ir.attachment [17] (from bundle web.assets_frontend_lazy) 
2024-11-16 17:55:46,606 1380 INFO pharmacie odoo.modules.registry: At least one model cache has been invalidated, signaling through the database. 
2024-11-16 17:55:46,651 1380 INFO pharmacie werkzeug: 127.0.0.1 - - [16/Nov/2024 17:55:46] "GET /web/login HTTP/1.1" 200 - 96 0.629 20.273
2024-11-16 17:57:17,987 1380 INFO None werkzeug: 127.0.0.1 - - [16/Nov/2024 17:57:17] "POST /web/database/change_password HTTP/1.1" 303 - 5 0.015 1.881
2024-11-16 17:57:19,134 1380 INFO pharmacie werkzeug: 127.0.0.1 - - [16/Nov/2024 17:57:19] "GET /web/database/manager HTTP/1.1" 200 - 6 0.026 1.101
2024-11-16 17:57:19,295 1380 INFO ? werkzeug: 127.0.0.1 - - [16/Nov/2024 17:57:19] "GET /web/static/lib/bootstrap/js/dist/dom/data.js HTTP/1.1" 200 - 0 0.000 0.004
2024-11-16 17:57:19,519 1380 INFO ? werkzeug: 127.0.0.1 - - [16/Nov/2024 17:57:19] "GET /web/static/img/favicon.ico HTTP/1.1" 200 - 0 0.000 0.004
2024-11-16 17:57:23,622 1380 INFO pharmacie werkzeug: 127.0.0.1 - - [16/Nov/2024 17:57:23] "GET /web?db=pharmacie HTTP/1.1" 303 - 1 0.001 0.006
2024-11-16 17:57:24,639 1380 INFO pharmacie werkzeug: 127.0.0.1 - - [16/Nov/2024 17:57:24] "GET /web/login HTTP/1.1" 200 - 45 0.119 0.888
2024-11-16 17:57:24,781 1380 INFO ? werkzeug: 127.0.0.1 - - [16/Nov/2024 17:57:24] "GET /web/static/src/libs/fontawesome/fonts/fontawesome-webfont.woff2?v=4.7.0 HTTP/1.1" 200 - 0 0.000 0.012
2024-11-16 17:57:24,803 1380 INFO pharmacie werkzeug: 127.0.0.1 - - [16/Nov/2024 17:57:24] "GET /web/assets/239-b0d2023/web.assets_frontend.min.css HTTP/1.1" 200 - 5 0.012 0.025
2024-11-16 17:57:24,881 1380 INFO pharmacie werkzeug: 127.0.0.1 - - [16/Nov/2024 17:57:24] "GET /web/assets/240-e57edb0/web.assets_frontend_minimal.min.js HTTP/1.1" 200 - 5 0.005 0.106
2024-11-16 17:57:24,904 1380 INFO pharmacie werkzeug: 127.0.0.1 - - [16/Nov/2024 17:57:24] "GET /web/binary/company_logo HTTP/1.1" 200 - 2 0.022 0.075
2024-11-16 17:57:25,395 1380 INFO pharmacie werkzeug: 127.0.0.1 - - [16/Nov/2024 17:57:25] "GET /web/assets/241-067fd2d/web.assets_frontend_lazy.min.js HTTP/1.1" 200 - 5 0.009 0.436
2024-11-16 17:57:25,786 1380 INFO pharmacie odoo.addons.base.models.ir_attachment: _read_file reading c:\users\hp\appdata\local\openerp s.a\odoo\filestore\pharmacie\62/627090759f9a66678c28c1bc3c3039b37f40f66e 
Traceback (most recent call last):
  File "D:\opt\odoo\odoo\tools\cache.py", line 85, in lookup
    r = d[key]
  File "<decorator-gen-8>", line 2, in __getitem__
  File "D:\opt\odoo\odoo\tools\func.py", line 87, in locked
    return func(inst, *args, **kwargs)
  File "D:\opt\odoo\odoo\tools\lru.py", line 34, in __getitem__
    a = self.d[obj]
KeyError: ('res.lang', <function Lang.get_available at 0x0000025D13DEAEE0>)

During handling of the above exception, another exception occurred:

Traceback (most recent call last):
  File "D:\opt\odoo\odoo\api.py", line 997, in get
    cache_value = field_cache[record._ids[0]]
KeyError: 28

During handling of the above exception, another exception occurred:

Traceback (most recent call last):
  File "D:\opt\odoo\odoo\fields.py", line 1161, in __get__
    value = env.cache.get(record, self)
  File "D:\opt\odoo\odoo\api.py", line 1004, in get
    raise CacheMiss(record, field)
odoo.exceptions.CacheMiss: 'res.lang(28,).flag_image_url'

During handling of the above exception, another exception occurred:

Traceback (most recent call last):
  File "D:\opt\odoo\odoo\api.py", line 997, in get
    cache_value = field_cache[record._ids[0]]
KeyError: 28

During handling of the above exception, another exception occurred:

Traceback (most recent call last):
  File "D:\opt\odoo\odoo\fields.py", line 1161, in __get__
    value = env.cache.get(record, self)
  File "D:\opt\odoo\odoo\api.py", line 1004, in get
    raise CacheMiss(record, field)
odoo.exceptions.CacheMiss: 'res.lang(28,).flag_image'

During handling of the above exception, another exception occurred:

Traceback (most recent call last):
  File "D:\opt\odoo\odoo\api.py", line 997, in get
    cache_value = field_cache[record._ids[0]]
KeyError: 2

During handling of the above exception, another exception occurred:

Traceback (most recent call last):
  File "D:\opt\odoo\odoo\fields.py", line 1161, in __get__
    value = env.cache.get(record, self)
  File "D:\opt\odoo\odoo\api.py", line 1004, in get
    raise CacheMiss(record, field)
odoo.exceptions.CacheMiss: 'ir.attachment(2,).datas'

During handling of the above exception, another exception occurred:

Traceback (most recent call last):
  File "D:\opt\odoo\odoo\api.py", line 997, in get
    cache_value = field_cache[record._ids[0]]
KeyError: 2

During handling of the above exception, another exception occurred:

Traceback (most recent call last):
  File "D:\opt\odoo\odoo\fields.py", line 1161, in __get__
    value = env.cache.get(record, self)
  File "D:\opt\odoo\odoo\api.py", line 1004, in get
    raise CacheMiss(record, field)
odoo.exceptions.CacheMiss: 'ir.attachment(2,).raw'

During handling of the above exception, another exception occurred:

Traceback (most recent call last):
  File "D:\opt\odoo\odoo\addons\base\models\ir_attachment.py", line 121, in _file_read
    with open(full_path, 'rb') as f:
FileNotFoundError: [Errno 2] No such file or directory: 'c:\\users\\hp\\appdata\\local\\openerp s.a\\odoo\\filestore\\pharmacie\\62/627090759f9a66678c28c1bc3c3039b37f40f66e'
2024-11-16 17:57:25,795 1380 INFO pharmacie odoo.addons.base.models.ir_attachment: _read_file reading c:\users\hp\appdata\local\openerp s.a\odoo\filestore\pharmacie\23/23fe89f51c8121f053a697a3dd79106f25aeeb52 
Traceback (most recent call last):
  File "D:\opt\odoo\odoo\tools\cache.py", line 85, in lookup
    r = d[key]
  File "<decorator-gen-8>", line 2, in __getitem__
  File "D:\opt\odoo\odoo\tools\func.py", line 87, in locked
    return func(inst, *args, **kwargs)
  File "D:\opt\odoo\odoo\tools\lru.py", line 34, in __getitem__
    a = self.d[obj]
KeyError: ('res.lang', <function Lang.get_available at 0x0000025D13DEAEE0>)

During handling of the above exception, another exception occurred:

Traceback (most recent call last):
  File "D:\opt\odoo\odoo\api.py", line 997, in get
    cache_value = field_cache[record._ids[0]]
KeyError: 28

During handling of the above exception, another exception occurred:

Traceback (most recent call last):
  File "D:\opt\odoo\odoo\fields.py", line 1161, in __get__
    value = env.cache.get(record, self)
  File "D:\opt\odoo\odoo\api.py", line 1004, in get
    raise CacheMiss(record, field)
odoo.exceptions.CacheMiss: 'res.lang(28,).flag_image_url'

During handling of the above exception, another exception occurred:

Traceback (most recent call last):
  File "D:\opt\odoo\odoo\api.py", line 997, in get
    cache_value = field_cache[record._ids[0]]
KeyError: 28

During handling of the above exception, another exception occurred:

Traceback (most recent call last):
  File "D:\opt\odoo\odoo\fields.py", line 1161, in __get__
    value = env.cache.get(record, self)
  File "D:\opt\odoo\odoo\api.py", line 1004, in get
    raise CacheMiss(record, field)
odoo.exceptions.CacheMiss: 'res.lang(28,).flag_image'

During handling of the above exception, another exception occurred:

Traceback (most recent call last):
  File "D:\opt\odoo\odoo\api.py", line 997, in get
    cache_value = field_cache[record._ids[0]]
KeyError: 2

During handling of the above exception, another exception occurred:

Traceback (most recent call last):
  File "D:\opt\odoo\odoo\fields.py", line 1161, in __get__
    value = env.cache.get(record, self)
  File "D:\opt\odoo\odoo\api.py", line 1004, in get
    raise CacheMiss(record, field)
odoo.exceptions.CacheMiss: 'ir.attachment(2,).datas'

During handling of the above exception, another exception occurred:

Traceback (most recent call last):
  File "D:\opt\odoo\odoo\api.py", line 997, in get
    cache_value = field_cache[record._ids[0]]
KeyError: 2

During handling of the above exception, another exception occurred:

Traceback (most recent call last):
  File "D:\opt\odoo\odoo\fields.py", line 1161, in __get__
    value = env.cache.get(record, self)
  File "D:\opt\odoo\odoo\api.py", line 1004, in get
    raise CacheMiss(record, field)
odoo.exceptions.CacheMiss: 'ir.attachment(2,).raw'

During handling of the above exception, another exception occurred:

Traceback (most recent call last):
  File "D:\opt\odoo\odoo\addons\base\models\ir_attachment.py", line 121, in _file_read
    with open(full_path, 'rb') as f:
FileNotFoundError: [Errno 2] No such file or directory: 'c:\\users\\hp\\appdata\\local\\openerp s.a\\odoo\\filestore\\pharmacie\\23/23fe89f51c8121f053a697a3dd79106f25aeeb52'
2024-11-16 17:57:25,822 1380 INFO pharmacie werkzeug: 127.0.0.1 - - [16/Nov/2024 17:57:25] "GET /website/translations/7f602a21a9c8f9a60b3312f1288049c1ef2077a7 HTTP/1.1" 200 - 11 0.019 0.032
2024-11-16 17:57:25,874 1380 INFO pharmacie werkzeug: 127.0.0.1 - - [16/Nov/2024 17:57:25] "GET /web/webclient/locale/fr_BE HTTP/1.1" 200 - 1 0.003 0.093
2024-11-16 17:57:47,080 1380 INFO pharmacie odoo.addons.base.models.res_users: Login failed for db:pharmacie login:pharmacie@gmail.com from 127.0.0.1 
2024-11-16 17:57:47,205 1380 INFO pharmacie werkzeug: 127.0.0.1 - - [16/Nov/2024 17:57:47] "POST /web/login HTTP/1.1" 200 - 7 0.017 0.248
2024-11-16 17:57:47,482 1380 INFO ? werkzeug: 127.0.0.1 - - [16/Nov/2024 17:57:47] "GET /web/static/src/libs/fontawesome/fonts/fontawesome-webfont.woff2?v=4.7.0 HTTP/1.1" 200 - 0 0.000 0.005
2024-11-16 17:57:47,514 1380 INFO pharmacie werkzeug: 127.0.0.1 - - [16/Nov/2024 17:57:47] "GET /web/binary/company_logo?dbname=pharmacie HTTP/1.1" 200 - 2 0.011 0.007
2024-11-16 17:57:48,081 1380 INFO pharmacie werkzeug: 127.0.0.1 - - [16/Nov/2024 17:57:48] "GET /website/translations/7f602a21a9c8f9a60b3312f1288049c1ef2077a7 HTTP/1.1" 200 - 6 0.006 0.026
2024-11-16 17:57:48,091 1380 INFO pharmacie werkzeug: 127.0.0.1 - - [16/Nov/2024 17:57:48] "GET /web/webclient/locale/fr_FR HTTP/1.1" 200 - 1 0.000 0.009
2024-11-16 17:57:59,075 1380 INFO pharmacie odoo.addons.base.models.res_users: Login failed for db:pharmacie login:pharmacie@pharmacie.com from 127.0.0.1 
2024-11-16 17:57:59,083 1380 INFO pharmacie werkzeug: 127.0.0.1 - - [16/Nov/2024 17:57:59] "POST /web/login HTTP/1.1" 200 - 5 0.051 0.125
2024-11-16 17:57:59,307 1380 INFO ? werkzeug: 127.0.0.1 - - [16/Nov/2024 17:57:59] "GET /web/static/src/libs/fontawesome/fonts/fontawesome-webfont.woff2?v=4.7.0 HTTP/1.1" 200 - 0 0.000 0.003
2024-11-16 17:57:59,326 1380 INFO pharmacie werkzeug: 127.0.0.1 - - [16/Nov/2024 17:57:59] "GET /web/binary/company_logo?dbname=pharmacie HTTP/1.1" 304 - 2 0.003 0.009
2024-11-16 17:58:10,228 1380 INFO pharmacie odoo.addons.base.models.res_users: Login successful for db:pharmacie login:pharmacie@pharmacie from 127.0.0.1 
2024-11-16 17:58:10,326 1380 INFO pharmacie odoo.modules.registry: At least one model cache has been invalidated, signaling through the database. 
2024-11-16 17:58:10,328 1380 INFO pharmacie werkzeug: 127.0.0.1 - - [16/Nov/2024 17:58:10] "POST /web/login HTTP/1.1" 303 - 50 0.339 1.521
2024-11-16 17:58:10,514 1380 INFO pharmacie odoo.addons.base.models.ir_attachment: _read_file reading c:\users\hp\appdata\local\openerp s.a\odoo\filestore\pharmacie\a2/a277ccbfa6dbad73170fed25aa7670e785ff2008 
Traceback (most recent call last):
  File "D:\opt\odoo\odoo\tools\cache.py", line 85, in lookup
    r = d[key]
  File "<decorator-gen-8>", line 2, in __getitem__
  File "D:\opt\odoo\odoo\tools\func.py", line 87, in locked
    return func(inst, *args, **kwargs)
  File "D:\opt\odoo\odoo\tools\lru.py", line 34, in __getitem__
    a = self.d[obj]
KeyError: ('ir.ui.menu', <function IrUiMenu.load_menus at 0x0000025D1252FB80>, 2, '', ('fr_FR',))

During handling of the above exception, another exception occurred:

Traceback (most recent call last):
  File "D:\opt\odoo\odoo\api.py", line 997, in get
    cache_value = field_cache[record._ids[0]]
KeyError: 232

During handling of the above exception, another exception occurred:

Traceback (most recent call last):
  File "D:\opt\odoo\odoo\fields.py", line 1161, in __get__
    value = env.cache.get(record, self)
  File "D:\opt\odoo\odoo\api.py", line 1004, in get
    raise CacheMiss(record, field)
odoo.exceptions.CacheMiss: 'ir.attachment(232,).datas'

During handling of the above exception, another exception occurred:

Traceback (most recent call last):
  File "D:\opt\odoo\odoo\api.py", line 997, in get
    cache_value = field_cache[record._ids[0]]
KeyError: 232

During handling of the above exception, another exception occurred:

Traceback (most recent call last):
  File "D:\opt\odoo\odoo\fields.py", line 1161, in __get__
    value = env.cache.get(record, self)
  File "D:\opt\odoo\odoo\api.py", line 1004, in get
    raise CacheMiss(record, field)
odoo.exceptions.CacheMiss: 'ir.attachment(232,).raw'

During handling of the above exception, another exception occurred:

Traceback (most recent call last):
  File "D:\opt\odoo\odoo\addons\base\models\ir_attachment.py", line 121, in _file_read
    with open(full_path, 'rb') as f:
FileNotFoundError: [Errno 2] No such file or directory: 'c:\\users\\hp\\appdata\\local\\openerp s.a\\odoo\\filestore\\pharmacie\\a2/a277ccbfa6dbad73170fed25aa7670e785ff2008'
2024-11-16 17:58:10,516 1380 INFO pharmacie odoo.addons.base.models.ir_attachment: _read_file reading c:\users\hp\appdata\local\openerp s.a\odoo\filestore\pharmacie\71/71c3cb0970bade62eb3128ea399627b530480b14 
Traceback (most recent call last):
  File "D:\opt\odoo\odoo\tools\cache.py", line 85, in lookup
    r = d[key]
  File "<decorator-gen-8>", line 2, in __getitem__
  File "D:\opt\odoo\odoo\tools\func.py", line 87, in locked
    return func(inst, *args, **kwargs)
  File "D:\opt\odoo\odoo\tools\lru.py", line 34, in __getitem__
    a = self.d[obj]
KeyError: ('ir.ui.menu', <function IrUiMenu.load_menus at 0x0000025D1252FB80>, 2, '', ('fr_FR',))

During handling of the above exception, another exception occurred:

Traceback (most recent call last):
  File "D:\opt\odoo\odoo\api.py", line 997, in get
    cache_value = field_cache[record._ids[0]]
KeyError: 232

During handling of the above exception, another exception occurred:

Traceback (most recent call last):
  File "D:\opt\odoo\odoo\fields.py", line 1161, in __get__
    value = env.cache.get(record, self)
  File "D:\opt\odoo\odoo\api.py", line 1004, in get
    raise CacheMiss(record, field)
odoo.exceptions.CacheMiss: 'ir.attachment(232,).datas'

During handling of the above exception, another exception occurred:

Traceback (most recent call last):
  File "D:\opt\odoo\odoo\api.py", line 997, in get
    cache_value = field_cache[record._ids[0]]
KeyError: 232

During handling of the above exception, another exception occurred:

Traceback (most recent call last):
  File "D:\opt\odoo\odoo\fields.py", line 1161, in __get__
    value = env.cache.get(record, self)
  File "D:\opt\odoo\odoo\api.py", line 1004, in get
    raise CacheMiss(record, field)
odoo.exceptions.CacheMiss: 'ir.attachment(232,).raw'

During handling of the above exception, another exception occurred:

Traceback (most recent call last):
  File "D:\opt\odoo\odoo\addons\base\models\ir_attachment.py", line 121, in _file_read
    with open(full_path, 'rb') as f:
FileNotFoundError: [Errno 2] No such file or directory: 'c:\\users\\hp\\appdata\\local\\openerp s.a\\odoo\\filestore\\pharmacie\\71/71c3cb0970bade62eb3128ea399627b530480b14'
2024-11-16 17:58:10,519 1380 INFO pharmacie odoo.addons.base.models.ir_attachment: _read_file reading c:\users\hp\appdata\local\openerp s.a\odoo\filestore\pharmacie\e4/e4b38b2c00fbc1216e1ff988dbed1d0de3f1bdca 
Traceback (most recent call last):
  File "D:\opt\odoo\odoo\tools\cache.py", line 85, in lookup
    r = d[key]
  File "<decorator-gen-8>", line 2, in __getitem__
  File "D:\opt\odoo\odoo\tools\func.py", line 87, in locked
    return func(inst, *args, **kwargs)
  File "D:\opt\odoo\odoo\tools\lru.py", line 34, in __getitem__
    a = self.d[obj]
KeyError: ('ir.ui.menu', <function IrUiMenu.load_menus at 0x0000025D1252FB80>, 2, '', ('fr_FR',))

During handling of the above exception, another exception occurred:

Traceback (most recent call last):
  File "D:\opt\odoo\odoo\api.py", line 997, in get
    cache_value = field_cache[record._ids[0]]
KeyError: 232

During handling of the above exception, another exception occurred:

Traceback (most recent call last):
  File "D:\opt\odoo\odoo\fields.py", line 1161, in __get__
    value = env.cache.get(record, self)
  File "D:\opt\odoo\odoo\api.py", line 1004, in get
    raise CacheMiss(record, field)
odoo.exceptions.CacheMiss: 'ir.attachment(232,).datas'

During handling of the above exception, another exception occurred:

Traceback (most recent call last):
  File "D:\opt\odoo\odoo\api.py", line 997, in get
    cache_value = field_cache[record._ids[0]]
KeyError: 232

During handling of the above exception, another exception occurred:

Traceback (most recent call last):
  File "D:\opt\odoo\odoo\fields.py", line 1161, in __get__
    value = env.cache.get(record, self)
  File "D:\opt\odoo\odoo\api.py", line 1004, in get
    raise CacheMiss(record, field)
odoo.exceptions.CacheMiss: 'ir.attachment(232,).raw'

During handling of the above exception, another exception occurred:

Traceback (most recent call last):
  File "D:\opt\odoo\odoo\addons\base\models\ir_attachment.py", line 121, in _file_read
    with open(full_path, 'rb') as f:
FileNotFoundError: [Errno 2] No such file or directory: 'c:\\users\\hp\\appdata\\local\\openerp s.a\\odoo\\filestore\\pharmacie\\e4/e4b38b2c00fbc1216e1ff988dbed1d0de3f1bdca'
2024-11-16 17:58:10,521 1380 INFO pharmacie odoo.addons.base.models.ir_attachment: _read_file reading c:\users\hp\appdata\local\openerp s.a\odoo\filestore\pharmacie\52/52e3458c9adf9c1a27e48d88a1cad5aef141f3ca 
Traceback (most recent call last):
  File "D:\opt\odoo\odoo\tools\cache.py", line 85, in lookup
    r = d[key]
  File "<decorator-gen-8>", line 2, in __getitem__
  File "D:\opt\odoo\odoo\tools\func.py", line 87, in locked
    return func(inst, *args, **kwargs)
  File "D:\opt\odoo\odoo\tools\lru.py", line 34, in __getitem__
    a = self.d[obj]
KeyError: ('ir.ui.menu', <function IrUiMenu.load_menus at 0x0000025D1252FB80>, 2, '', ('fr_FR',))

During handling of the above exception, another exception occurred:

Traceback (most recent call last):
  File "D:\opt\odoo\odoo\api.py", line 997, in get
    cache_value = field_cache[record._ids[0]]
KeyError: 232

During handling of the above exception, another exception occurred:

Traceback (most recent call last):
  File "D:\opt\odoo\odoo\fields.py", line 1161, in __get__
    value = env.cache.get(record, self)
  File "D:\opt\odoo\odoo\api.py", line 1004, in get
    raise CacheMiss(record, field)
odoo.exceptions.CacheMiss: 'ir.attachment(232,).datas'

During handling of the above exception, another exception occurred:

Traceback (most recent call last):
  File "D:\opt\odoo\odoo\api.py", line 997, in get
    cache_value = field_cache[record._ids[0]]
KeyError: 232

During handling of the above exception, another exception occurred:

Traceback (most recent call last):
  File "D:\opt\odoo\odoo\fields.py", line 1161, in __get__
    value = env.cache.get(record, self)
  File "D:\opt\odoo\odoo\api.py", line 1004, in get
    raise CacheMiss(record, field)
odoo.exceptions.CacheMiss: 'ir.attachment(232,).raw'

During handling of the above exception, another exception occurred:

Traceback (most recent call last):
  File "D:\opt\odoo\odoo\addons\base\models\ir_attachment.py", line 121, in _file_read
    with open(full_path, 'rb') as f:
FileNotFoundError: [Errno 2] No such file or directory: 'c:\\users\\hp\\appdata\\local\\openerp s.a\\odoo\\filestore\\pharmacie\\52/52e3458c9adf9c1a27e48d88a1cad5aef141f3ca'
2024-11-16 17:58:10,524 1380 INFO pharmacie odoo.addons.base.models.ir_attachment: _read_file reading c:\users\hp\appdata\local\openerp s.a\odoo\filestore\pharmacie\b9/b9d5031b1374436361f880e76406fbd23366528e 
Traceback (most recent call last):
  File "D:\opt\odoo\odoo\tools\cache.py", line 85, in lookup
    r = d[key]
  File "<decorator-gen-8>", line 2, in __getitem__
  File "D:\opt\odoo\odoo\tools\func.py", line 87, in locked
    return func(inst, *args, **kwargs)
  File "D:\opt\odoo\odoo\tools\lru.py", line 34, in __getitem__
    a = self.d[obj]
KeyError: ('ir.ui.menu', <function IrUiMenu.load_menus at 0x0000025D1252FB80>, 2, '', ('fr_FR',))

During handling of the above exception, another exception occurred:

Traceback (most recent call last):
  File "D:\opt\odoo\odoo\api.py", line 997, in get
    cache_value = field_cache[record._ids[0]]
KeyError: 232

During handling of the above exception, another exception occurred:

Traceback (most recent call last):
  File "D:\opt\odoo\odoo\fields.py", line 1161, in __get__
    value = env.cache.get(record, self)
  File "D:\opt\odoo\odoo\api.py", line 1004, in get
    raise CacheMiss(record, field)
odoo.exceptions.CacheMiss: 'ir.attachment(232,).datas'

During handling of the above exception, another exception occurred:

Traceback (most recent call last):
  File "D:\opt\odoo\odoo\api.py", line 997, in get
    cache_value = field_cache[record._ids[0]]
KeyError: 232

During handling of the above exception, another exception occurred:

Traceback (most recent call last):
  File "D:\opt\odoo\odoo\fields.py", line 1161, in __get__
    value = env.cache.get(record, self)
  File "D:\opt\odoo\odoo\api.py", line 1004, in get
    raise CacheMiss(record, field)
odoo.exceptions.CacheMiss: 'ir.attachment(232,).raw'

During handling of the above exception, another exception occurred:

Traceback (most recent call last):
  File "D:\opt\odoo\odoo\addons\base\models\ir_attachment.py", line 121, in _file_read
    with open(full_path, 'rb') as f:
FileNotFoundError: [Errno 2] No such file or directory: 'c:\\users\\hp\\appdata\\local\\openerp s.a\\odoo\\filestore\\pharmacie\\b9/b9d5031b1374436361f880e76406fbd23366528e'
2024-11-16 17:58:10,525 1380 INFO pharmacie odoo.addons.base.models.ir_attachment: _read_file reading c:\users\hp\appdata\local\openerp s.a\odoo\filestore\pharmacie\59/59f76a9b296a2e8e4732f4e69b4b7ace8a5057c9 
Traceback (most recent call last):
  File "D:\opt\odoo\odoo\tools\cache.py", line 85, in lookup
    r = d[key]
  File "<decorator-gen-8>", line 2, in __getitem__
  File "D:\opt\odoo\odoo\tools\func.py", line 87, in locked
    return func(inst, *args, **kwargs)
  File "D:\opt\odoo\odoo\tools\lru.py", line 34, in __getitem__
    a = self.d[obj]
KeyError: ('ir.ui.menu', <function IrUiMenu.load_menus at 0x0000025D1252FB80>, 2, '', ('fr_FR',))

During handling of the above exception, another exception occurred:

Traceback (most recent call last):
  File "D:\opt\odoo\odoo\api.py", line 997, in get
    cache_value = field_cache[record._ids[0]]
KeyError: 232

During handling of the above exception, another exception occurred:

Traceback (most recent call last):
  File "D:\opt\odoo\odoo\fields.py", line 1161, in __get__
    value = env.cache.get(record, self)
  File "D:\opt\odoo\odoo\api.py", line 1004, in get
    raise CacheMiss(record, field)
odoo.exceptions.CacheMiss: 'ir.attachment(232,).datas'

During handling of the above exception, another exception occurred:

Traceback (most recent call last):
  File "D:\opt\odoo\odoo\api.py", line 997, in get
    cache_value = field_cache[record._ids[0]]
KeyError: 232

During handling of the above exception, another exception occurred:

Traceback (most recent call last):
  File "D:\opt\odoo\odoo\fields.py", line 1161, in __get__
    value = env.cache.get(record, self)
  File "D:\opt\odoo\odoo\api.py", line 1004, in get
    raise CacheMiss(record, field)
odoo.exceptions.CacheMiss: 'ir.attachment(232,).raw'

During handling of the above exception, another exception occurred:

Traceback (most recent call last):
  File "D:\opt\odoo\odoo\addons\base\models\ir_attachment.py", line 121, in _file_read
    with open(full_path, 'rb') as f:
FileNotFoundError: [Errno 2] No such file or directory: 'c:\\users\\hp\\appdata\\local\\openerp s.a\\odoo\\filestore\\pharmacie\\59/59f76a9b296a2e8e4732f4e69b4b7ace8a5057c9'
2024-11-16 17:58:10,527 1380 INFO pharmacie odoo.addons.base.models.ir_attachment: _read_file reading c:\users\hp\appdata\local\openerp s.a\odoo\filestore\pharmacie\6a/6a5b448a0e0b9b61d0f519949af275b96008a96b 
Traceback (most recent call last):
  File "D:\opt\odoo\odoo\tools\cache.py", line 85, in lookup
    r = d[key]
  File "<decorator-gen-8>", line 2, in __getitem__
  File "D:\opt\odoo\odoo\tools\func.py", line 87, in locked
    return func(inst, *args, **kwargs)
  File "D:\opt\odoo\odoo\tools\lru.py", line 34, in __getitem__
    a = self.d[obj]
KeyError: ('ir.ui.menu', <function IrUiMenu.load_menus at 0x0000025D1252FB80>, 2, '', ('fr_FR',))

During handling of the above exception, another exception occurred:

Traceback (most recent call last):
  File "D:\opt\odoo\odoo\api.py", line 997, in get
    cache_value = field_cache[record._ids[0]]
KeyError: 232

During handling of the above exception, another exception occurred:

Traceback (most recent call last):
  File "D:\opt\odoo\odoo\fields.py", line 1161, in __get__
    value = env.cache.get(record, self)
  File "D:\opt\odoo\odoo\api.py", line 1004, in get
    raise CacheMiss(record, field)
odoo.exceptions.CacheMiss: 'ir.attachment(232,).datas'

During handling of the above exception, another exception occurred:

Traceback (most recent call last):
  File "D:\opt\odoo\odoo\api.py", line 997, in get
    cache_value = field_cache[record._ids[0]]
KeyError: 232

During handling of the above exception, another exception occurred:

Traceback (most recent call last):
  File "D:\opt\odoo\odoo\fields.py", line 1161, in __get__
    value = env.cache.get(record, self)
  File "D:\opt\odoo\odoo\api.py", line 1004, in get
    raise CacheMiss(record, field)
odoo.exceptions.CacheMiss: 'ir.attachment(232,).raw'

During handling of the above exception, another exception occurred:

Traceback (most recent call last):
  File "D:\opt\odoo\odoo\addons\base\models\ir_attachment.py", line 121, in _file_read
    with open(full_path, 'rb') as f:
FileNotFoundError: [Errno 2] No such file or directory: 'c:\\users\\hp\\appdata\\local\\openerp s.a\\odoo\\filestore\\pharmacie\\6a/6a5b448a0e0b9b61d0f519949af275b96008a96b'
2024-11-16 17:58:10,529 1380 INFO pharmacie odoo.addons.base.models.ir_attachment: _read_file reading c:\users\hp\appdata\local\openerp s.a\odoo\filestore\pharmacie\a3/a330920abcef2433621d6bb985bc24828d77f77b 
Traceback (most recent call last):
  File "D:\opt\odoo\odoo\tools\cache.py", line 85, in lookup
    r = d[key]
  File "<decorator-gen-8>", line 2, in __getitem__
  File "D:\opt\odoo\odoo\tools\func.py", line 87, in locked
    return func(inst, *args, **kwargs)
  File "D:\opt\odoo\odoo\tools\lru.py", line 34, in __getitem__
    a = self.d[obj]
KeyError: ('ir.ui.menu', <function IrUiMenu.load_menus at 0x0000025D1252FB80>, 2, '', ('fr_FR',))

During handling of the above exception, another exception occurred:

Traceback (most recent call last):
  File "D:\opt\odoo\odoo\api.py", line 997, in get
    cache_value = field_cache[record._ids[0]]
KeyError: 232

During handling of the above exception, another exception occurred:

Traceback (most recent call last):
  File "D:\opt\odoo\odoo\fields.py", line 1161, in __get__
    value = env.cache.get(record, self)
  File "D:\opt\odoo\odoo\api.py", line 1004, in get
    raise CacheMiss(record, field)
odoo.exceptions.CacheMiss: 'ir.attachment(232,).datas'

During handling of the above exception, another exception occurred:

Traceback (most recent call last):
  File "D:\opt\odoo\odoo\api.py", line 997, in get
    cache_value = field_cache[record._ids[0]]
KeyError: 232

During handling of the above exception, another exception occurred:

Traceback (most recent call last):
  File "D:\opt\odoo\odoo\fields.py", line 1161, in __get__
    value = env.cache.get(record, self)
  File "D:\opt\odoo\odoo\api.py", line 1004, in get
    raise CacheMiss(record, field)
odoo.exceptions.CacheMiss: 'ir.attachment(232,).raw'

During handling of the above exception, another exception occurred:

Traceback (most recent call last):
  File "D:\opt\odoo\odoo\addons\base\models\ir_attachment.py", line 121, in _file_read
    with open(full_path, 'rb') as f:
FileNotFoundError: [Errno 2] No such file or directory: 'c:\\users\\hp\\appdata\\local\\openerp s.a\\odoo\\filestore\\pharmacie\\a3/a330920abcef2433621d6bb985bc24828d77f77b'
2024-11-16 17:58:10,530 1380 INFO pharmacie odoo.addons.base.models.ir_attachment: _read_file reading c:\users\hp\appdata\local\openerp s.a\odoo\filestore\pharmacie\b8/b8f9001425cfd0ef0315797909281b912817643a 
Traceback (most recent call last):
  File "D:\opt\odoo\odoo\tools\cache.py", line 85, in lookup
    r = d[key]
  File "<decorator-gen-8>", line 2, in __getitem__
  File "D:\opt\odoo\odoo\tools\func.py", line 87, in locked
    return func(inst, *args, **kwargs)
  File "D:\opt\odoo\odoo\tools\lru.py", line 34, in __getitem__
    a = self.d[obj]
KeyError: ('ir.ui.menu', <function IrUiMenu.load_menus at 0x0000025D1252FB80>, 2, '', ('fr_FR',))

During handling of the above exception, another exception occurred:

Traceback (most recent call last):
  File "D:\opt\odoo\odoo\api.py", line 997, in get
    cache_value = field_cache[record._ids[0]]
KeyError: 232

During handling of the above exception, another exception occurred:

Traceback (most recent call last):
  File "D:\opt\odoo\odoo\fields.py", line 1161, in __get__
    value = env.cache.get(record, self)
  File "D:\opt\odoo\odoo\api.py", line 1004, in get
    raise CacheMiss(record, field)
odoo.exceptions.CacheMiss: 'ir.attachment(232,).datas'

During handling of the above exception, another exception occurred:

Traceback (most recent call last):
  File "D:\opt\odoo\odoo\api.py", line 997, in get
    cache_value = field_cache[record._ids[0]]
KeyError: 232

During handling of the above exception, another exception occurred:

Traceback (most recent call last):
  File "D:\opt\odoo\odoo\fields.py", line 1161, in __get__
    value = env.cache.get(record, self)
  File "D:\opt\odoo\odoo\api.py", line 1004, in get
    raise CacheMiss(record, field)
odoo.exceptions.CacheMiss: 'ir.attachment(232,).raw'

During handling of the above exception, another exception occurred:

Traceback (most recent call last):
  File "D:\opt\odoo\odoo\addons\base\models\ir_attachment.py", line 121, in _file_read
    with open(full_path, 'rb') as f:
FileNotFoundError: [Errno 2] No such file or directory: 'c:\\users\\hp\\appdata\\local\\openerp s.a\\odoo\\filestore\\pharmacie\\b8/b8f9001425cfd0ef0315797909281b912817643a'
2024-11-16 17:58:12,060 1380 INFO pharmacie odoo.addons.base.models.ir_cron: Starting job `payment: post-process transactions`. 
2024-11-16 17:58:12,100 1380 INFO pharmacie odoo.addons.base.models.ir_cron: Job `payment: post-process transactions` done. 
2024-11-16 17:58:17,952 1380 INFO pharmacie odoo.addons.base.models.assetsbundle: Failed to find attachment for assets /web/assets/%-5aa44c1/web.assets_common.min.css 
2024-11-16 17:58:18,675 1380 INFO pharmacie odoo.addons.base.models.assetsbundle: Deleting ir.attachment [198] (from bundle web.assets_common) 
2024-11-16 17:58:20,313 1380 INFO pharmacie odoo.addons.base.models.assetsbundle: Failed to find attachment for assets /web/assets/%-325168e/web.assets_backend.min.css 
2024-11-16 17:58:30,582 1380 INFO pharmacie odoo.addons.base.models.assetsbundle: Deleting ir.attachment [235] (from bundle web.assets_backend) 
2024-11-16 17:58:30,763 1380 INFO pharmacie odoo.addons.base.models.assetsbundle: Failed to find attachment for assets /web/assets/%-5aa44c1/web.assets_common.min.js 
2024-11-16 17:58:31,336 1380 INFO pharmacie werkzeug: 127.0.0.1 - - [16/Nov/2024 17:58:31] "GET /web/database/manager HTTP/1.1" 200 - 11 0.030 0.940
2024-11-16 17:58:31,612 1380 INFO pharmacie odoo.addons.base.models.assetsbundle: Deleting ir.attachment [200] (from bundle web.assets_common) 
2024-11-16 17:58:32,352 1380 INFO pharmacie odoo.addons.base.models.assetsbundle: Failed to find attachment for assets /web/assets/%-325168e/web.assets_backend.min.js 
2024-11-16 17:58:55,769 1380 INFO pharmacie odoo.addons.base.models.assetsbundle: Deleting ir.attachment [236] (from bundle web.assets_backend) 
2024-11-16 17:58:55,789 1380 INFO pharmacie odoo.addons.base.models.assetsbundle: Failed to find attachment for assets /web/assets/%-0627e5a/web.assets_backend_prod_only.min.js 
2024-11-16 17:58:55,954 1380 INFO pharmacie odoo.addons.base.models.assetsbundle: Deleting ir.attachment [193] (from bundle web.assets_backend_prod_only) 
2024-11-16 17:58:56,387 1380 INFO pharmacie odoo.modules.registry: At least one model cache has been invalidated, signaling through the database. 
2024-11-16 17:58:56,389 1380 INFO pharmacie werkzeug: 127.0.0.1 - - [16/Nov/2024 17:58:56] "GET /web HTTP/1.1" 200 - 174 0.628 45.420
2024-11-16 17:59:45,064 1380 INFO None odoo.service.db: Create database `pharmacie2`. 
2024-11-16 17:59:47,249 1380 INFO pharmacie2 odoo.modules.loading: loading 1 modules... 
2024-11-16 17:59:47,249 1380 INFO pharmacie2 odoo.modules.loading: Loading module base (1/1) 
2024-11-16 17:59:47,273 1380 INFO pharmacie2 odoo.modules.registry: module base: creating or updating database tables 
2024-11-16 17:59:48,143 1380 INFO pharmacie2 odoo.models: Prepare computation of ir.module.module.menus_by_module 
2024-11-16 17:59:48,144 1380 INFO pharmacie2 odoo.models: Prepare computation of ir.module.module.reports_by_module 
2024-11-16 17:59:48,144 1380 INFO pharmacie2 odoo.models: Prepare computation of ir.module.module.views_by_module 
2024-11-16 17:59:48,593 1380 INFO pharmacie2 odoo.models: Prepare computation of res.partner.user_id 
2024-11-16 17:59:48,594 1380 INFO pharmacie2 odoo.models: Prepare computation of res.partner.commercial_partner_id 
2024-11-16 17:59:48,594 1380 INFO pharmacie2 odoo.models: Prepare computation of res.partner.display_name 
2024-11-16 17:59:48,594 1380 INFO pharmacie2 odoo.models: Prepare computation of res.partner.company_registry 
2024-11-16 17:59:48,594 1380 INFO pharmacie2 odoo.models: Prepare computation of res.partner.commercial_company_name 
2024-11-16 17:59:48,594 1380 INFO pharmacie2 odoo.models: Prepare computation of res.partner.partner_share 
2024-11-16 17:59:48,727 1380 INFO pharmacie2 odoo.models: Prepare computation of res.currency.decimal_places 
2024-11-16 17:59:48,819 1380 INFO pharmacie2 odoo.models: Prepare computation of res.company.logo_web 
2024-11-16 17:59:48,932 1380 INFO pharmacie2 odoo.models: Prepare computation of res.users.signature 
2024-11-16 17:59:48,933 1380 INFO pharmacie2 odoo.models: Prepare computation of res.users.share 
2024-11-16 17:59:53,189 1380 INFO pharmacie2 odoo.modules.loading: loading base/data/res_bank.xml 
2024-11-16 17:59:53,234 1380 INFO pharmacie2 odoo.modules.loading: loading base/data/res.lang.csv 
2024-11-16 17:59:53,345 1380 INFO pharmacie2 odoo.modules.loading: loading base/data/res_lang_data.xml 
2024-11-16 17:59:53,486 1380 INFO pharmacie2 odoo.modules.loading: loading base/data/res_partner_data.xml 
2024-11-16 17:59:53,707 1380 INFO pharmacie2 odoo.modules.loading: loading base/data/res_currency_data.xml 
2024-11-16 17:59:54,667 1380 INFO pharmacie2 odoo.modules.loading: loading base/data/res_company_data.xml 
2024-11-16 17:59:54,731 1380 INFO pharmacie2 odoo.modules.loading: loading base/data/res_users_data.xml 
2024-11-16 17:59:56,813 1380 INFO pharmacie2 odoo.modules.loading: loading base/data/report_paperformat_data.xml 
2024-11-16 17:59:56,878 1380 INFO pharmacie2 odoo.modules.loading: loading base/data/res_country_data.xml 
2024-11-16 17:59:57,791 1380 INFO pharmacie2 odoo.modules.loading: loading base/data/ir_demo_data.xml 
2024-11-16 17:59:57,856 1380 INFO pharmacie2 odoo.modules.loading: loading base/data/ir_config_parameter_data.xml 
2024-11-16 17:59:57,894 1380 INFO pharmacie2 odoo.modules.loading: loading base/security/base_groups.xml 
2024-11-16 17:59:58,404 1380 INFO pharmacie2 odoo.modules.loading: loading base/security/base_security.xml 
2024-11-16 17:59:58,725 1380 INFO pharmacie2 odoo.modules.loading: loading base/views/base_menus.xml 
2024-11-16 17:59:58,953 1380 INFO pharmacie2 odoo.modules.loading: loading base/views/decimal_precision_views.xml 
2024-11-16 17:59:59,026 1380 INFO pharmacie2 odoo.modules.loading: loading base/views/res_config_views.xml 
2024-11-16 17:59:59,054 1380 INFO pharmacie2 odoo.modules.loading: loading base/data/res.country.state.csv 
2024-11-16 18:00:01,144 1380 INFO pharmacie2 odoo.modules.loading: loading base/views/ir_actions_views.xml 
2024-11-16 18:00:01,448 1380 INFO pharmacie2 odoo.modules.loading: loading base/views/ir_asset_views.xml 
2024-11-16 18:00:01,519 1380 INFO pharmacie2 odoo.modules.loading: loading base/views/ir_config_parameter_views.xml 
2024-11-16 18:00:01,582 1380 INFO pharmacie2 odoo.modules.loading: loading base/views/ir_cron_views.xml 
2024-11-16 18:00:01,673 1380 INFO pharmacie2 odoo.modules.loading: loading base/views/ir_cron_trigger_views.xml 
2024-11-16 18:00:01,721 1380 INFO pharmacie2 odoo.modules.loading: loading base/views/ir_filters_views.xml 
2024-11-16 18:00:01,768 1380 INFO pharmacie2 odoo.modules.loading: loading base/views/ir_mail_server_views.xml 
2024-11-16 18:00:01,827 1380 INFO pharmacie2 odoo.modules.loading: loading base/views/ir_model_views.xml 
2024-11-16 18:00:02,127 1380 INFO pharmacie2 odoo.modules.loading: loading base/views/ir_attachment_views.xml 
2024-11-16 18:00:02,205 1380 INFO pharmacie2 odoo.modules.loading: loading base/views/ir_rule_views.xml 
2024-11-16 18:00:02,273 1380 INFO pharmacie2 odoo.modules.loading: loading base/views/ir_sequence_views.xml 
2024-11-16 18:00:02,324 1380 INFO pharmacie2 odoo.modules.loading: loading base/views/ir_ui_menu_views.xml 
2024-11-16 18:00:02,374 1380 INFO pharmacie2 odoo.modules.loading: loading base/views/ir_ui_view_views.xml 
2024-11-16 18:00:02,476 1380 INFO pharmacie2 odoo.modules.loading: loading base/views/ir_default_views.xml 
2024-11-16 18:00:02,496 1380 INFO ? werkzeug: 127.0.0.1 - - [16/Nov/2024 18:00:02] "GET /web/static/lib/bootstrap/dist/css/bootstrap.css.map HTTP/1.1" 200 - 0 0.000 0.044
2024-11-16 18:00:02,532 1380 INFO pharmacie2 odoo.modules.loading: loading base/data/ir_cron_data.xml 
2024-11-16 18:00:02,558 1380 INFO pharmacie2 odoo.modules.loading: loading base/report/ir_model_report.xml 
2024-11-16 18:00:02,580 1380 INFO pharmacie2 odoo.modules.loading: loading base/report/ir_model_templates.xml 
2024-11-16 18:00:02,612 1380 INFO pharmacie2 odoo.modules.loading: loading base/views/ir_logging_views.xml 
2024-11-16 18:00:02,659 1380 INFO pharmacie2 odoo.modules.loading: loading base/views/ir_qweb_widget_templates.xml 
2024-11-16 18:00:02,691 1380 INFO pharmacie2 odoo.modules.loading: loading base/views/ir_module_views.xml 
2024-11-16 18:00:02,853 1380 INFO pharmacie2 odoo.modules.loading: loading base/data/ir_module_category_data.xml 
2024-11-16 18:00:03,016 1380 INFO pharmacie2 odoo.modules.loading: loading base/data/ir_module_module.xml 
2024-11-16 18:00:03,179 1380 INFO pharmacie2 odoo.modules.loading: loading base/report/ir_module_reports.xml 
2024-11-16 18:00:03,197 1380 INFO pharmacie2 odoo.modules.loading: loading base/report/ir_module_report_templates.xml 
2024-11-16 18:00:03,222 1380 INFO pharmacie2 odoo.modules.loading: loading base/wizard/base_module_update_views.xml 
2024-11-16 18:00:03,262 1380 INFO pharmacie2 odoo.modules.loading: loading base/wizard/base_language_install_views.xml 
2024-11-16 18:00:03,295 1380 INFO pharmacie2 odoo.modules.loading: loading base/wizard/base_import_language_views.xml 
2024-11-16 18:00:03,327 1380 INFO pharmacie2 odoo.modules.loading: loading base/wizard/base_module_upgrade_views.xml 
2024-11-16 18:00:03,372 1380 INFO pharmacie2 odoo.modules.loading: loading base/wizard/base_module_uninstall_views.xml 
2024-11-16 18:00:03,397 1380 INFO pharmacie2 odoo.modules.loading: loading base/wizard/base_export_language_views.xml 
2024-11-16 18:00:03,433 1380 INFO pharmacie2 odoo.modules.loading: loading base/wizard/base_partner_merge_views.xml 
2024-11-16 18:00:03,472 1380 INFO pharmacie2 odoo.modules.loading: loading base/data/ir_actions_data.xml 
2024-11-16 18:00:03,493 1380 INFO pharmacie2 odoo.modules.loading: loading base/data/ir_demo_failure_data.xml 
2024-11-16 18:00:03,531 1380 INFO pharmacie2 odoo.modules.loading: loading base/views/ir_profile_views.xml 
2024-11-16 18:00:03,587 1380 INFO pharmacie2 odoo.modules.loading: loading base/views/res_company_views.xml 
2024-11-16 18:00:03,636 1380 INFO pharmacie2 odoo.modules.loading: loading base/views/res_lang_views.xml 
2024-11-16 18:00:03,691 1380 INFO pharmacie2 odoo.modules.loading: loading base/views/res_partner_views.xml 
2024-11-16 18:00:03,903 1380 INFO pharmacie2 odoo.modules.loading: loading base/views/res_bank_views.xml 
2024-11-16 18:00:04,025 1380 INFO pharmacie2 odoo.modules.loading: loading base/views/res_country_views.xml 
2024-11-16 18:00:04,110 1380 INFO pharmacie2 odoo.modules.loading: loading base/views/res_currency_views.xml 
2024-11-16 18:00:04,209 1380 INFO pharmacie2 odoo.modules.loading: loading base/views/res_users_views.xml 
2024-11-16 18:00:04,461 1380 INFO pharmacie2 odoo.modules.loading: loading base/views/ir_property_views.xml 
2024-11-16 18:00:04,507 1380 INFO pharmacie2 odoo.modules.loading: loading base/views/res_config_settings_views.xml 
2024-11-16 18:00:04,535 1380 INFO pharmacie2 odoo.modules.loading: loading base/views/report_paperformat_views.xml 
2024-11-16 18:00:04,601 1380 INFO pharmacie2 odoo.modules.loading: loading base/views/onboarding_views.xml 
2024-11-16 18:00:04,660 1380 INFO pharmacie2 odoo.modules.loading: loading base/security/ir.model.access.csv 
2024-11-16 18:00:04,897 1380 INFO pharmacie2 odoo.addons.base.models.ir_module: module base: loading translation file fr for language fr_FR 
2024-11-16 18:00:06,495 1380 INFO pharmacie2 odoo.modules.loading: Module base loaded in 19.25s, 7924 queries (+7924 other) 
2024-11-16 18:00:06,495 1380 INFO pharmacie2 odoo.modules.loading: 1 modules loaded in 19.25s, 7924 queries (+7924 extra) 
2024-11-16 18:00:06,582 1380 INFO pharmacie2 odoo.addons.base.models.ir_module: module base: loading translation file fr for language fr_FR 
2024-11-16 18:00:08,051 1380 INFO pharmacie2 odoo.modules.loading: updating modules list 
2024-11-16 18:00:08,052 1380 INFO pharmacie2 odoo.addons.base.models.ir_module: ALLOW access to module.update_list on [] to user __system__ #1 via n/a 
2024-11-16 18:00:09,500 1380 INFO pharmacie2 odoo.modules.loading: loading 8 modules... 
2024-11-16 18:00:09,501 1380 INFO pharmacie2 odoo.modules.loading: Loading module web (2/8) 
2024-11-16 18:00:09,562 1380 INFO pharmacie2 odoo.modules.registry: module web: creating or updating database tables 
2024-11-16 18:00:10,975 1380 INFO pharmacie2 odoo.modules.loading: loading web/security/ir.model.access.csv 
2024-11-16 18:00:11,030 1380 INFO pharmacie2 odoo.modules.loading: loading web/views/webclient_templates.xml 
2024-11-16 18:00:11,257 1380 INFO pharmacie2 odoo.modules.loading: loading web/views/report_templates.xml 
2024-11-16 18:00:11,542 1380 INFO pharmacie2 odoo.modules.loading: loading web/views/base_document_layout_views.xml 
2024-11-16 18:00:11,597 1380 INFO pharmacie2 odoo.modules.loading: loading web/views/speedscope_template.xml 
2024-11-16 18:00:11,648 1380 INFO pharmacie2 odoo.modules.loading: loading web/views/lazy_assets.xml 
2024-11-16 18:00:11,676 1380 INFO pharmacie2 odoo.modules.loading: loading web/views/neutralize_views.xml 
2024-11-16 18:00:11,699 1380 INFO pharmacie2 odoo.modules.loading: loading web/data/ir_attachment.xml 
2024-11-16 18:00:11,725 1380 INFO pharmacie2 odoo.modules.loading: loading web/data/report_layout.xml 
2024-11-16 18:00:11,810 1380 INFO pharmacie2 odoo.addons.base.models.ir_module: module web: loading translation file fr for language fr_FR 
2024-11-16 18:00:11,989 1380 INFO pharmacie2 odoo.modules.loading: Module web loaded in 2.49s, 891 queries (+891 other) 
2024-11-16 18:00:11,989 1380 INFO pharmacie2 odoo.modules.loading: Loading module auth_totp (3/8) 
2024-11-16 18:00:12,016 1380 INFO pharmacie2 odoo.modules.registry: module auth_totp: creating or updating database tables 
2024-11-16 18:00:12,150 1380 INFO pharmacie2 odoo.modules.loading: loading auth_totp/security/security.xml 
2024-11-16 18:00:12,220 1380 INFO pharmacie2 odoo.modules.loading: loading auth_totp/security/ir.model.access.csv 
2024-11-16 18:00:12,246 1380 INFO pharmacie2 odoo.modules.loading: loading auth_totp/data/ir_action_data.xml 
2024-11-16 18:00:12,272 1380 INFO pharmacie2 odoo.modules.loading: loading auth_totp/views/res_users_views.xml 
2024-11-16 18:00:12,329 1380 INFO pharmacie2 odoo.modules.loading: loading auth_totp/views/templates.xml 
2024-11-16 18:00:12,353 1380 INFO pharmacie2 odoo.modules.loading: loading auth_totp/wizard/auth_totp_wizard_views.xml 
2024-11-16 18:00:12,385 1380 INFO pharmacie2 odoo.addons.base.models.ir_module: module auth_totp: loading translation file fr for language fr_FR 
2024-11-16 18:00:12,429 1380 INFO pharmacie2 odoo.modules.loading: Module auth_totp loaded in 0.44s, 181 queries (+183 other) 
2024-11-16 18:00:12,429 1380 INFO pharmacie2 odoo.modules.loading: Loading module base_import (4/8) 
2024-11-16 18:00:12,466 1380 INFO pharmacie2 odoo.modules.registry: module base_import: creating or updating database tables 
2024-11-16 18:00:14,355 1380 INFO pharmacie2 odoo.modules.loading: loading base_import/security/ir.model.access.csv 
2024-11-16 18:00:14,444 1380 INFO pharmacie2 odoo.addons.base.models.ir_module: module base_import: loading translation file fr for language fr_FR 
2024-11-16 18:00:14,493 1380 INFO pharmacie2 odoo.modules.loading: Module base_import loaded in 2.06s, 895 queries (+895 other) 
2024-11-16 18:00:14,493 1380 INFO pharmacie2 odoo.modules.loading: Loading module bus (5/8) 
2024-11-16 18:00:14,523 1380 INFO pharmacie2 odoo.modules.registry: module bus: creating or updating database tables 
2024-11-16 18:00:14,715 1380 INFO pharmacie2 odoo.modules.loading: loading bus/security/ir.model.access.csv 
2024-11-16 18:00:14,769 1380 INFO pharmacie2 odoo.addons.base.models.ir_module: module bus: loading translation file fr for language fr_FR 
2024-11-16 18:00:14,827 1380 INFO pharmacie2 odoo.modules.loading: Module bus loaded in 0.33s, 107 queries (+107 other) 
2024-11-16 18:00:14,828 1380 INFO pharmacie2 odoo.modules.loading: Loading module web_kanban_gauge (6/8) 
2024-11-16 18:00:14,894 1380 INFO pharmacie2 odoo.addons.base.models.ir_module: module web_kanban_gauge: loading translation file fr for language fr_FR 
2024-11-16 18:00:14,922 1380 INFO pharmacie2 odoo.modules.loading: Module web_kanban_gauge loaded in 0.09s, 13 queries (+13 other) 
2024-11-16 18:00:14,923 1380 INFO pharmacie2 odoo.modules.loading: Loading module web_tour (7/8) 
2024-11-16 18:00:14,957 1380 INFO pharmacie2 odoo.modules.registry: module web_tour: creating or updating database tables 
2024-11-16 18:00:15,053 1380 INFO pharmacie2 odoo.modules.loading: loading web_tour/security/ir.model.access.csv 
2024-11-16 18:00:15,093 1380 INFO pharmacie2 odoo.modules.loading: loading web_tour/security/ir.rule.csv 
2024-11-16 18:00:15,130 1380 INFO pharmacie2 odoo.modules.loading: loading web_tour/views/tour_views.xml 
2024-11-16 18:00:15,275 1380 INFO pharmacie2 odoo.addons.base.models.ir_module: module web_tour: loading translation file fr for language fr_FR 
2024-11-16 18:00:15,307 1380 INFO pharmacie2 odoo.modules.loading: Module web_tour loaded in 0.38s, 108 queries (+108 other) 
2024-11-16 18:00:15,307 1380 INFO pharmacie2 odoo.modules.loading: Loading module web_editor (8/8) 
2024-11-16 18:00:15,363 1380 INFO pharmacie2 odoo.modules.registry: module web_editor: creating or updating database tables 
2024-11-16 18:00:16,826 1380 INFO pharmacie2 odoo.modules.loading: loading web_editor/security/ir.model.access.csv 
2024-11-16 18:00:16,866 1380 INFO pharmacie2 odoo.modules.loading: loading web_editor/data/editor_assets.xml 
2024-11-16 18:00:16,897 1380 INFO pharmacie2 odoo.modules.loading: loading web_editor/views/editor.xml 
2024-11-16 18:00:17,000 1380 INFO pharmacie2 odoo.modules.loading: loading web_editor/views/snippets.xml 
2024-11-16 18:00:17,123 1380 INFO pharmacie2 odoo.addons.base.models.ir_module: module web_editor: loading translation file fr for language fr_FR 
2024-11-16 18:00:17,320 1380 INFO pharmacie2 odoo.modules.loading: Module web_editor loaded in 2.01s, 827 queries (+829 other) 
2024-11-16 18:00:17,321 1380 INFO pharmacie2 odoo.modules.loading: 8 modules loaded in 7.82s, 3022 queries (+3026 extra) 
2024-11-16 18:00:17,918 1380 INFO pharmacie2 odoo.modules.loading: Modules loaded. 
2024-11-16 18:00:17,948 1380 INFO pharmacie2 odoo.modules.registry: Registry loaded in 30.720s 
2024-11-16 18:00:17,960 1380 INFO pharmacie2 odoo.addons.base.models.ir_module: module base: loading translation file fr for language fr_FR 
2024-11-16 18:00:18,840 1380 INFO pharmacie2 odoo.addons.base.models.ir_module: module web: loading translation file fr for language fr_FR 
2024-11-16 18:00:18,966 1380 INFO pharmacie2 odoo.addons.base.models.ir_module: module auth_totp: loading translation file fr for language fr_FR 
2024-11-16 18:00:18,975 1380 INFO pharmacie2 odoo.addons.base.models.ir_module: module base_import: loading translation file fr for language fr_FR 
2024-11-16 18:00:18,998 1380 INFO pharmacie2 odoo.addons.base.models.ir_module: module bus: loading translation file fr for language fr_FR 
2024-11-16 18:00:19,006 1380 INFO pharmacie2 odoo.addons.base.models.ir_module: module web_editor: loading translation file fr for language fr_FR 
2024-11-16 18:00:19,065 1380 INFO pharmacie2 odoo.addons.base.models.ir_module: module web_kanban_gauge: loading translation file fr for language fr_FR 
2024-11-16 18:00:19,069 1380 INFO pharmacie2 odoo.addons.base.models.ir_module: module web_tour: loading translation file fr for language fr_FR 
2024-11-16 18:00:20,009 1380 INFO None odoo.service.db: Create database `pharmacie2`. 
2024-11-16 18:00:20,203 1380 ERROR None odoo.addons.web.controllers.database: Database creation error. 
Traceback (most recent call last):
  File "d:\opt\odoo\addons\web\controllers\database.py", line 81, in create
    dispatch_rpc('db', 'create_database', [master_pwd, name, bool(post.get('demo')), lang, password, post['login'], country_code, post['phone']])
  File "D:\opt\odoo\odoo\http.py", line 369, in dispatch_rpc
    return dispatch(method, params)
  File "D:\opt\odoo\odoo\service\db.py", line 480, in dispatch
    return g[exp_method_name](*params)
  File "<decorator-gen-20>", line 2, in exp_create_database
  File "D:\opt\odoo\odoo\service\db.py", line 43, in if_db_mgt_enabled
    return method(self, *args, **kwargs)
  File "D:\opt\odoo\odoo\service\db.py", line 140, in exp_create_database
    _create_empty_database(db_name)
  File "D:\opt\odoo\odoo\service\db.py", line 106, in _create_empty_database
    raise DatabaseExists("database %r already exists!" % (name,))
odoo.service.db.DatabaseExists: database 'pharmacie2' already exists!
2024-11-16 18:00:21,373 1380 INFO None werkzeug: 127.0.0.1 - - [16/Nov/2024 18:00:21] "POST /web/database/create HTTP/1.1" 200 - 9 0.029 5.311
2024-11-16 18:00:21,632 1380 INFO ? werkzeug: 127.0.0.1 - - [16/Nov/2024 18:00:21] "GET /web/static/lib/bootstrap/js/dist/dom/data.js HTTP/1.1" 200 - 0 0.000 0.004
2024-11-16 18:00:21,719 1380 INFO pharmacie2 odoo.addons.base.models.res_users: Login successful for db:pharmacie2 login:pharmacie2@gmail.com from 127.0.0.1 
2024-11-16 18:00:21,769 1380 INFO pharmacie2 werkzeug: 127.0.0.1 - - [16/Nov/2024 18:00:21] "POST /web/database/create HTTP/1.1" 303 - 15808 18.771 19.041
2024-11-16 18:00:34,217 1380 INFO ? werkzeug: 127.0.0.1 - - [16/Nov/2024 18:00:34] "GET /web?db=pharmacie2 HTTP/1.1" 302 - 1 0.011 0.142
2024-11-16 18:00:34,276 1380 INFO pharmacie2 odoo.addons.base.models.ir_http: Generating routing map for key None 
2024-11-16 18:00:34,368 1380 INFO pharmacie2 werkzeug: 127.0.0.1 - - [16/Nov/2024 18:00:34] "GET /web?db=pharmacie2 HTTP/1.1" 303 - 5 0.010 0.110
2024-11-16 18:00:35,019 1380 INFO pharmacie2 odoo.addons.base.models.assetsbundle: Failed to find attachment for assets /web/assets/%-4c1513f/web.assets_frontend.min.css 
2024-11-16 18:00:41,808 1380 INFO pharmacie2 odoo.addons.base.models.assetsbundle: Failed to find attachment for assets /web/assets/%-e57edb0/web.assets_frontend_minimal.min.js 
2024-11-16 18:00:42,048 1380 INFO pharmacie2 odoo.addons.base.models.assetsbundle: Failed to find attachment for assets /web/assets/%-20a350e/web.assets_frontend_lazy.min.js 
2024-11-16 18:00:43,168 1380 INFO pharmacie2 werkzeug: 127.0.0.1 - - [16/Nov/2024 18:00:43] "GET /web/login HTTP/1.1" 200 - 66 0.075 8.713
2024-11-16 18:00:43,269 1380 INFO pharmacie2 werkzeug: 127.0.0.1 - - [16/Nov/2024 18:00:43] "GET /web/assets/15-4c1513f/web.assets_frontend.min.css HTTP/1.1" 200 - 6 0.005 0.018
2024-11-16 18:00:43,479 1380 INFO pharmacie2 werkzeug: 127.0.0.1 - - [16/Nov/2024 18:00:43] "GET /web/assets/16-e57edb0/web.assets_frontend_minimal.min.js HTTP/1.1" 200 - 5 0.011 0.220
2024-11-16 18:00:43,498 1380 INFO pharmacie2 werkzeug: 127.0.0.1 - - [16/Nov/2024 18:00:43] "GET /web/binary/company_logo HTTP/1.1" 200 - 2 0.021 0.205
2024-11-16 18:00:43,915 1380 INFO pharmacie2 werkzeug: 127.0.0.1 - - [16/Nov/2024 18:00:43] "GET /web/assets/17-20a350e/web.assets_frontend_lazy.min.js HTTP/1.1" 200 - 5 0.011 0.323
2024-11-16 18:00:44,254 1380 INFO pharmacie2 werkzeug: 127.0.0.1 - - [16/Nov/2024 18:00:44] "GET /web/webclient/translations/1731780044217 HTTP/1.1" 200 - 3 0.008 0.012
2024-11-16 18:00:44,256 1380 INFO pharmacie2 werkzeug: 127.0.0.1 - - [16/Nov/2024 18:00:44] "GET /web/webclient/locale/fr_FR HTTP/1.1" 200 - 1 0.003 0.007
2024-11-16 18:00:44,283 1380 INFO pharmacie2 werkzeug: 127.0.0.1 - - [16/Nov/2024 18:00:44] "GET /web/webclient/translations/1731780044264 HTTP/1.1" 200 - 3 0.001 0.013
2024-11-16 18:00:52,085 1380 INFO pharmacie2 odoo.addons.base.models.res_users: Login failed for db:pharmacie2 login:pharmacie2 from 127.0.0.1 
2024-11-16 18:00:52,092 1380 INFO pharmacie2 werkzeug: 127.0.0.1 - - [16/Nov/2024 18:00:52] "POST /web/login HTTP/1.1" 200 - 7 0.025 0.129
2024-11-16 18:00:52,295 1380 INFO pharmacie2 werkzeug: 127.0.0.1 - - [16/Nov/2024 18:00:52] "GET /web/binary/company_logo?dbname=pharmacie2 HTTP/1.1" 200 - 2 0.002 0.009
2024-11-16 18:00:52,780 1380 INFO pharmacie2 werkzeug: 127.0.0.1 - - [16/Nov/2024 18:00:52] "GET /web/webclient/translations/1731780052746 HTTP/1.1" 200 - 3 0.011 0.015
2024-11-16 18:00:52,827 1380 INFO pharmacie2 werkzeug: 127.0.0.1 - - [16/Nov/2024 18:00:52] "GET /web/webclient/translations/1731780052807 HTTP/1.1" 200 - 3 0.003 0.009
2024-11-16 18:01:11,476 1380 INFO pharmacie2 odoo.addons.base.models.res_users: Login successful for db:pharmacie2 login:pharmacie2@gmail.com from 127.0.0.1 
2024-11-16 18:01:11,503 1380 INFO pharmacie2 werkzeug: 127.0.0.1 - - [16/Nov/2024 18:01:11] "POST /web/login HTTP/1.1" 303 - 26 0.075 1.057
2024-11-16 18:01:12,042 1380 INFO pharmacie2 odoo.addons.base.models.assetsbundle: Failed to find attachment for assets /web/assets/%-9177d62/web.assets_common.min.css 
2024-11-16 18:01:12,722 1380 INFO pharmacie2 odoo.addons.base.models.ir_cron: Starting job `Base: Auto-vacuum internal data`. 
2024-11-16 18:01:13,632 1380 INFO pharmacie2 odoo.addons.base.models.assetsbundle: Failed to find attachment for assets /web/assets/%-8b38c9b/web.assets_backend.min.css 
2024-11-16 18:01:23,801 1380 ERROR pharmacie2 odoo.sql_db: bad query: LOCK ir_attachment IN SHARE MODE
ERROR: ERREUR:  annulation de la requte  cause du dlai coul pour l'obtention des verrous
 
2024-11-16 18:01:23,814 1380 ERROR pharmacie2 odoo.addons.base.models.ir_autovacuum: Failed ir.attachment()._gc_file_store() 
Traceback (most recent call last):
  File "D:\opt\odoo\odoo\addons\base\models\ir_autovacuum.py", line 38, in _run_vacuum_cleaner
    func(model)
  File "D:\opt\odoo\odoo\addons\base\models\ir_attachment.py", line 180, in _gc_file_store
    cr.execute("LOCK ir_attachment IN SHARE MODE")
  File "D:\opt\odoo\odoo\sql_db.py", line 321, in execute
    res = self._obj.execute(query, params)
psycopg2.errors.LockNotAvailable: ERREUR:  annulation de la requte  cause du dlai coul pour l'obtention des verrous

2024-11-16 18:01:23,955 1380 INFO pharmacie2 odoo.addons.base.models.assetsbundle: Failed to find attachment for assets /web/assets/%-9177d62/web.assets_common.min.js 
2024-11-16 18:01:23,956 1380 INFO pharmacie2 odoo.addons.base.models.res_users: GC'd 1 user log entries 
2024-11-16 18:01:24,249 1380 INFO pharmacie2 odoo.addons.auth_totp.models.auth_totp: GC'd 0 totp devices entries 
2024-11-16 18:01:24,304 1380 INFO pharmacie2 odoo.addons.base.models.ir_cron: Job `Base: Auto-vacuum internal data` done. 
2024-11-16 18:01:24,688 1380 INFO pharmacie2 odoo.addons.base.models.assetsbundle: Failed to find attachment for assets /web/assets/%-8b38c9b/web.assets_backend.min.js 
2024-11-16 18:01:27,429 1380 INFO pharmacie2 odoo.addons.base.models.assetsbundle: Failed to find attachment for assets /web/assets/%-dfa7660/web.assets_backend_prod_only.min.js 
2024-11-16 18:01:27,665 1380 INFO pharmacie2 werkzeug: 127.0.0.1 - - [16/Nov/2024 18:01:27] "GET /web HTTP/1.1" 200 - 94 0.193 15.956
2024-11-16 18:01:56,316 1380 INFO ? werkzeug: 127.0.0.1 - - [16/Nov/2024 18:01:56] "GET /web/login HTTP/1.1" 303 - 2 0.017 0.173
2024-11-16 18:01:57,519 1380 INFO ? werkzeug: 127.0.0.1 - - [16/Nov/2024 18:01:57] "GET /web/database/selector HTTP/1.1" 200 - 8 0.033 1.089
2024-11-16 18:02:10,006 1380 WARNING pharmacie2 odoo.http: CSRF validation failed on path '/web/login' 
2024-11-16 18:02:10,007 1380 INFO pharmacie2 werkzeug: 127.0.0.1 - - [16/Nov/2024 18:02:10] "POST /web/login HTTP/1.1" 400 - 1 0.001 0.010
2024-11-16 18:02:10,549 1380 INFO pharmacie2 werkzeug: 127.0.0.1 - - [16/Nov/2024 18:02:10] "GET /favicon.ico HTTP/1.1" 404 - 2 0.007 0.007
2024-11-16 18:02:17,874 1380 INFO pharmacie2 werkzeug: 127.0.0.1 - - [16/Nov/2024 18:02:17] "GET / HTTP/1.1" 303 - 2 0.001 0.009
2024-11-16 18:02:17,970 1380 INFO pharmacie2 werkzeug: 127.0.0.1 - - [16/Nov/2024 18:02:17] "GET /web HTTP/1.1" 200 - 9 0.056 0.021
2024-11-16 18:02:18,318 1380 INFO pharmacie2 werkzeug: 127.0.0.1 - - [16/Nov/2024 18:02:18] "GET /web/assets/19-8b38c9b/web.assets_backend.min.css HTTP/1.1" 200 - 4 0.006 0.127
2024-11-16 18:02:18,318 1380 INFO pharmacie2 werkzeug: 127.0.0.1 - - [16/Nov/2024 18:02:18] "GET /web/assets/18-9177d62/web.assets_common.min.css HTTP/1.1" 200 - 4 0.011 0.125
2024-11-16 18:02:18,368 1380 INFO pharmacie2 werkzeug: 127.0.0.1 - - [16/Nov/2024 18:02:18] "GET /web/assets/22-dfa7660/web.assets_backend_prod_only.min.js HTTP/1.1" 200 - 4 0.007 0.163
2024-11-16 18:02:18,494 1380 INFO pharmacie2 werkzeug: 127.0.0.1 - - [16/Nov/2024 18:02:18] "GET /web/assets/21-8b38c9b/web.assets_backend.min.js HTTP/1.1" 200 - 4 0.007 0.294
2024-11-16 18:02:18,708 1380 INFO pharmacie2 werkzeug: 127.0.0.1 - - [16/Nov/2024 18:02:18] "GET /web/assets/20-9177d62/web.assets_common.min.js HTTP/1.1" 200 - 4 0.021 0.497
2024-11-16 18:02:18,791 1380 INFO pharmacie2 werkzeug: 127.0.0.1 - - [16/Nov/2024 18:02:18] "GET /web/webclient/load_menus/a4b14bbc8a54ce712b5072351ca612b5dc896ee6acb8ecf0dfa99a0b299a2eb9 HTTP/1.1" 200 - 1 0.001 0.012
2024-11-16 18:02:18,822 1380 INFO pharmacie2 werkzeug: 127.0.0.1 - - [16/Nov/2024 18:02:18] "GET /web/webclient/translations/5c0fa2ad43b56814d9c3c7492566a46819c0ac07?lang=fr_FR HTTP/1.1" 200 - 3 0.022 0.014
2024-11-16 18:02:19,756 1380 INFO ? werkzeug: 127.0.0.1 - - [16/Nov/2024 18:02:19] "GET /web/static/img/mobile-icons/android-192x192.png HTTP/1.1" 200 - 0 0.000 0.016
2024-11-16 18:02:19,860 1380 INFO pharmacie2 werkzeug: 127.0.0.1 - - [16/Nov/2024 18:02:19] "GET /web/image?model=res.users&field=avatar_128&id=2 HTTP/1.1" 200 - 9 0.014 0.015
2024-11-16 18:02:19,885 1380 INFO ? werkzeug: 127.0.0.1 - - [16/Nov/2024 18:02:19] "GET /web/static/lib/odoo_ui_icons/fonts/odoo_ui_icons.woff2 HTTP/1.1" 200 - 0 0.000 0.024
2024-11-16 18:02:19,912 1380 INFO pharmacie2 werkzeug: 127.0.0.1 - - [16/Nov/2024 18:02:19] "POST /web/action/load HTTP/1.1" 200 - 11 0.060 0.019
2024-11-16 18:02:19,924 1380 INFO pharmacie2 odoo.addons.base.models.assetsbundle: Failed to find attachment for assets /web/assets/%-a58a24d/bus.websocket_worker_assets.min.js 
2024-11-16 18:02:20,026 1380 INFO pharmacie2 werkzeug: 127.0.0.1 - - [16/Nov/2024 18:02:20] "GET /bus/websocket_worker_bundle?v=1.0.5 HTTP/1.1" 200 - 9 0.016 0.113
2024-11-16 18:02:20,029 1380 INFO pharmacie2 werkzeug: 127.0.0.1 - - [16/Nov/2024 18:02:20] "POST /web/dataset/call_kw/ir.module.module/get_views HTTP/1.1" 200 - 43 0.043 0.045
2024-11-16 18:02:20,084 1380 INFO pharmacie2 werkzeug: 127.0.0.1 - - [16/Nov/2024 18:02:20] "GET /web/image/res.company/1/favicon HTTP/1.1" 200 - 10 0.019 0.028
2024-11-16 18:02:20,091 1380 INFO pharmacie2 werkzeug: 127.0.0.1 - - [16/Nov/2024 18:02:20] "POST /web/dataset/call_kw/ir.module.module/web_search_read HTTP/1.1" 200 - 4 0.009 0.009
2024-11-16 18:02:20,097 1380 INFO pharmacie2 werkzeug: 127.0.0.1 - - [16/Nov/2024 18:02:20] "GET /websocket HTTP/1.1" 101 - 1 0.001 0.020
2024-11-16 18:02:20,111 1380 INFO pharmacie2 werkzeug: 127.0.0.1 - - [16/Nov/2024 18:02:20] "GET /web/image/res.company/1/favicon HTTP/1.1" 200 - 5 0.008 0.020
2024-11-16 18:02:20,140 1380 INFO pharmacie2 werkzeug: 127.0.0.1 - - [16/Nov/2024 18:02:20] "POST /web/dataset/call_kw/ir.module.module/search_panel_select_range HTTP/1.1" 200 - 40 0.046 0.028
2024-11-16 18:02:20,408 1380 INFO ? odoo.addons.bus.models.bus: Bus.loop listen imbus on db postgres 
2024-11-16 18:02:20,566 1380 INFO ? werkzeug: 127.0.0.1 - - [16/Nov/2024 18:02:20] "GET /account/static/description/icon.png HTTP/1.1" 200 - 0 0.000 0.020
2024-11-16 18:02:20,566 1380 INFO ? werkzeug: 127.0.0.1 - - [16/Nov/2024 18:02:20] "GET /sale_management/static/description/icon.png HTTP/1.1" 200 - 0 0.000 0.022
2024-11-16 18:02:20,576 1380 INFO ? werkzeug: 127.0.0.1 - - [16/Nov/2024 18:02:20] "GET /website/static/description/icon.png HTTP/1.1" 200 - 0 0.000 0.024
2024-11-16 18:02:20,576 1380 INFO ? werkzeug: 127.0.0.1 - - [16/Nov/2024 18:02:20] "GET /crm/static/description/icon.png HTTP/1.1" 200 - 0 0.000 0.028
2024-11-16 18:02:20,578 1380 INFO ? werkzeug: 127.0.0.1 - - [16/Nov/2024 18:02:20] "GET /base/static/img/icons/mrp_workorder.png HTTP/1.1" 200 - 0 0.000 0.028
2024-11-16 18:02:20,579 1380 INFO ? werkzeug: 127.0.0.1 - - [16/Nov/2024 18:02:20] "GET /stock/static/description/icon.png HTTP/1.1" 200 - 0 0.000 0.023
2024-11-16 18:02:20,591 1380 INFO ? werkzeug: 127.0.0.1 - - [16/Nov/2024 18:02:20] "GET /base/static/img/icons/knowledge.png HTTP/1.1" 200 - 0 0.000 0.019
2024-11-16 18:02:20,593 1380 INFO ? werkzeug: 127.0.0.1 - - [16/Nov/2024 18:02:20] "GET /base/static/img/icons/account_accountant.png HTTP/1.1" 200 - 0 0.000 0.024
2024-11-16 18:02:20,607 1380 INFO ? werkzeug: 127.0.0.1 - - [16/Nov/2024 18:02:20] "GET /purchase/static/description/icon.png HTTP/1.1" 200 - 0 0.000 0.025
2024-11-16 18:02:20,609 1380 INFO ? werkzeug: 127.0.0.1 - - [16/Nov/2024 18:02:20] "GET /point_of_sale/static/description/icon.png HTTP/1.1" 200 - 0 0.000 0.025
2024-11-16 18:02:20,612 1380 INFO ? werkzeug: 127.0.0.1 - - [16/Nov/2024 18:02:20] "GET /website_sale/static/description/icon.png HTTP/1.1" 200 - 0 0.000 0.024
2024-11-16 18:02:20,613 1380 INFO ? werkzeug: 127.0.0.1 - - [16/Nov/2024 18:02:20] "GET /project/static/description/icon.png HTTP/1.1" 200 - 0 0.000 0.027
2024-11-16 18:02:20,621 1380 INFO ? werkzeug: 127.0.0.1 - - [16/Nov/2024 18:02:20] "GET /mrp/static/description/icon.png HTTP/1.1" 200 - 0 0.000 0.023
2024-11-16 18:02:20,621 1380 INFO ? werkzeug: 127.0.0.1 - - [16/Nov/2024 18:02:20] "GET /mass_mailing/static/description/icon.png HTTP/1.1" 200 - 0 0.000 0.022
2024-11-16 18:02:20,634 1380 INFO ? werkzeug: 127.0.0.1 - - [16/Nov/2024 18:02:20] "GET /base/static/img/icons/timesheet_grid.png HTTP/1.1" 200 - 0 0.000 0.023
2024-11-16 18:02:20,643 1380 INFO ? werkzeug: 127.0.0.1 - - [16/Nov/2024 18:02:20] "GET /hr_expense/static/description/icon.png HTTP/1.1" 200 - 0 0.000 0.027
2024-11-16 18:02:20,649 1380 INFO ? werkzeug: 127.0.0.1 - - [16/Nov/2024 18:02:20] "GET /base/static/img/icons/web_studio.png HTTP/1.1" 200 - 0 0.000 0.028
2024-11-16 18:02:20,656 1380 INFO ? werkzeug: 127.0.0.1 - - [16/Nov/2024 18:02:20] "GET /hr_holidays/static/description/icon.png HTTP/1.1" 200 - 0 0.000 0.031
2024-11-16 18:02:20,656 1380 INFO ? werkzeug: 127.0.0.1 - - [16/Nov/2024 18:02:20] "GET /base/static/img/icons/industry_fsm.png HTTP/1.1" 200 - 0 0.000 0.024
2024-11-16 18:02:20,657 1380 INFO ? werkzeug: 127.0.0.1 - - [16/Nov/2024 18:02:20] "GET /hr_recruitment/static/description/icon.png HTTP/1.1" 200 - 0 0.000 0.028
2024-11-16 18:02:20,662 1380 INFO ? werkzeug: 127.0.0.1 - - [16/Nov/2024 18:02:20] "GET /hr/static/description/icon.png HTTP/1.1" 200 - 0 0.000 0.022
2024-11-16 18:02:20,675 1380 INFO ? werkzeug: 127.0.0.1 - - [16/Nov/2024 18:02:20] "GET /data_recycle/static/description/icon.png HTTP/1.1" 200 - 0 0.000 0.027
2024-11-16 18:02:20,679 1380 INFO ? werkzeug: 127.0.0.1 - - [16/Nov/2024 18:02:20] "GET /maintenance/static/description/icon.png HTTP/1.1" 200 - 0 0.000 0.025
2024-11-16 18:02:20,685 1380 INFO ? werkzeug: 127.0.0.1 - - [16/Nov/2024 18:02:20] "GET /base/static/img/icons/sign.png HTTP/1.1" 200 - 0 0.000 0.025
2024-11-16 18:02:20,689 1380 INFO ? werkzeug: 127.0.0.1 - - [16/Nov/2024 18:02:20] "GET /base/static/img/icons/helpdesk.png HTTP/1.1" 200 - 0 0.000 0.025
2024-11-16 18:02:20,693 1380 INFO ? werkzeug: 127.0.0.1 - - [16/Nov/2024 18:02:20] "GET /base/static/img/icons/quality_control.png HTTP/1.1" 200 - 0 0.000 0.021
2024-11-16 18:02:20,695 1380 INFO ? werkzeug: 127.0.0.1 - - [16/Nov/2024 18:02:20] "GET /base/static/img/icons/sale_subscription.png HTTP/1.1" 200 - 0 0.000 0.025
2024-11-16 18:02:20,705 1380 INFO ? werkzeug: 127.0.0.1 - - [16/Nov/2024 18:02:20] "GET /website_slides/static/description/icon.png HTTP/1.1" 200 - 0 0.000 0.023
2024-11-16 18:02:20,707 1380 INFO ? werkzeug: 127.0.0.1 - - [16/Nov/2024 18:02:20] "GET /base/static/img/icons/planning.png HTTP/1.1" 200 - 0 0.000 0.022
2024-11-16 18:02:20,716 1380 INFO ? werkzeug: 127.0.0.1 - - [16/Nov/2024 18:02:20] "GET /website_event/static/description/icon.png HTTP/1.1" 200 - 0 0.000 0.025
2024-11-16 18:02:20,723 1380 INFO ? werkzeug: 127.0.0.1 - - [16/Nov/2024 18:02:20] "GET /mail/static/description/icon.png HTTP/1.1" 200 - 0 0.000 0.027
2024-11-16 18:02:20,725 1380 INFO ? werkzeug: 127.0.0.1 - - [16/Nov/2024 18:02:20] "GET /base/static/img/icons/mrp_plm.png HTTP/1.1" 200 - 0 0.000 0.022
2024-11-16 18:02:20,726 1380 INFO ? werkzeug: 127.0.0.1 - - [16/Nov/2024 18:02:20] "GET /contacts/static/description/icon.png HTTP/1.1" 200 - 0 0.000 0.027
2024-11-16 18:02:20,732 1380 INFO ? werkzeug: 127.0.0.1 - - [16/Nov/2024 18:02:20] "GET /calendar/static/description/icon.png HTTP/1.1" 200 - 0 0.000 0.021
2024-11-16 18:02:20,735 1380 INFO ? werkzeug: 127.0.0.1 - - [16/Nov/2024 18:02:20] "GET /base/static/img/icons/social.png HTTP/1.1" 200 - 0 0.000 0.021
2024-11-16 18:02:20,744 1380 INFO ? werkzeug: 127.0.0.1 - - [16/Nov/2024 18:02:20] "GET /base/static/img/icons/hr_appraisal.png HTTP/1.1" 200 - 0 0.000 0.024
2024-11-16 18:02:20,750 1380 INFO ? werkzeug: 127.0.0.1 - - [16/Nov/2024 18:02:20] "GET /fleet/static/description/icon.png HTTP/1.1" 200 - 0 0.000 0.023
2024-11-16 18:02:20,758 1380 INFO ? werkzeug: 127.0.0.1 - - [16/Nov/2024 18:02:20] "GET /base/static/img/icons/marketing_automation.png HTTP/1.1" 200 - 0 0.000 0.027
2024-11-16 18:02:20,764 1380 INFO ? werkzeug: 127.0.0.1 - - [16/Nov/2024 18:02:20] "GET /im_livechat/static/description/icon.png HTTP/1.1" 200 - 0 0.000 0.028
2024-11-16 18:02:20,764 1380 INFO ? werkzeug: 127.0.0.1 - - [16/Nov/2024 18:02:20] "GET /base/static/img/icons/appointment.png HTTP/1.1" 200 - 0 0.000 0.026
2024-11-16 18:02:20,769 1380 INFO ? werkzeug: 127.0.0.1 - - [16/Nov/2024 18:02:20] "GET /survey/static/description/icon.png HTTP/1.1" 200 - 0 0.000 0.025
2024-11-16 18:02:20,770 1380 INFO ? werkzeug: 127.0.0.1 - - [16/Nov/2024 18:02:20] "GET /base/static/img/icons/web_mobile.png HTTP/1.1" 200 - 0 0.000 0.022
2024-11-16 18:02:20,774 1380 INFO ? werkzeug: 127.0.0.1 - - [16/Nov/2024 18:02:20] "GET /repair/static/description/icon.png HTTP/1.1" 200 - 0 0.000 0.020
2024-11-16 18:02:20,787 1380 INFO ? werkzeug: 127.0.0.1 - - [16/Nov/2024 18:02:20] "GET /mass_mailing_sms/static/description/icon.png HTTP/1.1" 200 - 0 0.000 0.026
2024-11-16 18:02:20,794 1380 INFO ? werkzeug: 127.0.0.1 - - [16/Nov/2024 18:02:20] "GET /base/static/img/icons/stock_barcode.png HTTP/1.1" 200 - 0 0.000 0.025
2024-11-16 18:02:20,799 1380 INFO ? werkzeug: 127.0.0.1 - - [16/Nov/2024 18:02:20] "GET /note/static/description/icon.png HTTP/1.1" 200 - 0 0.000 0.028
2024-11-16 18:02:20,808 1380 INFO ? werkzeug: 127.0.0.1 - - [16/Nov/2024 18:02:20] "GET /base/static/img/icons/voip.png HTTP/1.1" 200 - 0 0.000 0.027
2024-11-16 18:02:20,808 1380 INFO ? werkzeug: 127.0.0.1 - - [16/Nov/2024 18:02:20] "GET /hr_skills/static/description/icon.png HTTP/1.1" 200 - 0 0.000 0.032
2024-11-16 18:02:20,810 1380 INFO ? werkzeug: 127.0.0.1 - - [16/Nov/2024 18:02:20] "GET /lunch/static/description/icon.png HTTP/1.1" 200 - 0 0.000 0.024
2024-11-16 18:02:20,812 1380 INFO ? werkzeug: 127.0.0.1 - - [16/Nov/2024 18:02:20] "GET /website_hr_recruitment/static/description/icon.png HTTP/1.1" 200 - 0 0.000 0.020
2024-11-16 18:02:20,815 1380 INFO ? werkzeug: 127.0.0.1 - - [16/Nov/2024 18:02:20] "GET /base/static/img/icons/sale_ebay.png HTTP/1.1" 200 - 0 0.000 0.017
2024-11-16 18:02:20,825 1380 INFO ? werkzeug: 127.0.0.1 - - [16/Nov/2024 18:02:20] "GET /hr_contract/static/description/icon.png HTTP/1.1" 200 - 0 0.000 0.022
2024-11-16 18:02:20,894 1380 INFO ? werkzeug: 127.0.0.1 - - [16/Nov/2024 18:02:20] "GET /hr_attendance/static/description/icon.png HTTP/1.1" 200 - 0 0.000 0.017
2024-11-16 18:02:30,248 1380 INFO pharmacie2 werkzeug: 127.0.0.1 - - [16/Nov/2024 18:02:30] "GET /web/session/logout HTTP/1.1" 303 - 1 0.001 0.011
2024-11-16 18:02:30,268 1380 INFO pharmacie2 werkzeug: 127.0.0.1 - - [16/Nov/2024 18:02:30] "GET /web HTTP/1.1" 303 - 1 0.001 0.006
2024-11-16 18:02:30,380 1380 INFO pharmacie2 werkzeug: 127.0.0.1 - - [16/Nov/2024 18:02:30] "GET /web/login HTTP/1.1" 200 - 4 0.010 0.078
2024-11-16 18:02:30,613 1380 INFO ? werkzeug: 127.0.0.1 - - [16/Nov/2024 18:02:30] "GET /web/static/src/libs/fontawesome/fonts/fontawesome-webfont.woff2?v=4.7.0 HTTP/1.1" 200 - 0 0.000 0.005
2024-11-16 18:02:30,645 1380 INFO pharmacie2 werkzeug: 127.0.0.1 - - [16/Nov/2024 18:02:30] "GET /web/binary/company_logo HTTP/1.1" 304 - 2 0.008 0.008
2024-11-16 18:02:31,078 1380 INFO pharmacie2 werkzeug: 127.0.0.1 - - [16/Nov/2024 18:02:31] "GET /web/webclient/translations/1731780151053 HTTP/1.1" 200 - 3 0.003 0.015
2024-11-16 18:02:31,110 1380 INFO pharmacie2 werkzeug: 127.0.0.1 - - [16/Nov/2024 18:02:31] "GET /web/webclient/translations/1731780151093 HTTP/1.1" 200 - 3 0.002 0.010
2024-11-16 18:02:36,559 1380 INFO pharmacie2 odoo.addons.base.models.res_users: Login successful for db:pharmacie2 login:pharmacie2@gmail.com from 127.0.0.1 
2024-11-16 18:02:36,587 1380 INFO pharmacie2 werkzeug: 127.0.0.1 - - [16/Nov/2024 18:02:36] "POST /web/login HTTP/1.1" 303 - 17 0.037 1.249
2024-11-16 18:02:36,656 1380 INFO pharmacie2 werkzeug: 127.0.0.1 - - [16/Nov/2024 18:02:36] "GET /web HTTP/1.1" 200 - 9 0.008 0.048
2024-11-16 18:02:36,837 1380 INFO pharmacie2 werkzeug: 127.0.0.1 - - [16/Nov/2024 18:02:36] "GET /web/assets/22-dfa7660/web.assets_backend_prod_only.min.js HTTP/1.1" 200 - 4 0.004 0.015
2024-11-16 18:02:36,856 1380 INFO pharmacie2 werkzeug: 127.0.0.1 - - [16/Nov/2024 18:02:36] "GET /web/webclient/load_menus/a4b14bbc8a54ce712b5072351ca612b5dc896ee6acb8ecf0dfa99a0b299a2eb9 HTTP/1.1" 200 - 1 0.002 0.011
2024-11-16 18:02:36,877 1380 INFO pharmacie2 werkzeug: 127.0.0.1 - - [16/Nov/2024 18:02:36] "GET /web/webclient/translations/5c0fa2ad43b56814d9c3c7492566a46819c0ac07?lang=fr_FR HTTP/1.1" 200 - 2 0.011 0.021
2024-11-16 18:02:37,652 1380 INFO pharmacie2 werkzeug: 127.0.0.1 - - [16/Nov/2024 18:02:37] "GET /web/image?model=res.users&field=avatar_128&id=2 HTTP/1.1" 304 - 8 0.010 0.013
2024-11-16 18:02:37,655 1380 INFO pharmacie2 werkzeug: 127.0.0.1 - - [16/Nov/2024 18:02:37] "POST /web/action/load HTTP/1.1" 200 - 10 0.015 0.013
2024-11-16 18:02:37,687 1380 INFO pharmacie2 werkzeug: 127.0.0.1 - - [16/Nov/2024 18:02:37] "POST /web/dataset/call_kw/ir.module.module/get_views HTTP/1.1" 200 - 3 0.010 0.012
2024-11-16 18:02:37,740 1380 INFO pharmacie2 werkzeug: 127.0.0.1 - - [16/Nov/2024 18:02:37] "POST /web/dataset/call_kw/ir.module.module/web_search_read HTTP/1.1" 200 - 3 0.010 0.011
2024-11-16 18:02:37,776 1380 INFO pharmacie2 werkzeug: 127.0.0.1 - - [16/Nov/2024 18:02:37] "POST /web/dataset/call_kw/ir.module.module/search_panel_select_range HTTP/1.1" 200 - 37 0.031 0.028
2024-11-16 18:02:46,180 1380 INFO pharmacie2 werkzeug: 127.0.0.1 - - [16/Nov/2024 18:02:46] "POST /web/dataset/call_kw/ir.module.module/search_panel_select_range HTTP/1.1" 200 - 37 0.053 0.031
2024-11-16 18:02:46,208 1380 INFO pharmacie2 werkzeug: 127.0.0.1 - - [16/Nov/2024 18:02:46] "POST /web/dataset/call_kw/ir.module.module/web_search_read HTTP/1.1" 200 - 3 0.004 0.009
2024-11-16 18:02:48,933 1380 INFO pharmacie2 odoo.addons.base.models.ir_module: ALLOW access to module.button_immediate_install on ['Point de vente'] to user pharmacie2@gmail.com #2 via 127.0.0.1 
2024-11-16 18:02:48,934 1380 INFO pharmacie2 odoo.addons.base.models.ir_module: User #2 triggered module installation 
2024-11-16 18:02:48,936 1380 INFO pharmacie2 odoo.addons.base.models.ir_module: ALLOW access to module.button_install on ['Point de vente'] to user pharmacie2@gmail.com #2 via 127.0.0.1 
2024-11-16 18:02:49,404 1380 INFO pharmacie2 odoo.modules.loading: loading 1 modules... 
2024-11-16 18:02:49,420 1380 INFO pharmacie2 odoo.modules.loading: 1 modules loaded in 0.02s, 0 queries (+0 extra) 
2024-11-16 18:02:49,463 1380 INFO pharmacie2 odoo.modules.loading: updating modules list 
2024-11-16 18:02:49,469 1380 INFO pharmacie2 odoo.addons.base.models.ir_module: ALLOW access to module.update_list on [] to user __system__ #1 via 127.0.0.1 
2024-11-16 18:02:50,671 1380 INFO pharmacie2 odoo.modules.loading: loading 8 modules... 
2024-11-16 18:02:50,681 1380 INFO pharmacie2 odoo.modules.loading: 8 modules loaded in 0.01s, 0 queries (+0 extra) 
2024-11-16 18:02:50,690 1380 INFO pharmacie2 odoo.modules.loading: loading 51 modules... 
2024-11-16 18:02:50,690 1380 INFO pharmacie2 odoo.modules.loading: Loading module uom (2/51) 
2024-11-16 18:02:50,748 1380 INFO pharmacie2 odoo.modules.registry: module uom: creating or updating database tables 
2024-11-16 18:02:51,163 1380 INFO pharmacie2 odoo.modules.loading: loading uom/data/uom_data.xml 
2024-11-16 18:02:51,297 1380 INFO pharmacie2 odoo.modules.loading: loading uom/security/uom_security.xml 
2024-11-16 18:02:51,365 1380 INFO pharmacie2 odoo.modules.loading: loading uom/security/ir.model.access.csv 
2024-11-16 18:02:51,400 1380 INFO pharmacie2 odoo.modules.loading: loading uom/views/uom_uom_views.xml 
2024-11-16 18:02:51,476 1380 INFO pharmacie2 odoo.addons.base.models.ir_module: module uom: loading translation file fr for language fr_FR 
2024-11-16 18:02:51,528 1380 INFO pharmacie2 odoo.modules.loading: Module uom loaded in 0.84s, 297 queries (+297 other) 
2024-11-16 18:02:51,528 1380 INFO pharmacie2 odoo.modules.loading: Loading module barcodes (5/51) 
2024-11-16 18:02:51,559 1380 INFO pharmacie2 odoo.modules.registry: module barcodes: creating or updating database tables 
2024-11-16 18:02:51,707 1380 INFO pharmacie2 odoo.modules.loading: loading barcodes/data/barcodes_data.xml 
2024-11-16 18:02:51,731 1380 INFO pharmacie2 odoo.modules.loading: loading barcodes/views/barcodes_view.xml 
2024-11-16 18:02:51,826 1380 INFO pharmacie2 odoo.modules.loading: loading barcodes/security/ir.model.access.csv 
2024-11-16 18:02:51,874 1380 INFO pharmacie2 odoo.addons.base.models.ir_module: module barcodes: loading translation file fr for language fr_FR 
2024-11-16 18:02:51,977 1380 INFO pharmacie2 odoo.modules.loading: Module barcodes loaded in 0.45s, 142 queries (+142 other) 
2024-11-16 18:02:51,977 1380 INFO pharmacie2 odoo.modules.loading: Loading module base_setup (7/51) 
2024-11-16 18:02:52,026 1380 INFO pharmacie2 odoo.modules.registry: module base_setup: creating or updating database tables 
2024-11-16 18:02:52,112 1380 INFO pharmacie2 odoo.modules.loading: loading base_setup/data/base_setup_data.xml 
2024-11-16 18:02:52,133 1380 INFO pharmacie2 odoo.modules.loading: loading base_setup/views/res_config_settings_views.xml 
2024-11-16 18:02:52,212 1380 INFO ? werkzeug: 127.0.0.1 - - [16/Nov/2024 18:02:52] "GET /web/static/img/spin.svg HTTP/1.1" 200 - 0 0.000 0.024
2024-11-16 18:02:52,275 1380 INFO pharmacie2 odoo.modules.loading: loading base_setup/views/res_partner_views.xml 
2024-11-16 18:02:52,312 1380 INFO pharmacie2 odoo.addons.base.models.ir_module: module base_setup: loading translation file fr for language fr_FR 
2024-11-16 18:02:52,372 1380 INFO pharmacie2 odoo.modules.loading: Module base_setup loaded in 0.40s, 161 queries (+161 other) 
2024-11-16 18:02:52,372 1380 INFO pharmacie2 odoo.modules.loading: Loading module http_routing (9/51) 
2024-11-16 18:02:52,411 1380 INFO pharmacie2 odoo.modules.registry: module http_routing: creating or updating database tables 
2024-11-16 18:02:52,431 1380 INFO pharmacie2 odoo.modules.loading: loading http_routing/views/http_routing_template.xml 
2024-11-16 18:02:52,548 1380 INFO pharmacie2 odoo.modules.loading: loading http_routing/views/res_lang_views.xml 
2024-11-16 18:02:52,602 1380 INFO pharmacie2 odoo.addons.base.models.ir_module: module http_routing: loading translation file fr for language fr_FR 
2024-11-16 18:02:52,632 1380 INFO pharmacie2 odoo.modules.loading: Module http_routing loaded in 0.26s, 81 queries (+81 other) 
2024-11-16 18:02:52,632 1380 INFO pharmacie2 odoo.modules.loading: Loading module resource (10/51) 
2024-11-16 18:02:52,670 1380 INFO pharmacie2 odoo.modules.registry: module resource: creating or updating database tables 
2024-11-16 18:02:53,060 1380 INFO pharmacie2 odoo.modules.loading: loading resource/data/resource_data.xml 
2024-11-16 18:02:53,182 1380 INFO pharmacie2 odoo.modules.loading: loading resource/security/ir.model.access.csv 
2024-11-16 18:02:53,227 1380 INFO pharmacie2 odoo.modules.loading: loading resource/security/resource_security.xml 
2024-11-16 18:02:53,312 1380 INFO pharmacie2 odoo.modules.loading: loading resource/views/resource_views.xml 
2024-11-16 18:02:53,550 1380 INFO pharmacie2 odoo.addons.base.models.ir_module: module resource: loading translation file fr for language fr_FR 
2024-11-16 18:02:53,654 1380 INFO pharmacie2 odoo.modules.loading: Module resource loaded in 1.02s, 438 queries (+438 other) 
2024-11-16 18:02:53,654 1380 INFO pharmacie2 odoo.modules.loading: Loading module barcodes_gs1_nomenclature (13/51) 
2024-11-16 18:02:53,692 1380 INFO pharmacie2 odoo.modules.registry: module barcodes_gs1_nomenclature: creating or updating database tables 
2024-11-16 18:02:53,782 1380 INFO pharmacie2 odoo.modules.loading: loading barcodes_gs1_nomenclature/data/barcodes_gs1_rules.xml 
2024-11-16 18:02:54,000 1380 INFO pharmacie2 odoo.modules.loading: loading barcodes_gs1_nomenclature/views/barcodes_view.xml 
2024-11-16 18:02:54,073 1380 INFO pharmacie2 odoo.addons.base.models.ir_module: module barcodes_gs1_nomenclature: loading translation file fr for language fr_FR 
2024-11-16 18:02:54,100 1380 INFO pharmacie2 odoo.modules.loading: Module barcodes_gs1_nomenclature loaded in 0.45s, 200 queries (+200 other) 
2024-11-16 18:02:54,100 1380 INFO pharmacie2 odoo.modules.loading: Loading module iap (14/51) 
2024-11-16 18:02:54,140 1380 INFO pharmacie2 odoo.modules.registry: module iap: creating or updating database tables 
2024-11-16 18:02:54,291 1380 INFO pharmacie2 odoo.modules.loading: loading iap/security/ir.model.access.csv 
2024-11-16 18:02:54,320 1380 INFO pharmacie2 odoo.modules.loading: loading iap/security/ir_rule.xml 
2024-11-16 18:02:54,350 1380 INFO pharmacie2 odoo.modules.loading: loading iap/views/iap_views.xml 
2024-11-16 18:02:54,415 1380 INFO pharmacie2 odoo.modules.loading: loading iap/views/res_config_settings.xml 
2024-11-16 18:02:54,502 1380 INFO pharmacie2 odoo.addons.base.models.ir_module: module iap: loading translation file fr for language fr_FR 
2024-11-16 18:02:54,560 1380 INFO pharmacie2 odoo.modules.loading: Module iap loaded in 0.46s, 151 queries (+151 other) 
2024-11-16 18:02:54,560 1380 INFO pharmacie2 odoo.modules.loading: Loading module mail (15/51) 
2024-11-16 18:02:54,642 1380 INFO pharmacie2 odoo.modules.registry: module mail: creating or updating database tables 
2024-11-16 18:02:55,574 1380 INFO pharmacie2 odoo.models: Prepare computation of ir.actions.server.partner_ids 
2024-11-16 18:02:55,575 1380 INFO pharmacie2 odoo.models: Prepare computation of ir.actions.server.template_id 
2024-11-16 18:02:55,575 1380 INFO pharmacie2 odoo.models: Prepare computation of ir.actions.server.activity_type_id 
2024-11-16 18:02:55,575 1380 INFO pharmacie2 odoo.models: Prepare computation of ir.actions.server.activity_date_deadline_range 
2024-11-16 18:02:55,575 1380 INFO pharmacie2 odoo.models: Prepare computation of ir.actions.server.activity_user_id 
2024-11-16 18:02:55,575 1380 INFO pharmacie2 odoo.models: Prepare computation of ir.actions.server.mail_post_method 
2024-11-16 18:02:55,575 1380 INFO pharmacie2 odoo.models: Prepare computation of ir.actions.server.activity_summary 
2024-11-16 18:02:55,575 1380 INFO pharmacie2 odoo.models: Prepare computation of ir.actions.server.activity_date_deadline_range_type 
2024-11-16 18:02:55,575 1380 INFO pharmacie2 odoo.models: Prepare computation of ir.actions.server.activity_user_type 
2024-11-16 18:02:55,575 1380 INFO pharmacie2 odoo.models: Prepare computation of ir.actions.server.activity_user_field_name 
2024-11-16 18:02:55,575 1380 INFO pharmacie2 odoo.models: Prepare computation of ir.actions.server.activity_note 
2024-11-16 18:02:55,575 1380 INFO pharmacie2 odoo.models: Prepare computation of ir.actions.server.mail_post_autofollow 
2024-11-16 18:02:55,691 1380 INFO pharmacie2 odoo.models: Prepare computation of res.partner.email_normalized 
2024-11-16 18:02:55,706 1380 INFO pharmacie2 odoo.models: Prepare computation of res.users.notification_type 
2024-11-16 18:02:59,190 1380 INFO pharmacie2 odoo.modules.loading: loading mail/data/mail_groups.xml 
2024-11-16 18:02:59,378 1380 INFO pharmacie2 odoo.modules.loading: loading mail/wizard/mail_blacklist_remove_views.xml 
2024-11-16 18:02:59,448 1380 INFO pharmacie2 odoo.modules.loading: loading mail/wizard/mail_compose_message_views.xml 
2024-11-16 18:02:59,507 1380 INFO pharmacie2 odoo.modules.loading: loading mail/wizard/mail_resend_message_views.xml 
2024-11-16 18:02:59,547 1380 INFO pharmacie2 odoo.modules.loading: loading mail/wizard/mail_template_preview_views.xml 
2024-11-16 18:02:59,594 1380 INFO pharmacie2 odoo.modules.loading: loading mail/wizard/mail_wizard_invite_views.xml 
2024-11-16 18:02:59,626 1380 INFO pharmacie2 odoo.modules.loading: loading mail/wizard/mail_template_reset_views.xml 
2024-11-16 18:02:59,670 1380 INFO pharmacie2 odoo.modules.loading: loading mail/views/fetchmail_views.xml 
2024-11-16 18:02:59,729 1380 INFO pharmacie2 odoo.modules.loading: loading mail/views/mail_message_subtype_views.xml 
2024-11-16 18:02:59,778 1380 INFO pharmacie2 odoo.modules.loading: loading mail/views/mail_tracking_views.xml 
2024-11-16 18:02:59,829 1380 INFO pharmacie2 odoo.modules.loading: loading mail/views/mail_notification_views.xml 
2024-11-16 18:02:59,873 1380 INFO pharmacie2 odoo.modules.loading: loading mail/views/mail_message_views.xml 
2024-11-16 18:02:59,961 1380 INFO pharmacie2 odoo.modules.loading: loading mail/views/mail_message_schedule_views.xml 
2024-11-16 18:03:00,023 1380 INFO pharmacie2 odoo.modules.loading: loading mail/views/mail_mail_views.xml 
2024-11-16 18:03:00,105 1380 INFO pharmacie2 odoo.modules.loading: loading mail/views/mail_followers_views.xml 
2024-11-16 18:03:00,145 1380 INFO pharmacie2 odoo.modules.loading: loading mail/views/mail_ice_server_views.xml 
2024-11-16 18:03:00,193 1380 INFO pharmacie2 odoo.modules.loading: loading mail/views/mail_channel_member_views.xml 
2024-11-16 18:03:00,237 1380 INFO pharmacie2 odoo.modules.loading: loading mail/views/mail_channel_rtc_session_views.xml 
2024-11-16 18:03:00,290 1380 INFO pharmacie2 odoo.modules.loading: loading mail/views/mail_link_preview_views.xml 
2024-11-16 18:03:00,326 1380 INFO pharmacie2 odoo.modules.loading: loading mail/views/mail_channel_views.xml 
2024-11-16 18:03:00,417 1380 INFO pharmacie2 odoo.modules.loading: loading mail/views/mail_shortcode_views.xml 
2024-11-16 18:03:00,474 1380 INFO pharmacie2 odoo.modules.loading: loading mail/views/mail_activity_views.xml 
2024-11-16 18:03:00,649 1380 INFO pharmacie2 odoo.modules.loading: loading mail/views/res_config_settings_views.xml 
2024-11-16 18:03:00,756 1380 INFO pharmacie2 odoo.modules.loading: loading mail/data/res_partner_data.xml 
2024-11-16 18:03:00,861 1380 INFO pharmacie2 odoo.modules.loading: loading mail/data/mail_message_subtype_data.xml 
2024-11-16 18:03:00,922 1380 INFO pharmacie2 odoo.modules.loading: loading mail/data/mail_templates_chatter.xml 
2024-11-16 18:03:00,987 1380 INFO pharmacie2 odoo.modules.loading: loading mail/data/mail_templates_email_layouts.xml 
2024-11-16 18:03:01,053 1380 INFO pharmacie2 odoo.modules.loading: loading mail/data/mail_templates_mailgateway.xml 
2024-11-16 18:03:01,093 1380 INFO pharmacie2 odoo.modules.loading: loading mail/data/mail_channel_data.xml 
2024-11-16 18:03:01,157 1380 INFO pharmacie2 odoo.modules.loading: loading mail/data/mail_activity_data.xml 
2024-11-16 18:03:01,210 1380 INFO pharmacie2 odoo.modules.loading: loading mail/data/ir_cron_data.xml 
2024-11-16 18:03:01,293 1380 INFO pharmacie2 odoo.modules.loading: loading mail/security/mail_security.xml 
2024-11-16 18:03:01,517 1380 INFO pharmacie2 odoo.modules.loading: loading mail/security/ir.model.access.csv 
2024-11-16 18:03:01,677 1380 INFO pharmacie2 odoo.modules.loading: loading mail/views/discuss_public_templates.xml 
2024-11-16 18:03:01,778 1380 INFO pharmacie2 odoo.modules.loading: loading mail/views/mail_alias_views.xml 
2024-11-16 18:03:01,828 1380 INFO pharmacie2 odoo.modules.loading: loading mail/views/mail_gateway_allowed_views.xml 
2024-11-16 18:03:01,871 1380 INFO pharmacie2 odoo.modules.loading: loading mail/views/mail_guest_views.xml 
2024-11-16 18:03:01,901 1380 INFO pharmacie2 odoo.modules.loading: loading mail/views/mail_message_reaction_views.xml 
2024-11-16 18:03:01,932 1380 INFO pharmacie2 odoo.modules.loading: loading mail/views/res_users_views.xml 
2024-11-16 18:03:01,993 1380 INFO pharmacie2 odoo.modules.loading: loading mail/views/res_users_settings_views.xml 
2024-11-16 18:03:02,035 1380 INFO pharmacie2 odoo.modules.loading: loading mail/views/mail_template_views.xml 
2024-11-16 18:03:02,102 1380 INFO pharmacie2 odoo.modules.loading: loading mail/views/ir_actions_server_views.xml 
2024-11-16 18:03:02,138 1380 INFO pharmacie2 odoo.modules.loading: loading mail/views/ir_model_views.xml 
2024-11-16 18:03:02,204 1380 INFO pharmacie2 odoo.modules.loading: loading mail/views/res_partner_views.xml 
2024-11-16 18:03:02,341 1380 INFO pharmacie2 odoo.modules.loading: loading mail/views/mail_blacklist_views.xml 
2024-11-16 18:03:02,395 1380 INFO pharmacie2 odoo.modules.loading: loading mail/views/mail_menus.xml 
2024-11-16 18:03:02,689 1380 INFO pharmacie2 odoo.addons.base.models.ir_module: module mail: loading translation file fr for language fr_FR 
2024-11-16 18:03:03,731 1380 INFO pharmacie2 odoo.modules.loading: Module mail loaded in 9.17s, 3482 queries (+3482 other) 
2024-11-16 18:03:03,731 1380 INFO pharmacie2 odoo.modules.loading: Loading module spreadsheet (16/51) 
2024-11-16 18:03:03,795 1380 INFO pharmacie2 odoo.modules.registry: module spreadsheet: creating or updating database tables 
2024-11-16 18:03:03,969 1380 INFO pharmacie2 odoo.addons.base.models.ir_module: module spreadsheet: loading translation file fr for language fr_FR 
2024-11-16 18:03:04,189 1380 INFO pharmacie2 odoo.modules.loading: Module spreadsheet loaded in 0.46s, 44 queries (+44 other) 
2024-11-16 18:03:04,189 1380 INFO pharmacie2 odoo.modules.loading: Loading module analytic (18/51) 
2024-11-16 18:03:04,271 1380 INFO pharmacie2 odoo.modules.registry: module analytic: creating or updating database tables 
2024-11-16 18:03:04,917 1380 INFO pharmacie2 odoo.modules.loading: loading analytic/security/analytic_security.xml 
2024-11-16 18:03:05,089 1380 INFO pharmacie2 odoo.modules.loading: loading analytic/security/ir.model.access.csv 
2024-11-16 18:03:05,132 1380 INFO pharmacie2 odoo.modules.loading: loading analytic/views/analytic_line_views.xml 
2024-11-16 18:03:05,333 1380 INFO pharmacie2 odoo.modules.loading: loading analytic/views/analytic_account_views.xml 
2024-11-16 18:03:05,457 1380 INFO pharmacie2 odoo.modules.loading: loading analytic/views/analytic_plan_views.xml 
2024-11-16 18:03:05,519 1380 INFO pharmacie2 odoo.modules.loading: loading analytic/views/analytic_distribution_model_views.xml 
2024-11-16 18:03:05,562 1380 INFO pharmacie2 odoo.modules.loading: loading analytic/data/analytic_data.xml 
2024-11-16 18:03:05,597 1380 INFO pharmacie2 odoo.addons.base.models.ir_module: module analytic: loading translation file fr for language fr_FR 
2024-11-16 18:03:05,669 1380 INFO pharmacie2 odoo.modules.loading: Module analytic loaded in 1.48s, 403 queries (+403 other) 
2024-11-16 18:03:05,669 1380 INFO pharmacie2 odoo.modules.loading: Loading module auth_signup (19/51) 
2024-11-16 18:03:05,732 1380 INFO pharmacie2 odoo.modules.registry: module auth_signup: creating or updating database tables 
2024-11-16 18:03:05,881 1380 INFO pharmacie2 odoo.modules.loading: loading auth_signup/data/ir_config_parameter_data.xml 
2024-11-16 18:03:05,911 1380 INFO pharmacie2 odoo.modules.loading: loading auth_signup/data/ir_cron_data.xml 
2024-11-16 18:03:05,946 1380 INFO pharmacie2 odoo.modules.loading: loading auth_signup/data/mail_template_data.xml 
2024-11-16 18:03:06,005 1380 INFO pharmacie2 odoo.modules.loading: loading auth_signup/views/res_config_settings_views.xml 
2024-11-16 18:03:06,052 1380 INFO pharmacie2 odoo.modules.loading: loading auth_signup/views/res_users_views.xml 
2024-11-16 18:03:06,121 1380 INFO pharmacie2 odoo.modules.loading: loading auth_signup/views/auth_signup_login_templates.xml 
2024-11-16 18:03:06,183 1380 INFO pharmacie2 odoo.modules.loading: loading auth_signup/views/webclient_templates.xml 
2024-11-16 18:03:06,230 1380 INFO pharmacie2 odoo.addons.base.models.ir_module: module auth_signup: loading translation file fr for language fr_FR 
2024-11-16 18:03:06,314 1380 INFO pharmacie2 odoo.modules.loading: Module auth_signup loaded in 0.65s, 203 queries (+203 other) 
2024-11-16 18:03:06,314 1380 INFO pharmacie2 odoo.modules.loading: Loading module auth_totp_mail (20/51) 
2024-11-16 18:03:06,379 1380 INFO pharmacie2 odoo.modules.registry: module auth_totp_mail: creating or updating database tables 
2024-11-16 18:03:06,434 1380 INFO pharmacie2 odoo.modules.loading: loading auth_totp_mail/data/ir_action_data.xml 
2024-11-16 18:03:06,502 1380 INFO pharmacie2 odoo.modules.loading: loading auth_totp_mail/data/mail_template_data.xml 
2024-11-16 18:03:06,532 1380 INFO pharmacie2 odoo.modules.loading: loading auth_totp_mail/views/res_users_views.xml 
2024-11-16 18:03:06,613 1380 INFO pharmacie2 odoo.addons.base.models.ir_module: module auth_totp_mail: loading translation file fr for language fr_FR 
2024-11-16 18:03:06,650 1380 INFO pharmacie2 odoo.modules.loading: Module auth_totp_mail loaded in 0.34s, 100 queries (+100 other) 
2024-11-16 18:03:06,650 1380 INFO pharmacie2 odoo.modules.loading: Loading module base_install_request (21/51) 
2024-11-16 18:03:06,721 1380 INFO pharmacie2 odoo.modules.registry: module base_install_request: creating or updating database tables 
2024-11-16 18:03:06,908 1380 INFO pharmacie2 odoo.modules.loading: loading base_install_request/security/ir.model.access.csv 
2024-11-16 18:03:06,941 1380 INFO pharmacie2 odoo.modules.loading: loading base_install_request/wizard/base_module_install_request_views.xml 
2024-11-16 18:03:06,983 1380 INFO pharmacie2 odoo.modules.loading: loading base_install_request/data/mail_template_data.xml 
2024-11-16 18:03:07,005 1380 INFO pharmacie2 odoo.modules.loading: loading base_install_request/data/mail_templates_module_install.xml 
2024-11-16 18:03:07,029 1380 INFO pharmacie2 odoo.modules.loading: loading base_install_request/views/ir_module_module_views.xml 
2024-11-16 18:03:07,076 1380 INFO pharmacie2 odoo.addons.base.models.ir_module: module base_install_request: loading translation file fr for language fr_FR 
2024-11-16 18:03:07,113 1380 INFO pharmacie2 odoo.modules.loading: Module base_install_request loaded in 0.46s, 147 queries (+147 other) 
2024-11-16 18:03:07,113 1380 INFO pharmacie2 odoo.modules.loading: Loading module google_gmail (22/51) 
2024-11-16 18:03:07,172 1380 INFO pharmacie2 odoo.modules.registry: module google_gmail: creating or updating database tables 
2024-11-16 18:03:07,294 1380 INFO pharmacie2 odoo.modules.loading: loading google_gmail/views/fetchmail_server_views.xml 
2024-11-16 18:03:07,369 1380 INFO pharmacie2 odoo.modules.loading: loading google_gmail/views/ir_mail_server_views.xml 
2024-11-16 18:03:07,418 1380 INFO pharmacie2 odoo.modules.loading: loading google_gmail/views/res_config_settings_views.xml 
2024-11-16 18:03:07,521 1380 INFO pharmacie2 odoo.addons.base.models.ir_module: module google_gmail: loading translation file fr for language fr_FR 
2024-11-16 18:03:07,564 1380 INFO pharmacie2 odoo.modules.loading: Module google_gmail loaded in 0.45s, 129 queries (+129 other) 
2024-11-16 18:03:07,564 1380 INFO pharmacie2 odoo.modules.loading: Loading module iap_mail (23/51) 
2024-11-16 18:03:07,647 1380 INFO pharmacie2 odoo.modules.registry: module iap_mail: creating or updating database tables 
2024-11-16 18:03:07,686 1380 INFO pharmacie2 odoo.modules.loading: loading iap_mail/data/mail_templates.xml 
2024-11-16 18:03:07,766 1380 INFO pharmacie2 odoo.addons.base.models.ir_module: module iap_mail: loading translation file fr for language fr_FR 
2024-11-16 18:03:07,786 1380 INFO pharmacie2 odoo.modules.loading: Module iap_mail loaded in 0.22s, 39 queries (+39 other) 
2024-11-16 18:03:07,786 1380 INFO pharmacie2 odoo.modules.loading: Loading module mail_bot (24/51) 
2024-11-16 18:03:07,862 1380 INFO pharmacie2 odoo.modules.registry: module mail_bot: creating or updating database tables 
2024-11-16 18:03:08,065 1380 INFO pharmacie2 odoo.modules.loading: loading mail_bot/views/res_users_views.xml 
2024-11-16 18:03:08,144 1380 INFO pharmacie2 odoo.modules.loading: loading mail_bot/data/mailbot_data.xml 
2024-11-16 18:03:08,178 1380 INFO pharmacie2 odoo.addons.base.models.ir_module: module mail_bot: loading translation file fr for language fr_FR 
2024-11-16 18:03:08,237 1380 INFO pharmacie2 odoo.modules.loading: Module mail_bot loaded in 0.45s, 140 queries (+140 other) 
2024-11-16 18:03:08,237 1380 INFO pharmacie2 odoo.modules.loading: Loading module phone_validation (25/51) 
2024-11-16 18:03:08,319 1380 INFO pharmacie2 odoo.modules.registry: module phone_validation: creating or updating database tables 
2024-11-16 18:03:08,604 1380 INFO pharmacie2 odoo.modules.loading: loading phone_validation/security/ir.model.access.csv 
2024-11-16 18:03:08,646 1380 INFO pharmacie2 odoo.modules.loading: loading phone_validation/views/phone_blacklist_views.xml 
2024-11-16 18:03:08,785 1380 INFO pharmacie2 odoo.modules.loading: loading phone_validation/wizard/phone_blacklist_remove_view.xml 
2024-11-16 18:03:08,827 1380 INFO pharmacie2 odoo.addons.base.models.ir_module: module phone_validation: loading translation file fr for language fr_FR 
2024-11-16 18:03:08,893 1380 INFO pharmacie2 odoo.modules.loading: Module phone_validation loaded in 0.66s, 173 queries (+173 other) 
2024-11-16 18:03:08,893 1380 INFO pharmacie2 odoo.modules.loading: Loading module privacy_lookup (26/51) 
2024-11-16 18:03:08,986 1380 INFO pharmacie2 odoo.modules.registry: module privacy_lookup: creating or updating database tables 
2024-11-16 18:03:09,504 1380 INFO pharmacie2 odoo.modules.loading: loading privacy_lookup/wizard/privacy_lookup_wizard_views.xml 
2024-11-16 18:03:09,622 1380 INFO pharmacie2 odoo.modules.loading: loading privacy_lookup/views/privacy_log_views.xml 
2024-11-16 18:03:09,702 1380 INFO pharmacie2 odoo.modules.loading: loading privacy_lookup/security/ir.model.access.csv 
2024-11-16 18:03:09,748 1380 INFO pharmacie2 odoo.modules.loading: loading privacy_lookup/data/ir_actions_server_data.xml 
2024-11-16 18:03:09,817 1380 INFO pharmacie2 odoo.addons.base.models.ir_module: module privacy_lookup: loading translation file fr for language fr_FR 
2024-11-16 18:03:09,889 1380 INFO pharmacie2 odoo.modules.loading: Module privacy_lookup loaded in 1.00s, 233 queries (+233 other) 
2024-11-16 18:03:09,889 1380 INFO pharmacie2 odoo.modules.loading: Loading module product (27/51) 
2024-11-16 18:03:09,979 1380 INFO pharmacie2 odoo.modules.registry: module product: creating or updating database tables 
2024-11-16 18:03:11,952 1380 INFO pharmacie2 odoo.modules.loading: loading product/data/product_data.xml 
2024-11-16 18:03:12,012 1380 INFO pharmacie2 odoo.modules.loading: loading product/security/product_security.xml 
2024-11-16 18:03:12,265 1380 INFO pharmacie2 odoo.modules.loading: loading product/security/ir.model.access.csv 
2024-11-16 18:03:12,355 1380 INFO pharmacie2 odoo.modules.loading: loading product/wizard/product_label_layout_views.xml 
2024-11-16 18:03:12,410 1380 INFO pharmacie2 odoo.modules.loading: loading product/views/product_views.xml 
2024-11-16 18:03:12,647 1380 INFO pharmacie2 odoo.modules.loading: loading product/views/res_config_settings_views.xml 
2024-11-16 18:03:12,765 1380 INFO pharmacie2 odoo.modules.loading: loading product/views/product_attribute_views.xml 
2024-11-16 18:03:12,931 1380 INFO pharmacie2 odoo.modules.loading: loading product/views/product_category_views.xml 
2024-11-16 18:03:13,008 1380 INFO pharmacie2 odoo.modules.loading: loading product/views/product_packaging_views.xml 
2024-11-16 18:03:13,115 1380 INFO pharmacie2 odoo.modules.loading: loading product/views/product_pricelist_item_views.xml 
2024-11-16 18:03:13,233 1380 INFO pharmacie2 odoo.modules.loading: loading product/views/product_pricelist_views.xml 
2024-11-16 18:03:13,370 1380 INFO pharmacie2 odoo.modules.loading: loading product/views/product_supplierinfo_views.xml 
2024-11-16 18:03:13,477 1380 INFO pharmacie2 odoo.modules.loading: loading product/views/product_template_views.xml 
2024-11-16 18:03:13,615 1380 INFO pharmacie2 odoo.modules.loading: loading product/views/product_tag_views.xml 
2024-11-16 18:03:13,717 1380 INFO pharmacie2 odoo.modules.loading: loading product/views/res_country_group_views.xml 
2024-11-16 18:03:13,762 1380 INFO pharmacie2 odoo.modules.loading: loading product/views/res_partner_views.xml 
2024-11-16 18:03:13,823 1380 INFO pharmacie2 odoo.modules.loading: loading product/report/product_reports.xml 
2024-11-16 18:03:13,914 1380 INFO pharmacie2 odoo.modules.loading: loading product/report/product_product_templates.xml 
2024-11-16 18:03:14,025 1380 INFO pharmacie2 odoo.modules.loading: loading product/report/product_template_templates.xml 
2024-11-16 18:03:14,071 1380 INFO pharmacie2 odoo.modules.loading: loading product/report/product_packaging.xml 
2024-11-16 18:03:14,137 1380 INFO pharmacie2 odoo.modules.loading: loading product/report/product_pricelist_report_templates.xml 
2024-11-16 18:03:14,208 1380 INFO pharmacie2 odoo.addons.base.models.ir_module: module product: loading translation file fr for language fr_FR 
2024-11-16 18:03:14,527 1380 INFO pharmacie2 odoo.modules.loading: Module product loaded in 4.64s, 1450 queries (+1450 other) 
2024-11-16 18:03:14,527 1380 INFO pharmacie2 odoo.modules.loading: Loading module spreadsheet_dashboard (28/51) 
2024-11-16 18:03:14,649 1380 INFO pharmacie2 odoo.modules.registry: module spreadsheet_dashboard: creating or updating database tables 
2024-11-16 18:03:14,965 1380 INFO pharmacie2 odoo.modules.loading: loading spreadsheet_dashboard/security/security.xml 
2024-11-16 18:03:15,018 1380 INFO pharmacie2 odoo.modules.loading: loading spreadsheet_dashboard/security/ir.model.access.csv 
2024-11-16 18:03:15,068 1380 INFO pharmacie2 odoo.modules.loading: loading spreadsheet_dashboard/views/spreadsheet_dashboard_views.xml 
2024-11-16 18:03:15,134 1380 INFO pharmacie2 odoo.modules.loading: loading spreadsheet_dashboard/views/menu_views.xml 
2024-11-16 18:03:15,263 1380 INFO pharmacie2 odoo.modules.loading: loading spreadsheet_dashboard/data/dashboard.xml 
2024-11-16 18:03:15,331 1380 INFO pharmacie2 odoo.addons.base.models.ir_module: module spreadsheet_dashboard: loading translation file fr for language fr_FR 
2024-11-16 18:03:15,386 1380 INFO pharmacie2 odoo.modules.loading: Module spreadsheet_dashboard loaded in 0.86s, 193 queries (+193 other) 
2024-11-16 18:03:15,387 1380 INFO pharmacie2 odoo.modules.loading: Loading module web_unsplash (29/51) 
2024-11-16 18:03:15,494 1380 INFO pharmacie2 odoo.modules.registry: module web_unsplash: creating or updating database tables 
2024-11-16 18:03:15,694 1380 INFO pharmacie2 odoo.modules.loading: loading web_unsplash/views/res_config_settings_view.xml 
2024-11-16 18:03:15,812 1380 INFO pharmacie2 odoo.addons.base.models.ir_module: module web_unsplash: loading translation file fr for language fr_FR 
2024-11-16 18:03:15,874 1380 INFO pharmacie2 odoo.modules.loading: Module web_unsplash loaded in 0.49s, 100 queries (+100 other) 
2024-11-16 18:03:15,875 1380 INFO pharmacie2 odoo.modules.loading: Loading module partner_autocomplete (30/51) 
2024-11-16 18:03:15,998 1380 INFO pharmacie2 odoo.modules.registry: module partner_autocomplete: creating or updating database tables 
2024-11-16 18:03:16,297 1380 INFO pharmacie2 odoo.modules.loading: loading partner_autocomplete/security/ir.model.access.csv 
2024-11-16 18:03:16,336 1380 INFO pharmacie2 odoo.modules.loading: loading partner_autocomplete/views/res_partner_views.xml 
2024-11-16 18:03:16,439 1380 INFO pharmacie2 odoo.modules.loading: loading partner_autocomplete/views/res_company_views.xml 
2024-11-16 18:03:16,487 1380 INFO pharmacie2 odoo.modules.loading: loading partner_autocomplete/views/res_config_settings_views.xml 
2024-11-16 18:03:16,544 1380 INFO pharmacie2 odoo.modules.loading: loading partner_autocomplete/data/cron.xml 
2024-11-16 18:03:16,596 1380 INFO pharmacie2 odoo.addons.base.models.ir_module: module partner_autocomplete: loading translation file fr for language fr_FR 
2024-11-16 18:03:16,639 1380 INFO pharmacie2 odoo.modules.loading: Module partner_autocomplete loaded in 0.76s, 180 queries (+180 other) 
2024-11-16 18:03:16,639 1380 INFO pharmacie2 odoo.modules.loading: Loading module portal (31/51) 
2024-11-16 18:03:16,753 1380 INFO pharmacie2 odoo.modules.registry: module portal: creating or updating database tables 
2024-11-16 18:03:17,453 1380 INFO pharmacie2 odoo.modules.loading: loading portal/security/ir.model.access.csv 
2024-11-16 18:03:17,490 1380 INFO pharmacie2 odoo.modules.loading: loading portal/data/mail_template_data.xml 
2024-11-16 18:03:17,541 1380 INFO pharmacie2 odoo.modules.loading: loading portal/data/mail_templates.xml 
2024-11-16 18:03:17,574 1380 INFO pharmacie2 odoo.modules.loading: loading portal/views/portal_templates.xml 
2024-11-16 18:03:17,892 1380 INFO pharmacie2 odoo.modules.loading: loading portal/views/res_config_settings_views.xml 
2024-11-16 18:03:17,994 1380 INFO pharmacie2 odoo.modules.loading: loading portal/wizard/portal_share_views.xml 
2024-11-16 18:03:18,057 1380 INFO pharmacie2 odoo.modules.loading: loading portal/wizard/portal_wizard_views.xml 
2024-11-16 18:03:18,134 1380 INFO pharmacie2 odoo.addons.base.models.ir_module: module portal: loading translation file fr for language fr_FR 
2024-11-16 18:03:18,328 1380 INFO pharmacie2 odoo.modules.loading: Module portal loaded in 1.69s, 471 queries (+471 other) 
2024-11-16 18:03:18,329 1380 INFO pharmacie2 odoo.modules.loading: Loading module sms (32/51) 
2024-11-16 18:03:18,436 1380 INFO pharmacie2 odoo.modules.registry: module sms: creating or updating database tables 
2024-11-16 18:03:18,458 1380 INFO pharmacie2 odoo.models: Prepare computation of ir.actions.server.sms_template_id 
2024-11-16 18:03:18,458 1380 INFO pharmacie2 odoo.models: Prepare computation of ir.actions.server.sms_method 
2024-11-16 18:03:18,556 1380 INFO pharmacie2 odoo.models: Prepare computation of res.partner.phone_sanitized 
2024-11-16 18:03:19,353 1380 INFO pharmacie2 odoo.modules.loading: loading sms/data/ir_cron_data.xml 
2024-11-16 18:03:19,388 1380 INFO pharmacie2 odoo.modules.loading: loading sms/wizard/sms_composer_views.xml 
2024-11-16 18:03:19,509 1380 INFO pharmacie2 odoo.modules.loading: loading sms/wizard/sms_template_preview_views.xml 
2024-11-16 18:03:19,552 1380 INFO pharmacie2 odoo.modules.loading: loading sms/wizard/sms_resend_views.xml 
2024-11-16 18:03:19,612 1380 INFO pharmacie2 odoo.modules.loading: loading sms/wizard/sms_template_reset_views.xml 
2024-11-16 18:03:19,662 1380 INFO pharmacie2 odoo.modules.loading: loading sms/views/ir_actions_server_views.xml 
2024-11-16 18:03:19,722 1380 INFO pharmacie2 odoo.modules.loading: loading sms/views/mail_notification_views.xml 
2024-11-16 18:03:19,791 1380 INFO pharmacie2 odoo.modules.loading: loading sms/views/res_config_settings_views.xml 
2024-11-16 18:03:19,861 1380 INFO pharmacie2 odoo.modules.loading: loading sms/views/res_partner_views.xml 
2024-11-16 18:03:20,029 1380 INFO pharmacie2 odoo.modules.loading: loading sms/views/sms_sms_views.xml 
2024-11-16 18:03:20,165 1380 INFO pharmacie2 odoo.modules.loading: loading sms/views/sms_template_views.xml 
2024-11-16 18:03:20,267 1380 INFO pharmacie2 odoo.modules.loading: loading sms/security/ir.model.access.csv 
2024-11-16 18:03:20,352 1380 INFO pharmacie2 odoo.modules.loading: loading sms/security/sms_security.xml 
2024-11-16 18:03:20,406 1380 INFO pharmacie2 odoo.addons.base.models.ir_module: module sms: loading translation file fr for language fr_FR 
2024-11-16 18:03:20,595 1380 INFO pharmacie2 odoo.modules.loading: Module sms loaded in 2.27s, 633 queries (+633 other) 
2024-11-16 18:03:20,595 1380 INFO pharmacie2 odoo.modules.loading: Loading module snailmail (33/51) 
2024-11-16 18:03:20,744 1380 INFO pharmacie2 odoo.modules.registry: module snailmail: creating or updating database tables 
2024-11-16 18:03:21,631 1380 INFO pharmacie2 odoo.modules.loading: loading snailmail/data/snailmail_data.xml 
2024-11-16 18:03:21,674 1380 INFO pharmacie2 odoo.modules.loading: loading snailmail/views/report_assets.xml 
2024-11-16 18:03:21,730 1380 INFO pharmacie2 odoo.modules.loading: loading snailmail/views/snailmail_views.xml 
2024-11-16 18:03:21,811 1380 INFO pharmacie2 odoo.modules.loading: loading snailmail/wizard/snailmail_confirm_views.xml 
2024-11-16 18:03:21,845 1380 INFO pharmacie2 odoo.modules.loading: loading snailmail/wizard/snailmail_letter_format_error_views.xml 
2024-11-16 18:03:21,887 1380 INFO pharmacie2 odoo.modules.loading: loading snailmail/wizard/snailmail_letter_missing_required_fields_views.xml 
2024-11-16 18:03:21,928 1380 INFO pharmacie2 odoo.modules.loading: loading snailmail/security/ir.model.access.csv 
2024-11-16 18:03:21,987 1380 INFO pharmacie2 odoo.addons.base.models.ir_module: module snailmail: loading translation file fr for language fr_FR 
2024-11-16 18:03:22,121 1380 INFO pharmacie2 odoo.modules.loading: Module snailmail loaded in 1.53s, 412 queries (+412 other) 
2024-11-16 18:03:22,122 1380 INFO pharmacie2 odoo.modules.loading: Loading module auth_totp_portal (34/51) 
2024-11-16 18:03:22,224 1380 INFO pharmacie2 odoo.modules.registry: module auth_totp_portal: creating or updating database tables 
2024-11-16 18:03:22,404 1380 INFO pharmacie2 odoo.modules.loading: loading auth_totp_portal/security/security.xml 
2024-11-16 18:03:22,454 1380 INFO pharmacie2 odoo.modules.loading: loading auth_totp_portal/views/templates.xml 
2024-11-16 18:03:22,503 1380 INFO pharmacie2 odoo.addons.base.models.ir_module: module auth_totp_portal: loading translation file fr for language fr_FR 
2024-11-16 18:03:22,526 1380 INFO pharmacie2 odoo.modules.loading: Module auth_totp_portal loaded in 0.40s, 63 queries (+63 other) 
2024-11-16 18:03:22,527 1380 INFO pharmacie2 odoo.modules.loading: Loading module digest (35/51) 
2024-11-16 18:03:22,635 1380 INFO pharmacie2 odoo.modules.registry: module digest: creating or updating database tables 
2024-11-16 18:03:23,041 1380 INFO pharmacie2 odoo.modules.loading: loading digest/security/ir.model.access.csv 
2024-11-16 18:03:23,080 1380 INFO pharmacie2 odoo.modules.loading: loading digest/data/digest_data.xml 
2024-11-16 18:03:23,160 1380 INFO pharmacie2 odoo.modules.loading: loading digest/data/digest_tips_data.xml 
2024-11-16 18:03:23,226 1380 INFO pharmacie2 odoo.modules.loading: loading digest/data/ir_cron_data.xml 
2024-11-16 18:03:23,265 1380 INFO pharmacie2 odoo.modules.loading: loading digest/data/res_config_settings_data.xml 
2024-11-16 18:03:23,298 1380 INFO pharmacie2 odoo.modules.loading: loading digest/views/digest_views.xml 
2024-11-16 18:03:23,434 1380 INFO pharmacie2 odoo.modules.loading: loading digest/views/digest_templates.xml 
2024-11-16 18:03:23,462 1380 INFO pharmacie2 odoo.modules.loading: loading digest/views/res_config_settings_views.xml 
2024-11-16 18:03:23,553 1380 INFO pharmacie2 odoo.addons.base.models.ir_module: module digest: loading translation file fr for language fr_FR 
2024-11-16 18:03:23,686 1380 INFO pharmacie2 odoo.modules.loading: Module digest loaded in 1.16s, 310 queries (+310 other) 
2024-11-16 18:03:23,687 1380 INFO pharmacie2 odoo.modules.loading: Loading module payment (36/51) 
2024-11-16 18:03:23,799 1380 INFO pharmacie2 odoo.modules.registry: module payment: creating or updating database tables 
2024-11-16 18:03:24,455 1380 INFO pharmacie2 odoo.modules.loading: loading payment/data/payment_icon_data.xml 
2024-11-16 18:03:25,705 1380 INFO pharmacie2 odoo.modules.loading: loading payment/data/payment_provider_data.xml 
2024-11-16 18:03:27,266 1380 INFO pharmacie2 odoo.modules.loading: loading payment/data/payment_cron.xml 
2024-11-16 18:03:27,293 1380 INFO pharmacie2 odoo.modules.loading: loading payment/views/payment_portal_templates.xml 
2024-11-16 18:03:27,365 1380 INFO pharmacie2 odoo.modules.loading: loading payment/views/payment_templates.xml 
2024-11-16 18:03:27,458 1380 INFO pharmacie2 odoo.modules.loading: loading payment/views/payment_provider_views.xml 
2024-11-16 18:03:27,535 1380 INFO pharmacie2 odoo.modules.loading: loading payment/views/payment_icon_views.xml 
2024-11-16 18:03:27,580 1380 INFO pharmacie2 odoo.modules.loading: loading payment/views/payment_transaction_views.xml 
2024-11-16 18:03:27,685 1380 INFO pharmacie2 odoo.modules.loading: loading payment/views/payment_token_views.xml 
2024-11-16 18:03:27,761 1380 INFO pharmacie2 odoo.modules.loading: loading payment/views/res_partner_views.xml 
2024-11-16 18:03:27,819 1380 INFO pharmacie2 odoo.modules.loading: loading payment/security/ir.model.access.csv 
2024-11-16 18:03:28,183 1380 INFO pharmacie2 odoo.modules.loading: loading payment/security/payment_security.xml 
2024-11-16 18:03:28,284 1380 INFO pharmacie2 odoo.modules.loading: loading payment/wizards/payment_link_wizard_views.xml 
2024-11-16 18:03:28,316 1380 INFO pharmacie2 odoo.modules.loading: loading payment/wizards/payment_onboarding_views.xml 
2024-11-16 18:03:28,367 1380 INFO pharmacie2 odoo.addons.base.models.ir_module: module payment: loading translation file fr for language fr_FR 
2024-11-16 18:03:28,632 1380 INFO pharmacie2 odoo.modules.loading: Module payment loaded in 4.95s, 863 queries (+867 other) 
2024-11-16 18:03:28,632 1380 INFO pharmacie2 odoo.modules.loading: Loading module account (37/51) 
2024-11-16 18:03:28,840 1380 INFO pharmacie2 odoo.modules.registry: module account: creating or updating database tables 
2024-11-16 18:03:30,587 1380 INFO pharmacie2 odoo.models: Prepare computation of res.company.account_fiscal_country_id 
2024-11-16 18:03:30,588 1380 INFO pharmacie2 odoo.models: Prepare computation of res.company.early_pay_discount_computation 
2024-11-16 18:03:30,588 1380 INFO pharmacie2 odoo.models: Prepare computation of res.company.invoice_terms_html 
2024-11-16 18:03:36,224 1380 INFO pharmacie2 odoo.modules.loading: loading account/security/account_security.xml 
2024-11-16 18:03:37,113 1380 INFO pharmacie2 odoo.modules.loading: loading account/security/ir.model.access.csv 
2024-11-16 18:03:37,325 1380 INFO pharmacie2 odoo.modules.loading: loading account/data/account_data.xml 
2024-11-16 18:03:37,494 1380 INFO pharmacie2 odoo.modules.loading: loading account/data/digest_data.xml 
2024-11-16 18:03:37,525 1380 INFO pharmacie2 odoo.modules.loading: loading account/views/account_report.xml 
2024-11-16 18:03:37,575 1380 INFO pharmacie2 odoo.modules.loading: loading account/data/mail_template_data.xml 
2024-11-16 18:03:37,609 1380 INFO pharmacie2 odoo.modules.loading: loading account/views/account_payment_view.xml 
2024-11-16 18:03:37,746 1380 INFO pharmacie2 odoo.modules.loading: loading account/wizard/account_automatic_entry_wizard_views.xml 
2024-11-16 18:03:37,779 1380 INFO pharmacie2 odoo.modules.loading: loading account/wizard/account_unreconcile_view.xml 
2024-11-16 18:03:37,812 1380 INFO pharmacie2 odoo.modules.loading: loading account/wizard/account_move_reversal_view.xml 
2024-11-16 18:03:37,846 1380 INFO pharmacie2 odoo.modules.loading: loading account/wizard/account_resequence_views.xml 
2024-11-16 18:03:37,885 1380 INFO pharmacie2 odoo.modules.loading: loading account/wizard/account_payment_register_views.xml 
2024-11-16 18:03:37,919 1380 INFO pharmacie2 odoo.modules.loading: loading account/views/account_move_views.xml 
2024-11-16 18:03:38,811 1380 INFO pharmacie2 odoo.modules.loading: loading account/wizard/setup_wizards_view.xml 
2024-11-16 18:03:38,874 1380 INFO pharmacie2 odoo.modules.loading: loading account/views/account_account_views.xml 
2024-11-16 18:03:38,976 1380 INFO pharmacie2 odoo.modules.loading: loading account/views/account_group_views.xml 
2024-11-16 18:03:39,030 1380 INFO pharmacie2 odoo.modules.loading: loading account/views/account_journal_views.xml 
2024-11-16 18:03:39,183 1380 INFO pharmacie2 odoo.modules.loading: loading account/views/account_account_tag_views.xml 
2024-11-16 18:03:39,283 1380 INFO pharmacie2 odoo.modules.loading: loading account/views/account_bank_statement_views.xml 
2024-11-16 18:03:39,374 1380 INFO pharmacie2 odoo.modules.loading: loading account/views/account_reconcile_model_views.xml 
2024-11-16 18:03:39,492 1380 INFO pharmacie2 odoo.modules.loading: loading account/views/account_tax_views.xml 
2024-11-16 18:03:39,679 1380 INFO pharmacie2 odoo.modules.loading: loading account/views/account_full_reconcile_views.xml 
2024-11-16 18:03:39,712 1380 INFO pharmacie2 odoo.modules.loading: loading account/views/account_payment_term_views.xml 
2024-11-16 18:03:39,794 1380 INFO pharmacie2 odoo.modules.loading: loading account/views/account_chart_template_views.xml 
2024-11-16 18:03:39,899 1380 INFO pharmacie2 odoo.modules.loading: loading account/views/res_partner_bank_views.xml 
2024-11-16 18:03:39,947 1380 INFO pharmacie2 odoo.modules.loading: loading account/views/report_statement.xml 
2024-11-16 18:03:39,986 1380 INFO pharmacie2 odoo.modules.loading: loading account/views/terms_template.xml 
2024-11-16 18:03:40,039 1380 INFO pharmacie2 odoo.modules.loading: loading account/wizard/account_validate_move_view.xml 
2024-11-16 18:03:40,084 1380 INFO pharmacie2 odoo.modules.loading: loading account/views/res_company_views.xml 
2024-11-16 18:03:40,136 1380 INFO pharmacie2 odoo.modules.loading: loading account/views/product_view.xml 
2024-11-16 18:03:40,230 1380 INFO pharmacie2 odoo.modules.loading: loading account/views/account_analytic_plan_views.xml 
2024-11-16 18:03:40,265 1380 INFO pharmacie2 odoo.modules.loading: loading account/views/account_analytic_account_views.xml 
2024-11-16 18:03:40,321 1380 INFO pharmacie2 odoo.modules.loading: loading account/views/account_analytic_distribution_model_views.xml 
2024-11-16 18:03:40,373 1380 INFO pharmacie2 odoo.modules.loading: loading account/views/account_analytic_line_views.xml 
2024-11-16 18:03:40,479 1380 INFO pharmacie2 odoo.modules.loading: loading account/views/report_invoice.xml 
2024-11-16 18:03:40,570 1380 INFO pharmacie2 odoo.modules.loading: loading account/report/account_invoice_report_view.xml 
2024-11-16 18:03:40,718 1380 INFO pharmacie2 odoo.modules.loading: loading account/views/account_cash_rounding_view.xml 
2024-11-16 18:03:40,804 1380 INFO pharmacie2 odoo.modules.loading: loading account/views/ir_module_views.xml 
2024-11-16 18:03:40,848 1380 INFO pharmacie2 odoo.modules.loading: loading account/views/res_config_settings_views.xml 
2024-11-16 18:03:40,999 1380 INFO pharmacie2 odoo.modules.loading: loading account/views/partner_view.xml 
2024-11-16 18:03:41,205 1380 INFO pharmacie2 odoo.modules.loading: loading account/views/account_journal_dashboard_view.xml 
2024-11-16 18:03:41,281 1380 INFO pharmacie2 odoo.modules.loading: loading account/views/account_portal_templates.xml 
2024-11-16 18:03:41,398 1380 INFO pharmacie2 odoo.modules.loading: loading account/views/report_payment_receipt_templates.xml 
2024-11-16 18:03:41,493 1380 INFO pharmacie2 odoo.modules.loading: loading account/views/account_onboarding_templates.xml 
2024-11-16 18:03:41,629 1380 INFO pharmacie2 odoo.modules.loading: loading account/data/service_cron.xml 
2024-11-16 18:03:41,667 1380 INFO pharmacie2 odoo.modules.loading: loading account/views/account_incoterms_view.xml 
2024-11-16 18:03:41,731 1380 INFO pharmacie2 odoo.modules.loading: loading account/data/account_incoterms_data.xml 
2024-11-16 18:03:41,797 1380 INFO pharmacie2 odoo.modules.loading: loading account/views/digest_views.xml 
2024-11-16 18:03:41,841 1380 INFO pharmacie2 odoo.modules.loading: loading account/wizard/account_invoice_send_views.xml 
2024-11-16 18:03:41,893 1380 INFO pharmacie2 odoo.modules.loading: loading account/report/account_hash_integrity_templates.xml 
2024-11-16 18:03:41,932 1380 INFO pharmacie2 odoo.modules.loading: loading account/views/res_currency.xml 
2024-11-16 18:03:41,973 1380 INFO pharmacie2 odoo.modules.loading: loading account/views/account_menuitem.xml 
2024-11-16 18:03:42,405 1380 INFO pharmacie2 odoo.modules.loading: loading account/wizard/account_tour_upload_bill.xml 
2024-11-16 18:03:42,472 1380 INFO pharmacie2 odoo.modules.loading: loading account/wizard/accrued_orders.xml 
2024-11-16 18:03:42,509 1380 INFO pharmacie2 odoo.modules.loading: loading account/views/bill_preview_template.xml 
2024-11-16 18:03:42,556 1380 INFO pharmacie2 odoo.modules.loading: loading account/data/account_reports_data.xml 
2024-11-16 18:03:42,623 1380 INFO pharmacie2 odoo.addons.base.models.ir_module: module account: loading translation file fr for language fr_FR 
2024-11-16 18:03:43,712 1380 INFO pharmacie2 odoo.addons.base.models.ir_module: ALLOW access to module.button_install on ['Morocco - Accounting'] to user __system__ #1 via 127.0.0.1 
2024-11-16 18:03:43,941 1380 INFO pharmacie2 odoo.modules.loading: Module account loaded in 15.31s, 6026 queries (+6026 other) 
2024-11-16 18:03:43,941 1380 INFO pharmacie2 odoo.modules.loading: Loading module stock (38/51) 
2024-11-16 18:03:44,282 1380 INFO pharmacie2 odoo.modules.registry: module stock: creating or updating database tables 
2024-11-16 18:03:50,432 1380 INFO pharmacie2 odoo.modules.loading: loading stock/security/stock_security.xml 
2024-11-16 18:03:51,335 1380 INFO pharmacie2 odoo.modules.loading: loading stock/security/ir.model.access.csv 
2024-11-16 18:03:51,531 1380 INFO pharmacie2 odoo.modules.loading: loading stock/data/digest_data.xml 
2024-11-16 18:03:51,597 1380 INFO pharmacie2 odoo.modules.loading: loading stock/data/mail_templates.xml 
2024-11-16 18:03:51,627 1380 INFO pharmacie2 odoo.modules.loading: loading stock/data/default_barcode_patterns.xml 
2024-11-16 18:03:51,659 1380 INFO pharmacie2 odoo.modules.loading: loading stock/data/stock_data.xml 
2024-11-16 18:03:52,420 1380 INFO pharmacie2 odoo.modules.loading: loading stock/data/stock_sequence_data.xml 
2024-11-16 18:03:52,505 1380 INFO pharmacie2 odoo.modules.loading: loading stock/data/stock_traceability_report_data.xml 
2024-11-16 18:03:52,528 1380 INFO pharmacie2 odoo.modules.loading: loading stock/report/report_stock_forecasted.xml 
2024-11-16 18:03:52,565 1380 INFO pharmacie2 odoo.modules.loading: loading stock/report/report_stock_quantity.xml 
2024-11-16 18:03:52,591 1380 INFO pharmacie2 odoo.modules.loading: loading stock/report/report_stock_reception.xml 
2024-11-16 18:03:52,641 1380 INFO pharmacie2 odoo.modules.loading: loading stock/report/stock_report_views.xml 
2024-11-16 18:03:52,735 1380 INFO pharmacie2 odoo.modules.loading: loading stock/report/report_package_barcode.xml 
2024-11-16 18:03:52,781 1380 INFO pharmacie2 odoo.modules.loading: loading stock/report/report_lot_barcode.xml 
2024-11-16 18:03:52,810 1380 INFO pharmacie2 odoo.modules.loading: loading stock/report/report_location_barcode.xml 
2024-11-16 18:03:52,844 1380 INFO pharmacie2 odoo.modules.loading: loading stock/report/report_stockpicking_operations.xml 
2024-11-16 18:03:52,878 1380 INFO pharmacie2 odoo.modules.loading: loading stock/report/report_deliveryslip.xml 
2024-11-16 18:03:52,940 1380 INFO pharmacie2 odoo.modules.loading: loading stock/report/report_stockinventory.xml 
2024-11-16 18:03:52,964 1380 INFO pharmacie2 odoo.modules.loading: loading stock/report/report_stock_rule.xml 
2024-11-16 18:03:53,025 1380 INFO pharmacie2 odoo.modules.loading: loading stock/report/package_templates.xml 
2024-11-16 18:03:53,053 1380 INFO pharmacie2 odoo.modules.loading: loading stock/report/picking_templates.xml 
2024-11-16 18:03:53,095 1380 INFO pharmacie2 odoo.modules.loading: loading stock/report/product_templates.xml 
2024-11-16 18:03:53,133 1380 INFO pharmacie2 odoo.modules.loading: loading stock/report/product_packaging.xml 
2024-11-16 18:03:53,157 1380 INFO pharmacie2 odoo.modules.loading: loading stock/data/mail_template_data.xml 
2024-11-16 18:03:53,185 1380 INFO pharmacie2 odoo.modules.loading: loading stock/views/stock_menu_views.xml 
2024-11-16 18:03:53,374 1380 INFO pharmacie2 odoo.modules.loading: loading stock/wizard/stock_assign_serial_views.xml 
2024-11-16 18:03:53,421 1380 INFO pharmacie2 odoo.modules.loading: loading stock/wizard/stock_change_product_qty_views.xml 
2024-11-16 18:03:53,470 1380 INFO pharmacie2 odoo.modules.loading: loading stock/wizard/stock_picking_return_views.xml 
2024-11-16 18:03:53,525 1380 INFO pharmacie2 odoo.modules.loading: loading stock/wizard/stock_scheduler_compute_views.xml 
2024-11-16 18:03:53,572 1380 INFO pharmacie2 odoo.modules.loading: loading stock/wizard/stock_immediate_transfer_views.xml 
2024-11-16 18:03:53,601 1380 INFO pharmacie2 odoo.modules.loading: loading stock/wizard/stock_inventory_conflict.xml 
2024-11-16 18:03:53,631 1380 INFO pharmacie2 odoo.modules.loading: loading stock/wizard/stock_backorder_confirmation_views.xml 
2024-11-16 18:03:53,654 1380 INFO pharmacie2 odoo.modules.loading: loading stock/wizard/stock_quantity_history.xml 
2024-11-16 18:03:53,675 1380 INFO pharmacie2 odoo.modules.loading: loading stock/wizard/stock_request_count.xml 
2024-11-16 18:03:53,700 1380 INFO pharmacie2 odoo.modules.loading: loading stock/wizard/stock_replenishment_info.xml 
2024-11-16 18:03:53,740 1380 INFO pharmacie2 odoo.modules.loading: loading stock/wizard/stock_rules_report_views.xml 
2024-11-16 18:03:53,767 1380 INFO pharmacie2 odoo.modules.loading: loading stock/wizard/stock_warn_insufficient_qty_views.xml 
2024-11-16 18:03:53,803 1380 INFO pharmacie2 odoo.modules.loading: loading stock/wizard/product_replenish_views.xml 
2024-11-16 18:03:53,836 1380 INFO pharmacie2 odoo.modules.loading: loading stock/wizard/product_label_layout_views.xml 
2024-11-16 18:03:53,862 1380 INFO pharmacie2 odoo.modules.loading: loading stock/wizard/stock_track_confirmation_views.xml 
2024-11-16 18:03:53,892 1380 INFO pharmacie2 odoo.modules.loading: loading stock/wizard/stock_orderpoint_snooze_views.xml 
2024-11-16 18:03:53,931 1380 INFO pharmacie2 odoo.modules.loading: loading stock/wizard/stock_package_destination_views.xml 
2024-11-16 18:03:53,963 1380 INFO pharmacie2 odoo.modules.loading: loading stock/wizard/stock_inventory_adjustment_name.xml 
2024-11-16 18:03:53,998 1380 INFO pharmacie2 odoo.modules.loading: loading stock/wizard/stock_inventory_warning.xml 
2024-11-16 18:03:54,031 1380 INFO pharmacie2 odoo.modules.loading: loading stock/wizard/stock_label_type.xml 
2024-11-16 18:03:54,052 1380 INFO pharmacie2 odoo.modules.loading: loading stock/wizard/stock_lot_label_layout.xml 
2024-11-16 18:03:54,072 1380 INFO pharmacie2 odoo.modules.loading: loading stock/views/res_partner_views.xml 
2024-11-16 18:03:54,142 1380 INFO pharmacie2 odoo.modules.loading: loading stock/views/product_strategy_views.xml 
2024-11-16 18:03:54,211 1380 INFO pharmacie2 odoo.modules.loading: loading stock/views/stock_lot_views.xml 
2024-11-16 18:03:54,286 1380 INFO pharmacie2 odoo.modules.loading: loading stock/views/stock_scrap_views.xml 
2024-11-16 18:03:54,405 1380 INFO pharmacie2 odoo.modules.loading: loading stock/views/stock_quant_views.xml 
2024-11-16 18:03:55,447 1380 INFO pharmacie2 odoo.modules.loading: loading stock/views/stock_warehouse_views.xml 
2024-11-16 18:03:55,512 1380 INFO pharmacie2 odoo.modules.loading: loading stock/views/stock_move_line_views.xml 
2024-11-16 18:03:55,653 1380 INFO pharmacie2 odoo.modules.loading: loading stock/views/stock_picking_views.xml 
2024-11-16 18:03:55,857 1380 INFO pharmacie2 odoo.modules.loading: loading stock/views/stock_picking_type_views.xml 
2024-11-16 18:03:55,954 1380 INFO pharmacie2 odoo.modules.loading: loading stock/views/stock_move_views.xml 
2024-11-16 18:03:56,116 1380 INFO pharmacie2 odoo.modules.loading: loading stock/views/product_views.xml 
2024-11-16 18:03:56,450 1380 INFO pharmacie2 odoo.modules.loading: loading stock/views/stock_location_views.xml 
2024-11-16 18:03:56,598 1380 INFO pharmacie2 odoo.modules.loading: loading stock/views/stock_orderpoint_views.xml 
2024-11-16 18:03:56,700 1380 INFO pharmacie2 odoo.modules.loading: loading stock/views/stock_storage_category_views.xml 
2024-11-16 18:03:56,757 1380 INFO pharmacie2 odoo.modules.loading: loading stock/views/res_config_settings_views.xml 
2024-11-16 18:03:56,848 1380 INFO pharmacie2 odoo.modules.loading: loading stock/views/report_stock_traceability.xml 
2024-11-16 18:03:56,889 1380 INFO pharmacie2 odoo.modules.loading: loading stock/views/stock_template.xml 
2024-11-16 18:03:56,917 1380 INFO pharmacie2 odoo.modules.loading: loading stock/views/stock_rule_views.xml 
2024-11-16 18:03:57,006 1380 INFO pharmacie2 odoo.modules.loading: loading stock/views/stock_package_level_views.xml 
2024-11-16 18:03:57,069 1380 INFO pharmacie2 odoo.modules.loading: loading stock/views/stock_package_type_view.xml 
2024-11-16 18:03:57,141 1380 INFO pharmacie2 odoo.modules.loading: loading stock/views/stock_forecasted.xml 
2024-11-16 18:03:57,189 1380 INFO pharmacie2 odoo.addons.base.models.ir_module: module stock: loading translation file fr for language fr_FR 
2024-11-16 18:03:58,117 1380 INFO pharmacie2 odoo.modules.loading: Module stock loaded in 14.18s, 5340 queries (+5340 other) 
2024-11-16 18:03:58,118 1380 INFO pharmacie2 odoo.modules.loading: Loading module account_edi (39/51) 
2024-11-16 18:03:58,261 1380 INFO pharmacie2 odoo.modules.registry: module account_edi: creating or updating database tables 
2024-11-16 18:03:58,842 1380 INFO pharmacie2 odoo.modules.loading: loading account_edi/security/ir.model.access.csv 
2024-11-16 18:03:58,879 1380 INFO pharmacie2 odoo.modules.loading: loading account_edi/views/account_edi_document_views.xml 
2024-11-16 18:03:58,905 1380 INFO pharmacie2 odoo.modules.loading: loading account_edi/views/account_move_views.xml 
2024-11-16 18:03:59,085 1380 INFO pharmacie2 odoo.modules.loading: loading account_edi/views/account_payment_views.xml 
2024-11-16 18:03:59,128 1380 INFO pharmacie2 odoo.modules.loading: loading account_edi/views/account_journal_views.xml 
2024-11-16 18:03:59,156 1380 INFO pharmacie2 odoo.modules.loading: loading account_edi/data/cron.xml 
2024-11-16 18:03:59,200 1380 INFO pharmacie2 odoo.addons.base.models.ir_module: module account_edi: loading translation file fr for language fr_FR 
2024-11-16 18:03:59,260 1380 INFO pharmacie2 odoo.modules.loading: Module account_edi loaded in 1.14s, 330 queries (+330 other) 
2024-11-16 18:03:59,260 1380 INFO pharmacie2 odoo.modules.loading: Loading module account_payment (40/51) 
2024-11-16 18:03:59,416 1380 INFO pharmacie2 odoo.modules.registry: module account_payment: creating or updating database tables 
2024-11-16 18:03:59,821 1380 INFO pharmacie2 odoo.modules.loading: loading account_payment/security/ir.model.access.csv 
2024-11-16 18:03:59,858 1380 INFO pharmacie2 odoo.modules.loading: loading account_payment/security/ir_rules.xml 
2024-11-16 18:03:59,950 1380 INFO pharmacie2 odoo.modules.loading: loading account_payment/views/account_payment_menus.xml 
2024-11-16 18:04:00,043 1380 INFO pharmacie2 odoo.modules.loading: loading account_payment/views/account_portal_templates.xml 
2024-11-16 18:04:00,155 1380 INFO pharmacie2 odoo.modules.loading: loading account_payment/views/payment_templates.xml 
2024-11-16 18:04:00,207 1380 INFO pharmacie2 odoo.modules.loading: loading account_payment/views/account_move_views.xml 
2024-11-16 18:04:00,284 1380 INFO pharmacie2 odoo.modules.loading: loading account_payment/views/account_journal_views.xml 
2024-11-16 18:04:00,336 1380 INFO pharmacie2 odoo.modules.loading: loading account_payment/views/account_payment_views.xml 
2024-11-16 18:04:00,391 1380 INFO pharmacie2 odoo.modules.loading: loading account_payment/views/payment_provider_views.xml 
2024-11-16 18:04:00,442 1380 INFO pharmacie2 odoo.modules.loading: loading account_payment/views/payment_transaction_views.xml 
2024-11-16 18:04:00,479 1380 INFO pharmacie2 odoo.modules.loading: loading account_payment/wizards/account_payment_register_views.xml 
2024-11-16 18:04:00,519 1380 INFO pharmacie2 odoo.modules.loading: loading account_payment/wizards/payment_link_wizard_views.xml 
2024-11-16 18:04:00,548 1380 INFO pharmacie2 odoo.modules.loading: loading account_payment/wizards/payment_refund_wizard_views.xml 
2024-11-16 18:04:00,590 1380 INFO pharmacie2 odoo.addons.base.models.ir_module: module account_payment: loading translation file fr for language fr_FR 
2024-11-16 18:04:00,673 1380 INFO pharmacie2 odoo.modules.loading: Module account_payment loaded in 1.41s, 428 queries (+428 other) 
2024-11-16 18:04:00,673 1380 INFO pharmacie2 odoo.modules.loading: Loading module account_sequence (41/51) 
2024-11-16 18:04:00,874 1380 INFO pharmacie2 odoo.modules.registry: module account_sequence: creating or updating database tables 
2024-11-16 18:04:01,202 1380 INFO pharmacie2 odoo.addons.base.models.ir_module: module account_sequence: loading translation file fr for language fr_FR 
2024-11-16 18:04:01,258 1380 INFO pharmacie2 odoo.modules.loading: Module account_sequence loaded in 0.59s, 60 queries (+60 other) 
2024-11-16 18:04:01,258 1380 INFO pharmacie2 odoo.modules.loading: Loading module snailmail_account (42/51) 
2024-11-16 18:04:01,482 1380 INFO pharmacie2 odoo.modules.registry: module snailmail_account: creating or updating database tables 
2024-11-16 18:04:01,777 1380 INFO pharmacie2 odoo.modules.loading: loading snailmail_account/views/res_config_settings_views.xml 
2024-11-16 18:04:01,910 1380 INFO pharmacie2 odoo.modules.loading: loading snailmail_account/wizard/account_invoice_send_views.xml 
2024-11-16 18:04:01,952 1380 INFO pharmacie2 odoo.modules.loading: loading snailmail_account/security/ir.model.access.csv 
2024-11-16 18:04:01,989 1380 INFO pharmacie2 odoo.addons.base.models.ir_module: module snailmail_account: loading translation file fr for language fr_FR 
2024-11-16 18:04:02,034 1380 INFO pharmacie2 odoo.modules.loading: Module snailmail_account loaded in 0.78s, 117 queries (+117 other) 
2024-11-16 18:04:02,034 1380 INFO pharmacie2 odoo.modules.loading: Loading module spreadsheet_account (43/51) 
2024-11-16 18:04:02,228 1380 INFO pharmacie2 odoo.modules.registry: module spreadsheet_account: creating or updating database tables 
2024-11-16 18:04:02,344 1380 INFO pharmacie2 odoo.addons.base.models.ir_module: module spreadsheet_account: loading translation file fr for language fr_FR 
2024-11-16 18:04:02,467 1380 INFO pharmacie2 odoo.modules.loading: Module spreadsheet_account loaded in 0.43s, 51 queries (+51 other) 
2024-11-16 18:04:02,467 1380 INFO pharmacie2 odoo.modules.loading: Loading module spreadsheet_dashboard_account (44/51) 
2024-11-16 18:04:02,766 1380 INFO pharmacie2 odoo.modules.loading: loading spreadsheet_dashboard_account/data/dashboards.xml 
2024-11-16 18:04:02,973 1380 INFO pharmacie2 odoo.addons.base.models.ir_module: module spreadsheet_dashboard_account: loading translation file fr for language fr_FR 
2024-11-16 18:04:02,998 1380 INFO pharmacie2 odoo.modules.loading: Module spreadsheet_dashboard_account loaded in 0.53s, 27 queries (+27 other) 
2024-11-16 18:04:02,998 1380 INFO pharmacie2 odoo.modules.loading: Loading module stock_account (45/51) 
2024-11-16 18:04:03,185 1380 INFO pharmacie2 odoo.modules.registry: module stock_account: creating or updating database tables 
2024-11-16 18:04:04,216 1380 INFO pharmacie2 odoo.modules.loading: loading stock_account/security/stock_account_security.xml 
2024-11-16 18:04:04,300 1380 INFO pharmacie2 odoo.modules.loading: loading stock_account/security/ir.model.access.csv 
2024-11-16 18:04:04,388 1380 INFO pharmacie2 odoo.modules.loading: loading stock_account/data/stock_account_data.xml 
2024-11-16 18:04:04,432 1380 INFO pharmacie2 odoo.modules.loading: loading stock_account/views/stock_account_views.xml 
2024-11-16 18:04:05,598 1380 INFO pharmacie2 odoo.modules.loading: loading stock_account/views/res_config_settings_views.xml 
2024-11-16 18:04:05,754 1380 INFO pharmacie2 odoo.modules.loading: loading stock_account/data/product_data.xml 
2024-11-16 18:04:05,847 1380 INFO pharmacie2 odoo.modules.loading: loading stock_account/views/report_invoice.xml 
2024-11-16 18:04:05,894 1380 INFO pharmacie2 odoo.modules.loading: loading stock_account/views/stock_valuation_layer_views.xml 
2024-11-16 18:04:06,087 1380 INFO pharmacie2 odoo.modules.loading: loading stock_account/views/stock_quant_views.xml 
2024-11-16 18:04:06,169 1380 INFO pharmacie2 odoo.modules.loading: loading stock_account/views/product_views.xml 
2024-11-16 18:04:06,295 1380 INFO pharmacie2 odoo.modules.loading: loading stock_account/wizard/stock_request_count.xml 
2024-11-16 18:04:06,323 1380 INFO pharmacie2 odoo.modules.loading: loading stock_account/wizard/stock_valuation_layer_revaluation_views.xml 
2024-11-16 18:04:06,354 1380 INFO pharmacie2 odoo.modules.loading: loading stock_account/wizard/stock_quantity_history.xml 
2024-11-16 18:04:06,390 1380 INFO pharmacie2 odoo.modules.loading: loading stock_account/report/report_stock_forecasted.xml 
2024-11-16 18:04:06,435 1380 INFO pharmacie2 odoo.addons.base.models.ir_module: module stock_account: loading translation file fr for language fr_FR 
2024-11-16 18:04:06,548 1380 INFO pharmacie2 odoo.modules.loading: Module stock_account loaded in 3.55s, 643 queries (+643 other) 
2024-11-16 18:04:06,548 1380 INFO pharmacie2 odoo.modules.loading: Loading module stock_sms (46/51) 
2024-11-16 18:04:06,688 1380 INFO pharmacie2 odoo.modules.registry: module stock_sms: creating or updating database tables 
2024-11-16 18:04:07,079 1380 INFO pharmacie2 odoo.modules.loading: loading stock_sms/data/sms_data.xml 
2024-11-16 18:04:07,155 1380 INFO pharmacie2 odoo.modules.loading: loading stock_sms/views/res_config_settings_views.xml 
2024-11-16 18:04:07,408 1380 INFO pharmacie2 odoo.modules.loading: loading stock_sms/wizard/confirm_stock_sms_views.xml 
2024-11-16 18:04:07,441 1380 INFO pharmacie2 odoo.modules.loading: loading stock_sms/security/ir.model.access.csv 
2024-11-16 18:04:07,473 1380 INFO pharmacie2 odoo.modules.loading: loading stock_sms/security/sms_security.xml 
2024-11-16 18:04:07,513 1380 INFO pharmacie2 odoo.addons.base.models.ir_module: module stock_sms: loading translation file fr for language fr_FR 
2024-11-16 18:04:07,649 1380 INFO pharmacie2 odoo.modules.loading: Module stock_sms loaded in 1.10s, 194 queries (+194 other) 
2024-11-16 18:04:07,650 1380 INFO pharmacie2 odoo.modules.loading: Loading module account_edi_ubl_cii (47/51) 
2024-11-16 18:04:07,786 1380 INFO pharmacie2 odoo.modules.registry: module account_edi_ubl_cii: creating or updating database tables 
2024-11-16 18:04:07,945 1380 INFO pharmacie2 odoo.modules.loading: loading account_edi_ubl_cii/data/account_edi_data.xml 
2024-11-16 18:04:08,060 1380 INFO pharmacie2 odoo.modules.loading: loading account_edi_ubl_cii/data/cii_22_templates.xml 
2024-11-16 18:04:08,167 1380 INFO pharmacie2 odoo.modules.loading: loading account_edi_ubl_cii/data/ubl_20_templates.xml 
2024-11-16 18:04:08,326 1380 INFO pharmacie2 odoo.modules.loading: loading account_edi_ubl_cii/data/ubl_21_templates.xml 
2024-11-16 18:04:08,400 1380 INFO pharmacie2 odoo.addons.base.models.ir_module: module account_edi_ubl_cii: loading translation file fr for language fr_FR 
2024-11-16 18:04:08,499 1380 INFO pharmacie2 odoo.modules.loading: Module account_edi_ubl_cii loaded in 0.85s, 190 queries (+190 other) 
2024-11-16 18:04:08,499 1380 INFO pharmacie2 odoo.modules.loading: Loading module account_payment_invoice_online_payment_patch (48/51) 
2024-11-16 18:04:08,690 1380 INFO pharmacie2 odoo.modules.registry: module account_payment_invoice_online_payment_patch: creating or updating database tables 
2024-11-16 18:04:08,863 1380 INFO pharmacie2 odoo.modules.loading: loading account_payment_invoice_online_payment_patch/data/ir_config_parameter.xml 
2024-11-16 18:04:08,887 1380 INFO pharmacie2 odoo.modules.loading: loading account_payment_invoice_online_payment_patch/views/account_portal_templates.xml 
2024-11-16 18:04:08,952 1380 INFO pharmacie2 odoo.modules.loading: loading account_payment_invoice_online_payment_patch/wizards/res_config_settings_views.xml 
2024-11-16 18:04:09,200 1380 INFO pharmacie2 odoo.addons.base.models.ir_module: module account_payment_invoice_online_payment_patch: loading translation file fr for language fr_FR 
2024-11-16 18:04:09,235 1380 INFO pharmacie2 odoo.modules.loading: Module account_payment_invoice_online_payment_patch loaded in 0.74s, 145 queries (+145 other) 
2024-11-16 18:04:09,235 1380 INFO pharmacie2 odoo.modules.loading: Loading module point_of_sale (49/51) 
2024-11-16 18:04:09,398 1380 INFO pharmacie2 odoo.modules.registry: module point_of_sale: creating or updating database tables 
2024-11-16 18:04:11,915 1380 INFO pharmacie2 odoo.modules.loading: loading point_of_sale/security/point_of_sale_security.xml 
2024-11-16 18:04:12,232 1380 INFO pharmacie2 odoo.modules.loading: loading point_of_sale/security/ir.model.access.csv 
2024-11-16 18:04:12,324 1380 INFO pharmacie2 odoo.modules.loading: loading point_of_sale/data/default_barcode_patterns.xml 
2024-11-16 18:04:12,354 1380 INFO pharmacie2 odoo.modules.loading: loading point_of_sale/data/digest_data.xml 
2024-11-16 18:04:12,372 1380 INFO pharmacie2 odoo.modules.loading: loading point_of_sale/wizard/pos_details.xml 
2024-11-16 18:04:12,394 1380 INFO pharmacie2 odoo.modules.loading: loading point_of_sale/wizard/pos_payment.xml 
2024-11-16 18:04:12,427 1380 INFO pharmacie2 odoo.modules.loading: loading point_of_sale/wizard/pos_close_session_wizard.xml 
2024-11-16 18:04:12,455 1380 INFO pharmacie2 odoo.modules.loading: loading point_of_sale/wizard/pos_session_check_product_wizard.xml 
2024-11-16 18:04:12,476 1380 INFO pharmacie2 odoo.modules.loading: loading point_of_sale/views/pos_assets_common.xml 
2024-11-16 18:04:12,494 1380 INFO pharmacie2 odoo.modules.loading: loading point_of_sale/views/pos_assets_index.xml 
2024-11-16 18:04:12,534 1380 INFO pharmacie2 odoo.modules.loading: loading point_of_sale/views/pos_assets_qunit.xml 
2024-11-16 18:04:12,595 1380 INFO pharmacie2 odoo.modules.loading: loading point_of_sale/views/point_of_sale_report.xml 
2024-11-16 18:04:12,626 1380 INFO pharmacie2 odoo.modules.loading: loading point_of_sale/views/point_of_sale_view.xml 
2024-11-16 18:04:12,823 1380 INFO pharmacie2 odoo.modules.loading: loading point_of_sale/views/pos_order_view.xml 
2024-11-16 18:04:13,115 1380 INFO pharmacie2 odoo.modules.loading: loading point_of_sale/views/pos_category_view.xml 
2024-11-16 18:04:13,190 1380 INFO pharmacie2 odoo.modules.loading: loading point_of_sale/views/product_view.xml 
2024-11-16 18:04:13,430 1380 INFO pharmacie2 odoo.modules.loading: loading point_of_sale/views/account_journal_view.xml 
2024-11-16 18:04:13,462 1380 INFO pharmacie2 odoo.modules.loading: loading point_of_sale/views/pos_payment_method_views.xml 
2024-11-16 18:04:13,539 1380 INFO pharmacie2 odoo.modules.loading: loading point_of_sale/views/pos_payment_views.xml 
2024-11-16 18:04:13,596 1380 INFO pharmacie2 odoo.modules.loading: loading point_of_sale/views/pos_config_view.xml 
2024-11-16 18:04:13,691 1380 INFO pharmacie2 odoo.modules.loading: loading point_of_sale/views/pos_bill_view.xml 
2024-11-16 18:04:13,748 1380 INFO pharmacie2 odoo.modules.loading: loading point_of_sale/views/pos_session_view.xml 
2024-11-16 18:04:13,844 1380 INFO pharmacie2 odoo.modules.loading: loading point_of_sale/views/point_of_sale_sequence.xml 
2024-11-16 18:04:13,870 1380 INFO pharmacie2 odoo.modules.loading: loading point_of_sale/data/point_of_sale_data.xml 
2024-11-16 18:04:15,007 1380 INFO pharmacie2 odoo.modules.loading: loading point_of_sale/views/pos_order_report_view.xml 
2024-11-16 18:04:15,104 1380 INFO pharmacie2 odoo.modules.loading: loading point_of_sale/views/account_statement_view.xml 
2024-11-16 18:04:15,149 1380 INFO pharmacie2 odoo.modules.loading: loading point_of_sale/views/digest_views.xml 
2024-11-16 18:04:15,176 1380 INFO pharmacie2 odoo.modules.loading: loading point_of_sale/views/res_partner_view.xml 
2024-11-16 18:04:15,274 1380 INFO pharmacie2 odoo.modules.loading: loading point_of_sale/views/report_userlabel.xml 
2024-11-16 18:04:15,308 1380 INFO pharmacie2 odoo.modules.loading: loading point_of_sale/views/report_saledetails.xml 
2024-11-16 18:04:15,345 1380 INFO pharmacie2 odoo.modules.loading: loading point_of_sale/views/point_of_sale_dashboard.xml 
2024-11-16 18:04:15,441 1380 INFO pharmacie2 odoo.modules.loading: loading point_of_sale/views/report_invoice.xml 
2024-11-16 18:04:15,478 1380 INFO pharmacie2 odoo.modules.loading: loading point_of_sale/views/res_config_settings_views.xml 
2024-11-16 18:04:15,599 1380 INFO pharmacie2 odoo.modules.loading: loading point_of_sale/views/pos_ticket_view.xml 
2024-11-16 18:04:15,634 1380 INFO pharmacie2 odoo.addons.base.models.ir_module: module point_of_sale: loading translation file fr for language fr_FR 
2024-11-16 18:04:16,137 1380 INFO pharmacie2 odoo.modules.loading: Module point_of_sale loaded in 6.90s, 2415 queries (+2415 other) 
2024-11-16 18:04:16,137 1380 INFO pharmacie2 odoo.modules.loading: Loading module spreadsheet_dashboard_stock_account (50/51) 
2024-11-16 18:04:16,311 1380 INFO pharmacie2 odoo.modules.loading: loading spreadsheet_dashboard_stock_account/data/dashboards.xml 
2024-11-16 18:04:16,427 1380 INFO pharmacie2 odoo.addons.base.models.ir_module: module spreadsheet_dashboard_stock_account: loading translation file fr for language fr_FR 
2024-11-16 18:04:16,440 1380 INFO pharmacie2 odoo.modules.loading: Module spreadsheet_dashboard_stock_account loaded in 0.30s, 26 queries (+26 other) 
2024-11-16 18:04:16,440 1380 INFO pharmacie2 odoo.modules.loading: Loading module pos_epson_printer (51/51) 
2024-11-16 18:04:16,585 1380 INFO pharmacie2 odoo.modules.registry: module pos_epson_printer: creating or updating database tables 
2024-11-16 18:04:16,778 1380 INFO pharmacie2 odoo.modules.loading: loading pos_epson_printer/views/pos_config_views.xml 
2024-11-16 18:04:16,812 1380 INFO pharmacie2 odoo.modules.loading: loading pos_epson_printer/views/res_config_settings_views.xml 
2024-11-16 18:04:16,898 1380 INFO pharmacie2 odoo.addons.base.models.ir_module: module pos_epson_printer: loading translation file fr for language fr_FR 
2024-11-16 18:04:16,925 1380 INFO pharmacie2 odoo.modules.loading: Module pos_epson_printer loaded in 0.49s, 92 queries (+92 other) 
2024-11-16 18:04:16,925 1380 INFO pharmacie2 odoo.modules.loading: 51 modules loaded in 86.24s, 27322 queries (+27326 extra) 
2024-11-16 18:04:16,927 1380 INFO pharmacie2 odoo.modules.loading: loading 52 modules... 
2024-11-16 18:04:16,927 1380 INFO pharmacie2 odoo.modules.loading: Loading module l10n_ma (42/52) 
2024-11-16 18:04:17,077 1380 INFO pharmacie2 odoo.modules.loading: loading l10n_ma/data/l10n_ma_chart_data.xml 
2024-11-16 18:04:23,192 1380 INFO pharmacie2 odoo.modules.loading: loading l10n_ma/data/account_tax_group_data.xml 
2024-11-16 18:04:23,258 1380 INFO pharmacie2 odoo.modules.loading: loading l10n_ma/data/account_tax_report_data.xml 
2024-11-16 18:04:23,782 1380 INFO pharmacie2 odoo.modules.loading: loading l10n_ma/data/account_tax_data.xml 
2024-11-16 18:04:23,944 1380 INFO pharmacie2 odoo.modules.loading: loading l10n_ma/data/account_chart_template_data.xml 
2024-11-16 18:04:27,136 1380 INFO pharmacie2 odoo.addons.base.models.ir_module: module l10n_ma: no translation for language fr 
2024-11-16 18:04:27,148 1380 INFO pharmacie2 odoo.modules.loading: Module l10n_ma loaded in 10.22s, 3650 queries (+3654 other) 
2024-11-16 18:04:27,148 1380 INFO pharmacie2 odoo.modules.loading: 52 modules loaded in 10.22s, 3650 queries (+3654 extra) 
2024-11-16 18:04:28,719 1380 INFO pharmacie2 odoo.modules.loading: Modules loaded. 
2024-11-16 18:04:28,777 1380 INFO pharmacie2 odoo.modules.registry: Registry loaded in 99.459s 
2024-11-16 18:04:28,779 1380 INFO pharmacie2 odoo.addons.base.models.ir_module: getting next ir.actions.todo() 
2024-11-16 18:04:28,788 1380 INFO pharmacie2 odoo.addons.base.models.ir_http: Generating routing map for key None 
2024-11-16 18:04:28,908 1380 INFO pharmacie2 odoo.addons.base.models.ir_http: Generating routing map for key None 
2024-11-16 18:04:28,938 1380 INFO pharmacie2 odoo.modules.registry: Registry changed, signaling through the database 
2024-11-16 18:04:29,161 1380 INFO pharmacie2 werkzeug: 127.0.0.1 - - [16/Nov/2024 18:04:29] "POST /web/webclient/version_info HTTP/1.1" 200 - 7 0.126 80.303
2024-11-16 18:04:29,161 1380 INFO pharmacie2 werkzeug: 127.0.0.1 - - [16/Nov/2024 18:04:29] "POST /web/webclient/version_info HTTP/1.1" 200 - 4 0.092 64.742
2024-11-16 18:04:29,161 1380 INFO pharmacie2 werkzeug: 127.0.0.1 - - [16/Nov/2024 18:04:29] "POST /web/webclient/version_info HTTP/1.1" 200 - 1 0.016 49.965
2024-11-16 18:04:29,162 1380 INFO pharmacie2 werkzeug: 127.0.0.1 - - [16/Nov/2024 18:04:29] "POST /web/dataset/call_button HTTP/1.1" 200 - 33044 49.367 50.877
2024-11-16 18:04:29,458 1380 INFO pharmacie2 odoo.addons.base.models.assetsbundle: Failed to find attachment for assets /web/assets/%-19b3b3b/web.assets_common.min.css 
2024-11-16 18:04:29,854 1380 INFO pharmacie2 odoo.addons.base.models.assetsbundle: Deleting ir.attachment [18] (from bundle web.assets_common) 
2024-11-16 18:04:30,889 1380 INFO pharmacie2 odoo.addons.base.models.assetsbundle: Failed to find attachment for assets /web/assets/%-bcb03de/web.assets_backend.min.css 
2024-11-16 18:04:38,557 1380 INFO pharmacie2 odoo.addons.base.models.assetsbundle: Deleting ir.attachment [19] (from bundle web.assets_backend) 
2024-11-16 18:04:38,825 1380 INFO pharmacie2 odoo.addons.base.models.assetsbundle: Failed to find attachment for assets /web/assets/%-19b3b3b/web.assets_common.min.js 
2024-11-16 18:04:39,634 1380 INFO pharmacie2 odoo.addons.base.models.assetsbundle: Deleting ir.attachment [20] (from bundle web.assets_common) 
2024-11-16 18:04:40,690 1380 INFO pharmacie2 odoo.addons.base.models.assetsbundle: Failed to find attachment for assets /web/assets/%-bcb03de/web.assets_backend.min.js 
2024-11-16 18:04:44,006 1380 INFO pharmacie2 odoo.addons.base.models.assetsbundle: Deleting ir.attachment [21] (from bundle web.assets_backend) 
2024-11-16 18:04:44,024 1380 INFO pharmacie2 odoo.addons.base.models.assetsbundle: Failed to find attachment for assets /web/assets/%-0627e5a/web.assets_backend_prod_only.min.js 
2024-11-16 18:04:44,039 1380 INFO pharmacie2 odoo.addons.base.models.assetsbundle: Deleting ir.attachment [22] (from bundle web.assets_backend_prod_only) 
2024-11-16 18:04:44,644 1380 INFO pharmacie2 odoo.modules.registry: At least one model cache has been invalidated, signaling through the database. 
2024-11-16 18:04:44,647 1380 INFO pharmacie2 werkzeug: 127.0.0.1 - - [16/Nov/2024 18:04:44] "GET /web HTTP/1.1" 200 - 168 0.332 44.607
2024-11-16 18:04:46,899 1380 INFO pharmacie2 werkzeug: 127.0.0.1 - - [16/Nov/2024 18:04:46] "GET /websocket HTTP/1.1" 101 - 6 0.031 0.035
2024-11-16 18:05:24,517 1380 INFO pharmacie2 odoo.addons.base.models.ir_cron: Starting job `Mail: Email Queue Manager`. 
2024-11-16 18:05:24,573 1380 INFO pharmacie2 odoo.addons.base.models.ir_cron: Job `Mail: Email Queue Manager` done. 
2024-11-16 18:05:24,646 1380 INFO pharmacie2 odoo.addons.base.models.ir_cron: Starting job `Notification: Delete Notifications older than 6 Month`. 
2024-11-16 18:05:24,706 1380 INFO pharmacie2 odoo.addons.base.models.ir_cron: Job `Notification: Delete Notifications older than 6 Month` done. 
2024-11-16 18:05:24,742 1380 INFO pharmacie2 odoo.addons.base.models.ir_cron: Starting job `Notification: Send scheduled message notifications`. 
2024-11-16 18:05:24,781 1380 INFO pharmacie2 odoo.addons.base.models.ir_cron: Job `Notification: Send scheduled message notifications` done. 
2024-11-16 18:05:24,795 1380 INFO pharmacie2 odoo.addons.base.models.ir_cron: Starting job `Users: Notify About Unregistered Users`. 
2024-11-16 18:05:24,817 1380 INFO pharmacie2 odoo.addons.base.models.ir_cron: Job `Users: Notify About Unregistered Users` done. 
2024-11-16 18:05:24,832 1380 INFO pharmacie2 odoo.addons.base.models.ir_cron: Starting job `Partner Autocomplete : Sync with remote DB`. 
2024-11-16 18:05:24,842 1380 INFO pharmacie2 odoo.addons.base.models.ir_cron: Job `Partner Autocomplete : Sync with remote DB` done. 
2024-11-16 18:05:24,858 1380 INFO pharmacie2 odoo.addons.base.models.ir_cron: Starting job `SMS: SMS Queue Manager`. 
2024-11-16 18:05:24,872 1380 INFO pharmacie2 odoo.addons.base.models.ir_cron: Job `SMS: SMS Queue Manager` done. 
2024-11-16 18:05:24,889 1380 INFO pharmacie2 odoo.addons.base.models.ir_cron: Starting job `Snailmail: process letters queue`. 
2024-11-16 18:05:24,906 1380 INFO pharmacie2 odoo.addons.base.models.ir_cron: Job `Snailmail: process letters queue` done. 
2024-11-16 18:05:24,922 1380 INFO pharmacie2 odoo.addons.base.models.ir_cron: Starting job `payment: post-process transactions`. 
2024-11-16 18:05:24,940 1380 INFO pharmacie2 odoo.addons.base.models.ir_cron: Job `payment: post-process transactions` done. 
2024-11-16 18:05:24,954 1380 INFO pharmacie2 odoo.addons.base.models.ir_cron: Starting job `Procurement: run scheduler`. 
2024-11-16 18:05:25,061 1380 INFO pharmacie2 odoo.addons.stock.models.stock_rule: _run_scheduler_tasks is finished and committed 
2024-11-16 18:05:25,074 1380 INFO pharmacie2 odoo.addons.base.models.ir_cron: Job `Procurement: run scheduler` done. 
2024-11-16 18:08:25,261 1380 INFO pharmacie odoo.addons.base.models.ir_cron: Starting job `payment: post-process transactions`. 
2024-11-16 18:08:25,316 1380 INFO pharmacie odoo.addons.base.models.ir_cron: Job `payment: post-process transactions` done. 
2024-11-16 18:12:58,090 1380 INFO pharmacie2 werkzeug: 127.0.0.1 - - [16/Nov/2024 18:12:58] "GET /web HTTP/1.1" 200 - 74 0.186 2.169
2024-11-16 18:12:58,243 1380 INFO pharmacie2 werkzeug: 127.0.0.1 - - [16/Nov/2024 18:12:58] "GET /web/assets/112-bcb03de/web.assets_backend.min.css HTTP/1.1" 200 - 4 0.016 0.032
2024-11-16 18:12:58,244 1380 INFO pharmacie2 werkzeug: 127.0.0.1 - - [16/Nov/2024 18:12:58] "GET /web/assets/111-19b3b3b/web.assets_common.min.css HTTP/1.1" 200 - 4 0.009 0.041
2024-11-16 18:12:58,259 1380 INFO pharmacie2 werkzeug: 127.0.0.1 - - [16/Nov/2024 18:12:58] "GET /web/assets/115-0627e5a/web.assets_backend_prod_only.min.js HTTP/1.1" 200 - 4 0.004 0.051
2024-11-16 18:12:58,412 1380 INFO pharmacie2 werkzeug: 127.0.0.1 - - [16/Nov/2024 18:12:58] "GET /web/assets/114-bcb03de/web.assets_backend.min.js HTTP/1.1" 200 - 4 0.012 0.204
2024-11-16 18:12:58,595 1380 INFO pharmacie2 werkzeug: 127.0.0.1 - - [16/Nov/2024 18:12:58] "GET /web/assets/113-19b3b3b/web.assets_common.min.js HTTP/1.1" 200 - 4 0.011 0.385
2024-11-16 18:12:58,642 1380 INFO pharmacie2 werkzeug: 127.0.0.1 - - [16/Nov/2024 18:12:58] "GET /web/webclient/load_menus/0d4ca6e06d64e0f8e427b431894eed63e7913da3d5772e940a1668d19820a136 HTTP/1.1" 200 - 2 0.008 0.028
2024-11-16 18:12:58,644 1380 INFO pharmacie2 werkzeug: 127.0.0.1 - - [16/Nov/2024 18:12:58] "GET /web/webclient/translations/8ccfe036ec339c97986cb1c6b6482dd33aa9e344?lang=fr_FR HTTP/1.1" 200 - 2 0.003 0.030
2024-11-16 18:12:59,287 1380 INFO ? werkzeug: 127.0.0.1 - - [16/Nov/2024 18:12:59] "GET /web/static/img/mobile-icons/android-192x192.png HTTP/1.1" 200 - 0 0.000 0.014
2024-11-16 18:12:59,288 1380 INFO ? werkzeug: 127.0.0.1 - - [16/Nov/2024 18:12:59] "GET /web/static/img/favicon.ico HTTP/1.1" 200 - 0 0.000 0.011
2024-11-16 18:12:59,573 1380 INFO pharmacie2 odoo.addons.partner_autocomplete.models.res_company: Starting enrich of company My Company (1) 
2024-11-16 18:12:59,695 1380 INFO pharmacie2 odoo.modules.registry: At least one model cache has been invalidated, signaling through the database. 
2024-11-16 18:12:59,698 1380 INFO pharmacie2 werkzeug: 127.0.0.1 - - [16/Nov/2024 18:12:59] "POST /web/dataset/call_kw/res.company/iap_enrich_auto HTTP/1.1" 200 - 19 0.123 0.065
2024-11-16 18:12:59,724 1380 INFO pharmacie2 werkzeug: 127.0.0.1 - - [16/Nov/2024 18:12:59] "POST /web/action/load HTTP/1.1" 200 - 18 0.073 0.023
2024-11-16 18:12:59,761 1380 INFO ? werkzeug: 127.0.0.1 - - [16/Nov/2024 18:12:59] "GET /mail/static/src/audio/ting.ogg HTTP/1.1" 200 - 0 0.000 0.024
2024-11-16 18:12:59,859 1380 INFO pharmacie2 werkzeug: 127.0.0.1 - - [16/Nov/2024 18:12:59] "POST /web/dataset/call_kw/res.users/systray_get_activities HTTP/1.1" 200 - 3 0.030 0.010
2024-11-16 18:12:59,915 1380 INFO pharmacie2 werkzeug: 127.0.0.1 - - [16/Nov/2024 18:12:59] "GET /web/image?model=res.users&field=avatar_128&id=2 HTTP/1.1" 200 - 15 0.046 0.021
2024-11-16 18:12:59,939 1380 INFO pharmacie2 werkzeug: 127.0.0.1 - - [16/Nov/2024 18:12:59] "GET /bus/websocket_worker_bundle?v=1.0.5 HTTP/1.1" 200 - 6 0.004 0.052
2024-11-16 18:12:59,978 1380 INFO pharmacie2 werkzeug: 127.0.0.1 - - [16/Nov/2024 18:12:59] "GET /websocket HTTP/1.1" 101 - 1 0.000 0.016
2024-11-16 18:13:00,077 1380 INFO pharmacie2 werkzeug: 127.0.0.1 - - [16/Nov/2024 18:13:00] "POST /web/dataset/call_kw/ir.module.module/get_views HTTP/1.1" 200 - 46 0.105 0.093
2024-11-16 18:13:00,228 1380 INFO pharmacie2 werkzeug: 127.0.0.1 - - [16/Nov/2024 18:13:00] "POST /mail/init_messaging HTTP/1.1" 200 - 98 0.238 0.262
2024-11-16 18:13:00,245 1380 INFO pharmacie2 werkzeug: 127.0.0.1 - - [16/Nov/2024 18:13:00] "POST /web/dataset/call_kw/ir.module.module/web_search_read HTTP/1.1" 200 - 4 0.012 0.126
2024-11-16 18:13:00,295 1380 INFO pharmacie2 werkzeug: 127.0.0.1 - - [16/Nov/2024 18:13:00] "POST /web/dataset/call_kw/ir.module.module/search_panel_select_range HTTP/1.1" 200 - 40 0.048 0.146
2024-11-16 18:13:00,300 1380 INFO pharmacie2 werkzeug: 127.0.0.1 - - [16/Nov/2024 18:13:00] "POST /mail/load_message_failures HTTP/1.1" 200 - 3 0.019 0.005
2024-11-16 18:13:00,556 1380 INFO ? werkzeug: 127.0.0.1 - - [16/Nov/2024 18:13:00] "GET /sale_management/static/description/icon.png HTTP/1.1" 200 - 0 0.000 0.017
2024-11-16 18:13:00,564 1380 INFO ? werkzeug: 127.0.0.1 - - [16/Nov/2024 18:13:00] "GET /crm/static/description/icon.png HTTP/1.1" 200 - 0 0.000 0.024
2024-11-16 18:13:00,565 1380 INFO ? werkzeug: 127.0.0.1 - - [16/Nov/2024 18:13:00] "GET /account/static/description/icon.png HTTP/1.1" 200 - 0 0.000 0.026
2024-11-16 18:13:00,565 1380 INFO ? werkzeug: 127.0.0.1 - - [16/Nov/2024 18:13:00] "GET /data_recycle/static/description/icon.png HTTP/1.1" 200 - 0 0.000 0.022
2024-11-16 18:13:00,576 1380 INFO ? werkzeug: 127.0.0.1 - - [16/Nov/2024 18:13:00] "GET /hr/static/description/icon.png HTTP/1.1" 200 - 0 0.000 0.034
2024-11-16 18:13:00,580 1380 INFO ? werkzeug: 127.0.0.1 - - [16/Nov/2024 18:13:00] "GET /base/static/img/icons/sign.png HTTP/1.1" 200 - 0 0.000 0.030
2024-11-16 18:13:00,585 1380 INFO ? werkzeug: 127.0.0.1 - - [16/Nov/2024 18:13:00] "GET /maintenance/static/description/icon.png HTTP/1.1" 200 - 0 0.000 0.041
2024-11-16 18:13:00,592 1380 INFO ? werkzeug: 127.0.0.1 - - [16/Nov/2024 18:13:00] "GET /base/static/img/icons/helpdesk.png HTTP/1.1" 200 - 0 0.000 0.038
2024-11-16 18:13:00,601 1380 INFO ? werkzeug: 127.0.0.1 - - [16/Nov/2024 18:13:00] "GET /base/static/img/icons/sale_subscription.png HTTP/1.1" 200 - 0 0.000 0.039
2024-11-16 18:13:00,605 1380 INFO ? werkzeug: 127.0.0.1 - - [16/Nov/2024 18:13:00] "GET /base/static/img/icons/quality_control.png HTTP/1.1" 200 - 0 0.000 0.031
2024-11-16 18:13:00,608 1380 INFO ? werkzeug: 127.0.0.1 - - [16/Nov/2024 18:13:00] "GET /base/static/img/icons/planning.png HTTP/1.1" 200 - 0 0.000 0.021
2024-11-16 18:13:00,610 1380 INFO ? werkzeug: 127.0.0.1 - - [16/Nov/2024 18:13:00] "GET /website_slides/static/description/icon.png HTTP/1.1" 200 - 0 0.000 0.033
2024-11-16 18:13:00,620 1380 INFO ? werkzeug: 127.0.0.1 - - [16/Nov/2024 18:13:00] "GET /website_event/static/description/icon.png HTTP/1.1" 200 - 0 0.000 0.027
2024-11-16 18:13:00,626 1380 INFO ? werkzeug: 127.0.0.1 - - [16/Nov/2024 18:13:00] "GET /contacts/static/description/icon.png HTTP/1.1" 200 - 0 0.000 0.023
2024-11-16 18:13:00,627 1380 INFO ? werkzeug: 127.0.0.1 - - [16/Nov/2024 18:13:00] "GET /mail/static/description/icon.png HTTP/1.1" 200 - 0 0.000 0.028
2024-11-16 18:13:00,634 1380 INFO ? werkzeug: 127.0.0.1 - - [16/Nov/2024 18:13:00] "GET /base/static/img/icons/mrp_plm.png HTTP/1.1" 200 - 0 0.000 0.021
2024-11-16 18:13:00,641 1380 INFO ? werkzeug: 127.0.0.1 - - [16/Nov/2024 18:13:00] "GET /calendar/static/description/icon.png HTTP/1.1" 200 - 0 0.000 0.026
2024-11-16 18:13:00,645 1380 INFO ? werkzeug: 127.0.0.1 - - [16/Nov/2024 18:13:00] "GET /base/static/img/icons/social.png HTTP/1.1" 200 - 0 0.000 0.022
2024-11-16 18:13:00,650 1380 INFO ? werkzeug: 127.0.0.1 - - [16/Nov/2024 18:13:00] "GET /base/static/img/icons/hr_appraisal.png HTTP/1.1" 200 - 0 0.000 0.022
2024-11-16 18:13:00,653 1380 INFO ? werkzeug: 127.0.0.1 - - [16/Nov/2024 18:13:00] "GET /base/static/img/icons/marketing_automation.png HTTP/1.1" 200 - 0 0.000 0.013
2024-11-16 18:13:00,661 1380 INFO ? werkzeug: 127.0.0.1 - - [16/Nov/2024 18:13:00] "GET /fleet/static/description/icon.png HTTP/1.1" 200 - 0 0.000 0.027
2024-11-16 18:13:00,662 1380 INFO ? werkzeug: 127.0.0.1 - - [16/Nov/2024 18:13:00] "GET /im_livechat/static/description/icon.png HTTP/1.1" 200 - 0 0.000 0.019
2024-11-16 18:13:00,669 1380 INFO ? werkzeug: 127.0.0.1 - - [16/Nov/2024 18:13:00] "GET /survey/static/description/icon.png HTTP/1.1" 200 - 0 0.000 0.021
2024-11-16 18:13:00,670 1380 INFO ? werkzeug: 127.0.0.1 - - [16/Nov/2024 18:13:00] "GET /base/static/img/icons/web_mobile.png HTTP/1.1" 200 - 0 0.000 0.015
2024-11-16 18:13:00,677 1380 INFO ? werkzeug: 127.0.0.1 - - [16/Nov/2024 18:13:00] "GET /repair/static/description/icon.png HTTP/1.1" 200 - 0 0.000 0.018
2024-11-16 18:13:00,680 1380 INFO ? werkzeug: 127.0.0.1 - - [16/Nov/2024 18:13:00] "GET /mass_mailing_sms/static/description/icon.png HTTP/1.1" 200 - 0 0.000 0.016
2024-11-16 18:13:00,684 1380 INFO ? werkzeug: 127.0.0.1 - - [16/Nov/2024 18:13:00] "GET /base/static/img/icons/stock_barcode.png HTTP/1.1" 200 - 0 0.000 0.013
2024-11-16 18:13:00,688 1380 INFO ? werkzeug: 127.0.0.1 - - [16/Nov/2024 18:13:00] "GET /note/static/description/icon.png HTTP/1.1" 200 - 0 0.000 0.014
2024-11-16 18:13:00,697 1380 INFO ? werkzeug: 127.0.0.1 - - [16/Nov/2024 18:13:00] "GET /hr_skills/static/description/icon.png HTTP/1.1" 200 - 0 0.000 0.018
2024-11-16 18:13:00,697 1380 INFO ? werkzeug: 127.0.0.1 - - [16/Nov/2024 18:13:00] "GET /base/static/img/icons/voip.png HTTP/1.1" 200 - 0 0.000 0.015
2024-11-16 18:13:00,705 1380 INFO ? werkzeug: 127.0.0.1 - - [16/Nov/2024 18:13:00] "GET /lunch/static/description/icon.png HTTP/1.1" 200 - 0 0.000 0.018
2024-11-16 18:13:00,709 1380 INFO ? werkzeug: 127.0.0.1 - - [16/Nov/2024 18:13:00] "GET /base/static/img/icons/sale_ebay.png HTTP/1.1" 200 - 0 0.000 0.013
2024-11-16 18:13:00,709 1380 INFO ? werkzeug: 127.0.0.1 - - [16/Nov/2024 18:13:00] "GET /website_hr_recruitment/static/description/icon.png HTTP/1.1" 200 - 0 0.000 0.017
2024-11-16 18:13:00,711 1380 INFO ? werkzeug: 127.0.0.1 - - [16/Nov/2024 18:13:00] "GET /hr_contract/static/description/icon.png HTTP/1.1" 200 - 0 0.000 0.010
2024-11-16 18:13:04,600 1380 INFO pharmacie2 werkzeug: 127.0.0.1 - - [16/Nov/2024 18:13:04] "POST /web/dataset/call_kw/ir.module.module/search_panel_select_range HTTP/1.1" 200 - 37 0.034 0.025
2024-11-16 18:13:04,624 1380 INFO pharmacie2 werkzeug: 127.0.0.1 - - [16/Nov/2024 18:13:04] "POST /web/dataset/call_kw/ir.module.module/web_search_read HTTP/1.1" 200 - 3 0.005 0.007
2024-11-16 18:13:10,175 1380 INFO pharmacie2 werkzeug: 127.0.0.1 - - [16/Nov/2024 18:13:10] "POST /web/action/load HTTP/1.1" 200 - 11 0.026 0.025
2024-11-16 18:13:10,328 1380 INFO pharmacie2 werkzeug: 127.0.0.1 - - [16/Nov/2024 18:13:10] "POST /web/dataset/call_kw/pos.config/get_views HTTP/1.1" 200 - 23 0.068 0.067
2024-11-16 18:13:10,476 1380 INFO pharmacie2 werkzeug: 127.0.0.1 - - [16/Nov/2024 18:13:10] "POST /web/dataset/call_kw/pos.config/web_search_read HTTP/1.1" 200 - 23 0.068 0.029
2024-11-16 18:13:14,766 1380 INFO pharmacie2 werkzeug: 127.0.0.1 - - [16/Nov/2024 18:13:14] "POST /web/action/load HTTP/1.1" 200 - 14 0.014 0.095
2024-11-16 18:13:15,008 1380 INFO pharmacie2 werkzeug: 127.0.0.1 - - [16/Nov/2024 18:13:15] "POST /web/dataset/call_kw/product.template/get_views HTTP/1.1" 200 - 70 0.086 0.137
2024-11-16 18:13:15,074 1380 INFO pharmacie2 werkzeug: 127.0.0.1 - - [16/Nov/2024 18:13:15] "POST /web/dataset/call_kw/product.template/web_search_read HTTP/1.1" 200 - 6 0.013 0.012
2024-11-16 18:13:15,350 1380 INFO ? werkzeug: 127.0.0.1 - - [16/Nov/2024 18:13:15] "GET /web/static/img/smiling_face.svg HTTP/1.1" 200 - 0 0.000 0.047
2024-11-16 18:13:15,402 1380 INFO pharmacie2 werkzeug: 127.0.0.1 - - [16/Nov/2024 18:13:15] "GET /web/image?model=product.template&field=image_128&id=2&unique=1731042795000 HTTP/1.1" 200 - 9 0.028 0.066
2024-11-16 18:13:15,403 1380 INFO pharmacie2 werkzeug: 127.0.0.1 - - [16/Nov/2024 18:13:15] "GET /web/image?model=product.template&field=image_128&id=1&unique=1732954395000 HTTP/1.1" 200 - 9 0.035 0.057
2024-11-16 18:13:15,406 1380 INFO pharmacie2 werkzeug: 127.0.0.1 - - [16/Nov/2024 18:13:15] "GET /web/image?model=product.template&field=image_128&id=4&unique=1734664395000 HTTP/1.1" 200 - 5 0.013 0.072
2024-11-16 18:13:15,408 1380 INFO pharmacie2 werkzeug: 127.0.0.1 - - [16/Nov/2024 18:13:15] "GET /web/image?model=product.template&field=image_128&id=3&unique=1730286795000 HTTP/1.1" 200 - 6 0.034 0.060
2024-11-16 18:13:15,414 1380 INFO pharmacie2 werkzeug: 127.0.0.1 - - [16/Nov/2024 18:13:15] "GET /web/image?model=product.template&field=image_128&id=5&unique=1735542795000 HTTP/1.1" 200 - 6 0.015 0.078
2024-11-16 18:13:15,422 1380 INFO pharmacie2 werkzeug: 127.0.0.1 - - [16/Nov/2024 18:13:15] "GET /web/image?model=product.template&field=image_128&id=6&unique=1728425595000 HTTP/1.1" 200 - 5 0.014 0.040
2024-11-16 18:13:15,472 1380 INFO pharmacie2 werkzeug: 127.0.0.1 - - [16/Nov/2024 18:13:15] "GET /web/image?model=product.template&field=image_128&id=7&unique=1731006795000 HTTP/1.1" 200 - 5 0.013 0.046
2024-11-16 18:13:15,479 1380 INFO pharmacie2 werkzeug: 127.0.0.1 - - [16/Nov/2024 18:13:15] "GET /web/image?model=product.template&field=image_128&id=8&unique=1731345195000 HTTP/1.1" 200 - 5 0.011 0.049
2024-11-16 18:13:15,480 1380 INFO pharmacie2 werkzeug: 127.0.0.1 - - [16/Nov/2024 18:13:15] "GET /web/image?model=product.template&field=image_128&id=9&unique=1734433995000 HTTP/1.1" 200 - 5 0.011 0.042
2024-11-16 18:13:15,480 1380 INFO pharmacie2 werkzeug: 127.0.0.1 - - [16/Nov/2024 18:13:15] "GET /web/image?model=product.template&field=image_128&id=10&unique=1730139195000 HTTP/1.1" 200 - 5 0.006 0.040
2024-11-16 18:13:19,328 1380 INFO pharmacie2 werkzeug: 127.0.0.1 - - [16/Nov/2024 18:13:19] "POST /web/action/load HTTP/1.1" 200 - 12 0.029 0.022
2024-11-16 18:13:19,459 1380 INFO pharmacie2 werkzeug: 127.0.0.1 - - [16/Nov/2024 18:13:19] "POST /web/dataset/call_kw/pos.order/get_views HTTP/1.1" 200 - 28 0.030 0.086
2024-11-16 18:13:19,519 1380 INFO pharmacie2 werkzeug: 127.0.0.1 - - [16/Nov/2024 18:13:19] "POST /web/dataset/call_kw/res.users/has_group HTTP/1.1" 200 - 2 0.002 0.011
2024-11-16 18:13:19,538 1380 INFO pharmacie2 werkzeug: 127.0.0.1 - - [16/Nov/2024 18:13:19] "POST /web/dataset/call_kw/pos.order/web_search_read HTTP/1.1" 200 - 6 0.022 0.014
2024-11-16 18:13:19,744 1380 INFO ? werkzeug: 127.0.0.1 - - [16/Nov/2024 18:13:19] "GET /web/static/img/empty_folder.svg HTTP/1.1" 200 - 0 0.000 0.031
2024-11-16 18:13:19,890 1380 INFO pharmacie2 werkzeug: 127.0.0.1 - - [16/Nov/2024 18:13:19] "GET /web/image/res.users/2/avatar_128 HTTP/1.1" 200 - 8 0.031 0.032
2024-11-16 18:13:19,895 1380 INFO pharmacie2 werkzeug: 127.0.0.1 - - [16/Nov/2024 18:13:19] "GET /web/image/res.users/1/avatar_128 HTTP/1.1" 200 - 9 0.050 0.027
2024-11-16 18:13:19,967 1380 INFO pharmacie2 werkzeug: 127.0.0.1 - - [16/Nov/2024 18:13:19] "GET /web/image/res.users/5/avatar_128 HTTP/1.1" 200 - 8 0.047 0.090
2024-11-16 18:13:19,967 1380 INFO pharmacie2 werkzeug: 127.0.0.1 - - [16/Nov/2024 18:13:19] "GET /web/image/res.users/4/avatar_128 HTTP/1.1" 200 - 8 0.042 0.102
2024-11-16 18:13:36,342 1380 INFO pharmacie2 odoo.addons.base.models.ir_cron: Starting job `payment: post-process transactions`. 
2024-11-16 18:13:36,354 1380 INFO pharmacie2 odoo.addons.base.models.ir_cron: Job `payment: post-process transactions` done. 
2024-11-16 18:18:25,478 1380 INFO pharmacie odoo.addons.base.models.ir_cron: Starting job `payment: post-process transactions`. 
2024-11-16 18:18:25,510 1380 INFO pharmacie odoo.addons.base.models.ir_cron: Job `payment: post-process transactions` done. 
2024-11-16 18:23:46,653 1380 INFO pharmacie2 odoo.addons.base.models.ir_cron: Starting job `payment: post-process transactions`. 
2024-11-16 18:23:46,668 1380 INFO pharmacie2 odoo.addons.base.models.ir_cron: Job `payment: post-process transactions` done. 
2024-11-16 18:27:50,826 1380 INFO pharmacie odoo.addons.base.models.ir_cron: Starting job `payment: post-process transactions`. 
2024-11-16 18:27:50,871 1380 INFO pharmacie odoo.addons.base.models.ir_cron: Job `payment: post-process transactions` done. 
2024-11-16 18:33:57,113 1380 INFO pharmacie2 odoo.addons.base.models.ir_cron: Starting job `payment: post-process transactions`. 
2024-11-16 18:33:57,132 1380 INFO pharmacie2 odoo.addons.base.models.ir_cron: Job `payment: post-process transactions` done. 
2024-11-16 18:38:01,304 1380 INFO pharmacie odoo.addons.base.models.ir_cron: Starting job `payment: post-process transactions`. 
2024-11-16 18:38:01,328 1380 INFO pharmacie odoo.addons.base.models.ir_cron: Job `payment: post-process transactions` done. 
2024-11-16 18:38:01,338 1380 INFO pharmacie odoo.addons.base.models.ir_cron: Starting job `Notification: Send scheduled message notifications`. 
2024-11-16 18:38:01,344 1380 INFO pharmacie odoo.addons.base.models.ir_cron: Job `Notification: Send scheduled message notifications` done. 
2024-11-16 18:38:01,356 1380 INFO pharmacie odoo.addons.base.models.ir_cron: Starting job `Partner Autocomplete : Sync with remote DB`. 
2024-11-16 18:38:01,365 1380 INFO pharmacie odoo.addons.base.models.ir_cron: Job `Partner Autocomplete : Sync with remote DB` done. 
2024-11-16 18:38:01,378 1380 INFO pharmacie odoo.addons.base.models.ir_cron: Starting job `SMS: SMS Queue Manager`. 
2024-11-16 18:38:01,389 1380 INFO pharmacie odoo.addons.base.models.ir_cron: Job `SMS: SMS Queue Manager` done. 
2024-11-16 18:38:01,398 1380 INFO pharmacie odoo.addons.base.models.ir_cron: Starting job `Snailmail: process letters queue`. 
2024-11-16 18:38:01,405 1380 INFO pharmacie odoo.addons.base.models.ir_cron: Job `Snailmail: process letters queue` done. 
2024-11-16 18:38:01,413 1380 INFO pharmacie odoo.addons.base.models.ir_cron: Starting job `Mail: Email Queue Manager`. 
2024-11-16 18:38:05,472 1380 INFO pharmacie odoo.addons.base.models.ir_cron: Job `Mail: Email Queue Manager` done. 
2024-11-16 18:40:10,189 1380 INFO ? werkzeug: 127.0.0.1 - - [16/Nov/2024 18:40:10] "GET /web HTTP/1.1" 303 - 2 0.021 0.138
